@__swiftmacro_15TennerGridTests0020CellTestsswift_odAJdfMX11_8_6expectfMf_.swift:1:51: warning: main actor-isolated conformance of 'CellPosition' to 'Equatable' cannot be used in nonisolated context; this is an error in the Swift 6 language mode
Testing.__checkBinaryOperation(cell.position,{ $0 == $1() },position,expression: .__fromBinaryOperation(.__fromSyntaxNode("cell.position"),"==",.__fromSyntaxNode("position")),comments: [],isRequired: false,sourceLocation: Testing.SourceLocation.__here()).__expected()
                                                  ^
/Users/einar/Sites/utvikler-einar-hansen/TennerGrid/TennerGridTests/Models/CellTests.swift:12:9: note: in expansion of macro 'expect' here
        #expect(cell.position == position)
        ^~~~~~~~~~~~~~~~~~~~~~~~~~~~~~~~~~
/Users/einar/Sites/utvikler-einar-hansen/TennerGrid/TennerGridTests/Models/CellTests.swift:12:9: note: in expansion of macro 'expect' here
        #expect(cell.position == position)
        ^~~~~~~~~~~~~~~~~~~~~~~~~~~~~~~~~~
@__swiftmacro_15TennerGridTests0020CellTestsswift_odAJdfMX37_8_6expectfMf_.swift:1:51: warning: main actor-isolated conformance of 'CellPosition' to 'Equatable' cannot be used in nonisolated context; this is an error in the Swift 6 language mode
Testing.__checkBinaryOperation(cell.position,{ $0 == $1() },position,expression: .__fromBinaryOperation(.__fromSyntaxNode("cell.position"),"==",.__fromSyntaxNode("position")),comments: [],isRequired: false,sourceLocation: Testing.SourceLocation.__here()).__expected()
                                                  ^
/Users/einar/Sites/utvikler-einar-hansen/TennerGrid/TennerGridTests/Models/CellTests.swift:38:9: note: in expansion of macro 'expect' here
        #expect(cell.position == position)
        ^~~~~~~~~~~~~~~~~~~~~~~~~~~~~~~~~~
/Users/einar/Sites/utvikler-einar-hansen/TennerGrid/TennerGridTests/Models/CellTests.swift:38:9: note: in expansion of macro 'expect' here
        #expect(cell.position == position)
        ^~~~~~~~~~~~~~~~~~~~~~~~~~~~~~~~~~
@__swiftmacro_15TennerGridTests0020CellTestsswift_odAJdfMX54_8_6expectfMf_.swift:1:51: warning: main actor-isolated conformance of 'CellPosition' to 'Equatable' cannot be used in nonisolated context; this is an error in the Swift 6 language mode
Testing.__checkBinaryOperation(cell.position,{ $0 == $1() },position,expression: .__fromBinaryOperation(.__fromSyntaxNode("cell.position"),"==",.__fromSyntaxNode("position")),comments: [],isRequired: false,sourceLocation: Testing.SourceLocation.__here()).__expected()
                                                  ^
/Users/einar/Sites/utvikler-einar-hansen/TennerGrid/TennerGridTests/Models/CellTests.swift:55:9: note: in expansion of macro 'expect' here
        #expect(cell.position == position)
        ^~~~~~~~~~~~~~~~~~~~~~~~~~~~~~~~~~
/Users/einar/Sites/utvikler-einar-hansen/TennerGrid/TennerGridTests/Models/CellTests.swift:55:9: note: in expansion of macro 'expect' here
        #expect(cell.position == position)
        ^~~~~~~~~~~~~~~~~~~~~~~~~~~~~~~~~~
@__swiftmacro_15TennerGridTests0020CellTestsswift_odAJdfMX64_8_6expectfMf_.swift:1:51: warning: main actor-isolated conformance of 'CellPosition' to 'Equatable' cannot be used in nonisolated context; this is an error in the Swift 6 language mode
Testing.__checkBinaryOperation(cell.position,{ $0 == $1() },position,expression: .__fromBinaryOperation(.__fromSyntaxNode("cell.position"),"==",.__fromSyntaxNode("position")),comments: [],isRequired: false,sourceLocation: Testing.SourceLocation.__here()).__expected()
                                                  ^
/Users/einar/Sites/utvikler-einar-hansen/TennerGrid/TennerGridTests/Models/CellTests.swift:65:9: note: in expansion of macro 'expect' here
        #expect(cell.position == position)
        ^~~~~~~~~~~~~~~~~~~~~~~~~~~~~~~~~~
/Users/einar/Sites/utvikler-einar-hansen/TennerGrid/TennerGridTests/Models/CellTests.swift:65:9: note: in expansion of macro 'expect' here
        #expect(cell.position == position)
        ^~~~~~~~~~~~~~~~~~~~~~~~~~~~~~~~~~
@__swiftmacro_15TennerGridTests0020CellTestsswift_odAJdfMX118_8_6expectfMf1_.swift:1:54: warning: main actor-isolated conformance of 'CellPosition' to 'Equatable' cannot be used in nonisolated context; this is an error in the Swift 6 language mode
Testing.__checkBinaryOperation(updated.position,{ $0 == $1() },position,expression: .__fromBinaryOperation(.__fromSyntaxNode("updated.position"),"==",.__fromSyntaxNode("position")),comments: [],isRequired: false,sourceLocation: Testing.SourceLocation.__here()).__expected()
                                                     ^
/Users/einar/Sites/utvikler-einar-hansen/TennerGrid/TennerGridTests/Models/CellTests.swift:119:9: note: in expansion of macro 'expect' here
        #expect(updated.position == position)
        ^~~~~~~~~~~~~~~~~~~~~~~~~~~~~~~~~~~~~
/Users/einar/Sites/utvikler-einar-hansen/TennerGrid/TennerGridTests/Models/CellTests.swift:119:9: note: in expansion of macro 'expect' here
        #expect(updated.position == position)
        ^~~~~~~~~~~~~~~~~~~~~~~~~~~~~~~~~~~~~
@__swiftmacro_15TennerGridTests0020CellTestsswift_odAJdfMX258_8_6expectfMf1_.swift:1:54: warning: main actor-isolated conformance of 'CellPosition' to 'Equatable' cannot be used in nonisolated context; this is an error in the Swift 6 language mode
Testing.__checkBinaryOperation(cleared.position,{ $0 == $1() },position,expression: .__fromBinaryOperation(.__fromSyntaxNode("cleared.position"),"==",.__fromSyntaxNode("position")),comments: [],isRequired: false,sourceLocation: Testing.SourceLocation.__here()).__expected()
                                                     ^
/Users/einar/Sites/utvikler-einar-hansen/TennerGrid/TennerGridTests/Models/CellTests.swift:259:9: note: in expansion of macro 'expect' here
        #expect(cleared.position == position)
        ^~~~~~~~~~~~~~~~~~~~~~~~~~~~~~~~~~~~~
/Users/einar/Sites/utvikler-einar-hansen/TennerGrid/TennerGridTests/Models/CellTests.swift:259:9: note: in expansion of macro 'expect' here
        #expect(cleared.position == position)
        ^~~~~~~~~~~~~~~~~~~~~~~~~~~~~~~~~~~~~
@__swiftmacro_15TennerGridTests0020CellTestsswift_odAJdfMX274_8_6expectfMf1_.swift:1:45: warning: main actor-isolated conformance of 'Cell' to 'Equatable' cannot be used in nonisolated context; this is an error in the Swift 6 language mode
Testing.__checkBinaryOperation(cleared,{ $0 == $1() },original,expression: .__fromBinaryOperation(.__fromSyntaxNode("cleared"),"==",.__fromSyntaxNode("original")),comments: [],isRequired: false,sourceLocation: Testing.SourceLocation.__here()).__expected()
                                            ^
/Users/einar/Sites/utvikler-einar-hansen/TennerGrid/TennerGridTests/Models/CellTests.swift:275:9: note: in expansion of macro 'expect' here
        #expect(cleared == original)
        ^~~~~~~~~~~~~~~~~~~~~~~~~~~~
/Users/einar/Sites/utvikler-einar-hansen/TennerGrid/TennerGridTests/Models/CellTests.swift:275:9: note: in expansion of macro 'expect' here
        #expect(cleared == original)
        ^~~~~~~~~~~~~~~~~~~~~~~~~~~~
@__swiftmacro_15TennerGridTests0020CellTestsswift_odAJdfMX287_8_6expectfMf_.swift:1:43: warning: main actor-isolated conformance of 'Cell' to 'Equatable' cannot be used in nonisolated context; this is an error in the Swift 6 language mode
Testing.__checkBinaryOperation(cell1,{ $0 == $1() },cell2,expression: .__fromBinaryOperation(.__fromSyntaxNode("cell1"),"==",.__fromSyntaxNode("cell2")),comments: [],isRequired: false,sourceLocation: Testing.SourceLocation.__here()).__expected()
                                          ^
/Users/einar/Sites/utvikler-einar-hansen/TennerGrid/TennerGridTests/Models/CellTests.swift:288:9: note: in expansion of macro 'expect' here
        #expect(cell1 == cell2)
        ^~~~~~~~~~~~~~~~~~~~~~~
/Users/einar/Sites/utvikler-einar-hansen/TennerGrid/TennerGridTests/Models/CellTests.swift:288:9: note: in expansion of macro 'expect' here
        #expect(cell1 == cell2)
        ^~~~~~~~~~~~~~~~~~~~~~~
@__swiftmacro_15TennerGridTests0020CellTestsswift_odAJdfMX288_8_6expectfMf0_.swift:1:43: warning: main actor-isolated conformance of 'Cell' to 'Equatable' cannot be used in nonisolated context; this is an error in the Swift 6 language mode
Testing.__checkBinaryOperation(cell1,{ $0 != $1() },cell3,expression: .__fromBinaryOperation(.__fromSyntaxNode("cell1"),"!=",.__fromSyntaxNode("cell3")),comments: [],isRequired: false,sourceLocation: Testing.SourceLocation.__here()).__expected()
                                          ^
/Users/einar/Sites/utvikler-einar-hansen/TennerGrid/TennerGridTests/Models/CellTests.swift:289:9: note: in expansion of macro 'expect' here
        #expect(cell1 != cell3)
        ^~~~~~~~~~~~~~~~~~~~~~~
/Users/einar/Sites/utvikler-einar-hansen/TennerGrid/TennerGridTests/Models/CellTests.swift:289:9: note: in expansion of macro 'expect' here
        #expect(cell1 != cell3)
        ^~~~~~~~~~~~~~~~~~~~~~~
@__swiftmacro_15TennerGridTests0020CellTestsswift_odAJdfMX289_8_6expectfMf1_.swift:1:43: warning: main actor-isolated conformance of 'Cell' to 'Equatable' cannot be used in nonisolated context; this is an error in the Swift 6 language mode
Testing.__checkBinaryOperation(cell1,{ $0 != $1() },cell4,expression: .__fromBinaryOperation(.__fromSyntaxNode("cell1"),"!=",.__fromSyntaxNode("cell4")),comments: [],isRequired: false,sourceLocation: Testing.SourceLocation.__here()).__expected()
                                          ^
/Users/einar/Sites/utvikler-einar-hansen/TennerGrid/TennerGridTests/Models/CellTests.swift:290:9: note: in expansion of macro 'expect' here
        #expect(cell1 != cell4)
        ^~~~~~~~~~~~~~~~~~~~~~~
/Users/einar/Sites/utvikler-einar-hansen/TennerGrid/TennerGridTests/Models/CellTests.swift:290:9: note: in expansion of macro 'expect' here
        #expect(cell1 != cell4)
        ^~~~~~~~~~~~~~~~~~~~~~~
@__swiftmacro_15TennerGridTests0020CellTestsswift_odAJdfMX299_8_6expectfMf_.swift:1:43: warning: main actor-isolated conformance of 'Cell' to 'Equatable' cannot be used in nonisolated context; this is an error in the Swift 6 language mode
Testing.__checkBinaryOperation(cell1,{ $0 == $1() },cell2,expression: .__fromBinaryOperation(.__fromSyntaxNode("cell1"),"==",.__fromSyntaxNode("cell2")),comments: [],isRequired: false,sourceLocation: Testing.SourceLocation.__here()).__expected()
                                          ^
/Users/einar/Sites/utvikler-einar-hansen/TennerGrid/TennerGridTests/Models/CellTests.swift:300:9: note: in expansion of macro 'expect' here
        #expect(cell1 == cell2) // Sets are order-independent
        ^~~~~~~~~~~~~~~~~~~~~~~
/Users/einar/Sites/utvikler-einar-hansen/TennerGrid/TennerGridTests/Models/CellTests.swift:300:9: note: in expansion of macro 'expect' here
        #expect(cell1 == cell2) // Sets are order-independent
        ^~~~~~~~~~~~~~~~~~~~~~~
@__swiftmacro_15TennerGridTests0020CellTestsswift_odAJdfMX300_8_6expectfMf0_.swift:1:43: warning: main actor-isolated conformance of 'Cell' to 'Equatable' cannot be used in nonisolated context; this is an error in the Swift 6 language mode
Testing.__checkBinaryOperation(cell1,{ $0 != $1() },cell3,expression: .__fromBinaryOperation(.__fromSyntaxNode("cell1"),"!=",.__fromSyntaxNode("cell3")),comments: [],isRequired: false,sourceLocation: Testing.SourceLocation.__here()).__expected()
                                          ^
/Users/einar/Sites/utvikler-einar-hansen/TennerGrid/TennerGridTests/Models/CellTests.swift:301:9: note: in expansion of macro 'expect' here
        #expect(cell1 != cell3)
        ^~~~~~~~~~~~~~~~~~~~~~~
/Users/einar/Sites/utvikler-einar-hansen/TennerGrid/TennerGridTests/Models/CellTests.swift:301:9: note: in expansion of macro 'expect' here
        #expect(cell1 != cell3)
        ^~~~~~~~~~~~~~~~~~~~~~~
/Users/einar/Sites/utvikler-einar-hansen/TennerGrid/TennerGridTests/Models/CellTests.swift:313:30: warning: main actor-isolated conformance of 'Cell' to 'Hashable' cannot be used in nonisolated context; this is an error in the Swift 6 language mode
        let set: Set<Cell> = [cell1, cell2, cell3]
                             ^
@__swiftmacro_15TennerGridTests0020CellTestsswift_odAJdfMX313_8_6expectfMf_.swift:1:36: warning: main actor-isolated conformance of 'Cell' to 'Hashable' cannot be used in nonisolated context; this is an error in the Swift 6 language mode
Testing.__checkBinaryOperation(set.count,{ $0 == $1() },2,expression: .__fromBinaryOperation(.__fromSyntaxNode("set.count"),"==",.__fromSyntaxNode("2")),comments: [],isRequired: false,sourceLocation: Testing.SourceLocation.__here()).__expected()
                                   ^
/Users/einar/Sites/utvikler-einar-hansen/TennerGrid/TennerGridTests/Models/CellTests.swift:314:9: note: in expansion of macro 'expect' here
        #expect(set.count == 2) // cell1 and cell2 should be the same
        ^~~~~~~~~~~~~~~~~~~~~~~
/Users/einar/Sites/utvikler-einar-hansen/TennerGrid/TennerGridTests/Models/CellTests.swift:314:9: note: in expansion of macro 'expect' here
        #expect(set.count == 2) // cell1 and cell2 should be the same
        ^~~~~~~~~~~~~~~~~~~~~~~
/Users/einar/Sites/utvikler-einar-hansen/TennerGrid/TennerGridTests/Models/CellTests.swift:379:32: warning: main actor-isolated conformance of 'Cell' to 'Encodable' cannot be used in nonisolated context; this is an error in the Swift 6 language mode
        let data = try encoder.encode(cell)
                               ^
/Users/einar/Sites/utvikler-einar-hansen/TennerGrid/TennerGridTests/Models/CellTests.swift:403:32: warning: main actor-isolated conformance of 'Cell' to 'Decodable' cannot be used in nonisolated context; this is an error in the Swift 6 language mode
        let cell = try decoder.decode(Cell.self, from: data)
                               ^
@__swiftmacro_15TennerGridTests0020CellTestsswift_odAJdfMX404_8_6expectfMf_.swift:1:51: warning: main actor-isolated conformance of 'CellPosition' to 'Equatable' cannot be used in nonisolated context; this is an error in the Swift 6 language mode
Testing.__checkBinaryOperation(cell.position,{ $0 == $1() },CellPosition(row: 1, column: 2),expression: .__fromBinaryOperation(.__fromSyntaxNode("cell.position"),"==",.__fromSyntaxNode("CellPosition(row: 1, column: 2)")),comments: [],isRequired: false,sourceLocation: Testing.SourceLocation.__here()).__expected()
                                                  ^
/Users/einar/Sites/utvikler-einar-hansen/TennerGrid/TennerGridTests/Models/CellTests.swift:405:9: note: in expansion of macro 'expect' here
        #expect(cell.position == CellPosition(row: 1, column: 2))
        ^~~~~~~~~~~~~~~~~~~~~~~~~~~~~~~~~~~~~~~~~~~~~~~~~~~~~~~~~
/Users/einar/Sites/utvikler-einar-hansen/TennerGrid/TennerGridTests/Models/CellTests.swift:405:9: note: in expansion of macro 'expect' here
        #expect(cell.position == CellPosition(row: 1, column: 2))
        ^~~~~~~~~~~~~~~~~~~~~~~~~~~~~~~~~~~~~~~~~~~~~~~~~~~~~~~~~
/Users/einar/Sites/utvikler-einar-hansen/TennerGrid/TennerGridTests/Models/CellTests.swift:428:32: warning: main actor-isolated conformance of 'Cell' to 'Encodable' cannot be used in nonisolated context; this is an error in the Swift 6 language mode
        let data = try encoder.encode(original)
                               ^
/Users/einar/Sites/utvikler-einar-hansen/TennerGrid/TennerGridTests/Models/CellTests.swift:429:35: warning: main actor-isolated conformance of 'Cell' to 'Decodable' cannot be used in nonisolated context; this is an error in the Swift 6 language mode
        let decoded = try decoder.decode(Cell.self, from: data)
                                  ^
@__swiftmacro_15TennerGridTests0020CellTestsswift_odAJdfMX430_8_6expectfMf_.swift:1:45: warning: main actor-isolated conformance of 'Cell' to 'Equatable' cannot be used in nonisolated context; this is an error in the Swift 6 language mode
Testing.__checkBinaryOperation(decoded,{ $0 == $1() },original,expression: .__fromBinaryOperation(.__fromSyntaxNode("decoded"),"==",.__fromSyntaxNode("original")),comments: [],isRequired: false,sourceLocation: Testing.SourceLocation.__here()).__expected()
                                            ^
/Users/einar/Sites/utvikler-einar-hansen/TennerGrid/TennerGridTests/Models/CellTests.swift:431:9: note: in expansion of macro 'expect' here
        #expect(decoded == original)
        ^~~~~~~~~~~~~~~~~~~~~~~~~~~~
/Users/einar/Sites/utvikler-einar-hansen/TennerGrid/TennerGridTests/Models/CellTests.swift:431:9: note: in expansion of macro 'expect' here
        #expect(decoded == original)
        ^~~~~~~~~~~~~~~~~~~~~~~~~~~~
@__swiftmacro_15TennerGridTests0020CellTestsswift_odAJdfMX11_8_6expectfMf_.swift:1:51: warning: main actor-isolated conformance of 'CellPosition' to 'Equatable' cannot be used in nonisolated context; this is an error in the Swift 6 language mode
Testing.__checkBinaryOperation(cell.position,{ $0 == $1() },position,expression: .__fromBinaryOperation(.__fromSyntaxNode("cell.position"),"==",.__fromSyntaxNode("position")),comments: [],isRequired: false,sourceLocation: Testing.SourceLocation.__here()).__expected()
                                                  ^
/Users/einar/Sites/utvikler-einar-hansen/TennerGrid/TennerGridTests/Models/CellTests.swift:12:9: note: in expansion of macro 'expect' here
        #expect(cell.position == position)
        ^~~~~~~~~~~~~~~~~~~~~~~~~~~~~~~~~~
/Users/einar/Sites/utvikler-einar-hansen/TennerGrid/TennerGridTests/Models/CellTests.swift:12:9: note: in expansion of macro 'expect' here
        #expect(cell.position == position)
        ^~~~~~~~~~~~~~~~~~~~~~~~~~~~~~~~~~
@__swiftmacro_15TennerGridTests0020CellTestsswift_odAJdfMX37_8_6expectfMf_.swift:1:51: warning: main actor-isolated conformance of 'CellPosition' to 'Equatable' cannot be used in nonisolated context; this is an error in the Swift 6 language mode
Testing.__checkBinaryOperation(cell.position,{ $0 == $1() },position,expression: .__fromBinaryOperation(.__fromSyntaxNode("cell.position"),"==",.__fromSyntaxNode("position")),comments: [],isRequired: false,sourceLocation: Testing.SourceLocation.__here()).__expected()
                                                  ^
/Users/einar/Sites/utvikler-einar-hansen/TennerGrid/TennerGridTests/Models/CellTests.swift:38:9: note: in expansion of macro 'expect' here
        #expect(cell.position == position)
        ^~~~~~~~~~~~~~~~~~~~~~~~~~~~~~~~~~
/Users/einar/Sites/utvikler-einar-hansen/TennerGrid/TennerGridTests/Models/CellTests.swift:38:9: note: in expansion of macro 'expect' here
        #expect(cell.position == position)
        ^~~~~~~~~~~~~~~~~~~~~~~~~~~~~~~~~~
@__swiftmacro_15TennerGridTests0020CellTestsswift_odAJdfMX54_8_6expectfMf_.swift:1:51: warning: main actor-isolated conformance of 'CellPosition' to 'Equatable' cannot be used in nonisolated context; this is an error in the Swift 6 language mode
Testing.__checkBinaryOperation(cell.position,{ $0 == $1() },position,expression: .__fromBinaryOperation(.__fromSyntaxNode("cell.position"),"==",.__fromSyntaxNode("position")),comments: [],isRequired: false,sourceLocation: Testing.SourceLocation.__here()).__expected()
                                                  ^
/Users/einar/Sites/utvikler-einar-hansen/TennerGrid/TennerGridTests/Models/CellTests.swift:55:9: note: in expansion of macro 'expect' here
        #expect(cell.position == position)
        ^~~~~~~~~~~~~~~~~~~~~~~~~~~~~~~~~~
/Users/einar/Sites/utvikler-einar-hansen/TennerGrid/TennerGridTests/Models/CellTests.swift:55:9: note: in expansion of macro 'expect' here
        #expect(cell.position == position)
        ^~~~~~~~~~~~~~~~~~~~~~~~~~~~~~~~~~
@__swiftmacro_15TennerGridTests0020CellTestsswift_odAJdfMX64_8_6expectfMf_.swift:1:51: warning: main actor-isolated conformance of 'CellPosition' to 'Equatable' cannot be used in nonisolated context; this is an error in the Swift 6 language mode
Testing.__checkBinaryOperation(cell.position,{ $0 == $1() },position,expression: .__fromBinaryOperation(.__fromSyntaxNode("cell.position"),"==",.__fromSyntaxNode("position")),comments: [],isRequired: false,sourceLocation: Testing.SourceLocation.__here()).__expected()
                                                  ^
/Users/einar/Sites/utvikler-einar-hansen/TennerGrid/TennerGridTests/Models/CellTests.swift:65:9: note: in expansion of macro 'expect' here
        #expect(cell.position == position)
        ^~~~~~~~~~~~~~~~~~~~~~~~~~~~~~~~~~
/Users/einar/Sites/utvikler-einar-hansen/TennerGrid/TennerGridTests/Models/CellTests.swift:65:9: note: in expansion of macro 'expect' here
        #expect(cell.position == position)
        ^~~~~~~~~~~~~~~~~~~~~~~~~~~~~~~~~~
@__swiftmacro_15TennerGridTests0020CellTestsswift_odAJdfMX118_8_6expectfMf1_.swift:1:54: warning: main actor-isolated conformance of 'CellPosition' to 'Equatable' cannot be used in nonisolated context; this is an error in the Swift 6 language mode
Testing.__checkBinaryOperation(updated.position,{ $0 == $1() },position,expression: .__fromBinaryOperation(.__fromSyntaxNode("updated.position"),"==",.__fromSyntaxNode("position")),comments: [],isRequired: false,sourceLocation: Testing.SourceLocation.__here()).__expected()
                                                     ^
/Users/einar/Sites/utvikler-einar-hansen/TennerGrid/TennerGridTests/Models/CellTests.swift:119:9: note: in expansion of macro 'expect' here
        #expect(updated.position == position)
        ^~~~~~~~~~~~~~~~~~~~~~~~~~~~~~~~~~~~~
/Users/einar/Sites/utvikler-einar-hansen/TennerGrid/TennerGridTests/Models/CellTests.swift:119:9: note: in expansion of macro 'expect' here
        #expect(updated.position == position)
        ^~~~~~~~~~~~~~~~~~~~~~~~~~~~~~~~~~~~~
@__swiftmacro_15TennerGridTests0020CellTestsswift_odAJdfMX258_8_6expectfMf1_.swift:1:54: warning: main actor-isolated conformance of 'CellPosition' to 'Equatable' cannot be used in nonisolated context; this is an error in the Swift 6 language mode
Testing.__checkBinaryOperation(cleared.position,{ $0 == $1() },position,expression: .__fromBinaryOperation(.__fromSyntaxNode("cleared.position"),"==",.__fromSyntaxNode("position")),comments: [],isRequired: false,sourceLocation: Testing.SourceLocation.__here()).__expected()
                                                     ^
/Users/einar/Sites/utvikler-einar-hansen/TennerGrid/TennerGridTests/Models/CellTests.swift:259:9: note: in expansion of macro 'expect' here
        #expect(cleared.position == position)
        ^~~~~~~~~~~~~~~~~~~~~~~~~~~~~~~~~~~~~
/Users/einar/Sites/utvikler-einar-hansen/TennerGrid/TennerGridTests/Models/CellTests.swift:259:9: note: in expansion of macro 'expect' here
        #expect(cleared.position == position)
        ^~~~~~~~~~~~~~~~~~~~~~~~~~~~~~~~~~~~~
@__swiftmacro_15TennerGridTests0020CellTestsswift_odAJdfMX274_8_6expectfMf1_.swift:1:45: warning: main actor-isolated conformance of 'Cell' to 'Equatable' cannot be used in nonisolated context; this is an error in the Swift 6 language mode
Testing.__checkBinaryOperation(cleared,{ $0 == $1() },original,expression: .__fromBinaryOperation(.__fromSyntaxNode("cleared"),"==",.__fromSyntaxNode("original")),comments: [],isRequired: false,sourceLocation: Testing.SourceLocation.__here()).__expected()
                                            ^
/Users/einar/Sites/utvikler-einar-hansen/TennerGrid/TennerGridTests/Models/CellTests.swift:275:9: note: in expansion of macro 'expect' here
        #expect(cleared == original)
        ^~~~~~~~~~~~~~~~~~~~~~~~~~~~
/Users/einar/Sites/utvikler-einar-hansen/TennerGrid/TennerGridTests/Models/CellTests.swift:275:9: note: in expansion of macro 'expect' here
        #expect(cleared == original)
        ^~~~~~~~~~~~~~~~~~~~~~~~~~~~
@__swiftmacro_15TennerGridTests0020CellTestsswift_odAJdfMX287_8_6expectfMf_.swift:1:43: warning: main actor-isolated conformance of 'Cell' to 'Equatable' cannot be used in nonisolated context; this is an error in the Swift 6 language mode
Testing.__checkBinaryOperation(cell1,{ $0 == $1() },cell2,expression: .__fromBinaryOperation(.__fromSyntaxNode("cell1"),"==",.__fromSyntaxNode("cell2")),comments: [],isRequired: false,sourceLocation: Testing.SourceLocation.__here()).__expected()
                                          ^
/Users/einar/Sites/utvikler-einar-hansen/TennerGrid/TennerGridTests/Models/CellTests.swift:288:9: note: in expansion of macro 'expect' here
        #expect(cell1 == cell2)
        ^~~~~~~~~~~~~~~~~~~~~~~
/Users/einar/Sites/utvikler-einar-hansen/TennerGrid/TennerGridTests/Models/CellTests.swift:288:9: note: in expansion of macro 'expect' here
        #expect(cell1 == cell2)
        ^~~~~~~~~~~~~~~~~~~~~~~
@__swiftmacro_15TennerGridTests0020CellTestsswift_odAJdfMX288_8_6expectfMf0_.swift:1:43: warning: main actor-isolated conformance of 'Cell' to 'Equatable' cannot be used in nonisolated context; this is an error in the Swift 6 language mode
Testing.__checkBinaryOperation(cell1,{ $0 != $1() },cell3,expression: .__fromBinaryOperation(.__fromSyntaxNode("cell1"),"!=",.__fromSyntaxNode("cell3")),comments: [],isRequired: false,sourceLocation: Testing.SourceLocation.__here()).__expected()
                                          ^
/Users/einar/Sites/utvikler-einar-hansen/TennerGrid/TennerGridTests/Models/CellTests.swift:289:9: note: in expansion of macro 'expect' here
        #expect(cell1 != cell3)
        ^~~~~~~~~~~~~~~~~~~~~~~
/Users/einar/Sites/utvikler-einar-hansen/TennerGrid/TennerGridTests/Models/CellTests.swift:289:9: note: in expansion of macro 'expect' here
        #expect(cell1 != cell3)
        ^~~~~~~~~~~~~~~~~~~~~~~
@__swiftmacro_15TennerGridTests0020CellTestsswift_odAJdfMX289_8_6expectfMf1_.swift:1:43: warning: main actor-isolated conformance of 'Cell' to 'Equatable' cannot be used in nonisolated context; this is an error in the Swift 6 language mode
Testing.__checkBinaryOperation(cell1,{ $0 != $1() },cell4,expression: .__fromBinaryOperation(.__fromSyntaxNode("cell1"),"!=",.__fromSyntaxNode("cell4")),comments: [],isRequired: false,sourceLocation: Testing.SourceLocation.__here()).__expected()
                                          ^
/Users/einar/Sites/utvikler-einar-hansen/TennerGrid/TennerGridTests/Models/CellTests.swift:290:9: note: in expansion of macro 'expect' here
        #expect(cell1 != cell4)
        ^~~~~~~~~~~~~~~~~~~~~~~
/Users/einar/Sites/utvikler-einar-hansen/TennerGrid/TennerGridTests/Models/CellTests.swift:290:9: note: in expansion of macro 'expect' here
        #expect(cell1 != cell4)
        ^~~~~~~~~~~~~~~~~~~~~~~
@__swiftmacro_15TennerGridTests0020CellTestsswift_odAJdfMX299_8_6expectfMf_.swift:1:43: warning: main actor-isolated conformance of 'Cell' to 'Equatable' cannot be used in nonisolated context; this is an error in the Swift 6 language mode
Testing.__checkBinaryOperation(cell1,{ $0 == $1() },cell2,expression: .__fromBinaryOperation(.__fromSyntaxNode("cell1"),"==",.__fromSyntaxNode("cell2")),comments: [],isRequired: false,sourceLocation: Testing.SourceLocation.__here()).__expected()
                                          ^
/Users/einar/Sites/utvikler-einar-hansen/TennerGrid/TennerGridTests/Models/CellTests.swift:300:9: note: in expansion of macro 'expect' here
        #expect(cell1 == cell2) // Sets are order-independent
        ^~~~~~~~~~~~~~~~~~~~~~~
/Users/einar/Sites/utvikler-einar-hansen/TennerGrid/TennerGridTests/Models/CellTests.swift:300:9: note: in expansion of macro 'expect' here
        #expect(cell1 == cell2) // Sets are order-independent
        ^~~~~~~~~~~~~~~~~~~~~~~
@__swiftmacro_15TennerGridTests0020CellTestsswift_odAJdfMX300_8_6expectfMf0_.swift:1:43: warning: main actor-isolated conformance of 'Cell' to 'Equatable' cannot be used in nonisolated context; this is an error in the Swift 6 language mode
Testing.__checkBinaryOperation(cell1,{ $0 != $1() },cell3,expression: .__fromBinaryOperation(.__fromSyntaxNode("cell1"),"!=",.__fromSyntaxNode("cell3")),comments: [],isRequired: false,sourceLocation: Testing.SourceLocation.__here()).__expected()
                                          ^
/Users/einar/Sites/utvikler-einar-hansen/TennerGrid/TennerGridTests/Models/CellTests.swift:301:9: note: in expansion of macro 'expect' here
        #expect(cell1 != cell3)
        ^~~~~~~~~~~~~~~~~~~~~~~
/Users/einar/Sites/utvikler-einar-hansen/TennerGrid/TennerGridTests/Models/CellTests.swift:301:9: note: in expansion of macro 'expect' here
        #expect(cell1 != cell3)
        ^~~~~~~~~~~~~~~~~~~~~~~
/Users/einar/Sites/utvikler-einar-hansen/TennerGrid/TennerGridTests/Models/CellTests.swift:313:30: warning: main actor-isolated conformance of 'Cell' to 'Hashable' cannot be used in nonisolated context; this is an error in the Swift 6 language mode
        let set: Set<Cell> = [cell1, cell2, cell3]
                             ^
@__swiftmacro_15TennerGridTests0020CellTestsswift_odAJdfMX313_8_6expectfMf_.swift:1:36: warning: main actor-isolated conformance of 'Cell' to 'Hashable' cannot be used in nonisolated context; this is an error in the Swift 6 language mode
Testing.__checkBinaryOperation(set.count,{ $0 == $1() },2,expression: .__fromBinaryOperation(.__fromSyntaxNode("set.count"),"==",.__fromSyntaxNode("2")),comments: [],isRequired: false,sourceLocation: Testing.SourceLocation.__here()).__expected()
                                   ^
/Users/einar/Sites/utvikler-einar-hansen/TennerGrid/TennerGridTests/Models/CellTests.swift:314:9: note: in expansion of macro 'expect' here
        #expect(set.count == 2) // cell1 and cell2 should be the same
        ^~~~~~~~~~~~~~~~~~~~~~~
/Users/einar/Sites/utvikler-einar-hansen/TennerGrid/TennerGridTests/Models/CellTests.swift:314:9: note: in expansion of macro 'expect' here
        #expect(set.count == 2) // cell1 and cell2 should be the same
        ^~~~~~~~~~~~~~~~~~~~~~~
/Users/einar/Sites/utvikler-einar-hansen/TennerGrid/TennerGridTests/Models/CellTests.swift:379:32: warning: main actor-isolated conformance of 'Cell' to 'Encodable' cannot be used in nonisolated context; this is an error in the Swift 6 language mode
        let data = try encoder.encode(cell)
                               ^
/Users/einar/Sites/utvikler-einar-hansen/TennerGrid/TennerGridTests/Models/CellTests.swift:403:32: warning: main actor-isolated conformance of 'Cell' to 'Decodable' cannot be used in nonisolated context; this is an error in the Swift 6 language mode
        let cell = try decoder.decode(Cell.self, from: data)
                               ^
@__swiftmacro_15TennerGridTests0020CellTestsswift_odAJdfMX404_8_6expectfMf_.swift:1:51: warning: main actor-isolated conformance of 'CellPosition' to 'Equatable' cannot be used in nonisolated context; this is an error in the Swift 6 language mode
Testing.__checkBinaryOperation(cell.position,{ $0 == $1() },CellPosition(row: 1, column: 2),expression: .__fromBinaryOperation(.__fromSyntaxNode("cell.position"),"==",.__fromSyntaxNode("CellPosition(row: 1, column: 2)")),comments: [],isRequired: false,sourceLocation: Testing.SourceLocation.__here()).__expected()
                                                  ^
/Users/einar/Sites/utvikler-einar-hansen/TennerGrid/TennerGridTests/Models/CellTests.swift:405:9: note: in expansion of macro 'expect' here
        #expect(cell.position == CellPosition(row: 1, column: 2))
        ^~~~~~~~~~~~~~~~~~~~~~~~~~~~~~~~~~~~~~~~~~~~~~~~~~~~~~~~~
/Users/einar/Sites/utvikler-einar-hansen/TennerGrid/TennerGridTests/Models/CellTests.swift:405:9: note: in expansion of macro 'expect' here
        #expect(cell.position == CellPosition(row: 1, column: 2))
        ^~~~~~~~~~~~~~~~~~~~~~~~~~~~~~~~~~~~~~~~~~~~~~~~~~~~~~~~~
/Users/einar/Sites/utvikler-einar-hansen/TennerGrid/TennerGridTests/Models/CellTests.swift:428:32: warning: main actor-isolated conformance of 'Cell' to 'Encodable' cannot be used in nonisolated context; this is an error in the Swift 6 language mode
        let data = try encoder.encode(original)
                               ^
/Users/einar/Sites/utvikler-einar-hansen/TennerGrid/TennerGridTests/Models/CellTests.swift:429:35: warning: main actor-isolated conformance of 'Cell' to 'Decodable' cannot be used in nonisolated context; this is an error in the Swift 6 language mode
        let decoded = try decoder.decode(Cell.self, from: data)
                                  ^
@__swiftmacro_15TennerGridTests0020CellTestsswift_odAJdfMX430_8_6expectfMf_.swift:1:45: warning: main actor-isolated conformance of 'Cell' to 'Equatable' cannot be used in nonisolated context; this is an error in the Swift 6 language mode
Testing.__checkBinaryOperation(decoded,{ $0 == $1() },original,expression: .__fromBinaryOperation(.__fromSyntaxNode("decoded"),"==",.__fromSyntaxNode("original")),comments: [],isRequired: false,sourceLocation: Testing.SourceLocation.__here()).__expected()
                                            ^
/Users/einar/Sites/utvikler-einar-hansen/TennerGrid/TennerGridTests/Models/CellTests.swift:431:9: note: in expansion of macro 'expect' here
        #expect(decoded == original)
        ^~~~~~~~~~~~~~~~~~~~~~~~~~~~
/Users/einar/Sites/utvikler-einar-hansen/TennerGrid/TennerGridTests/Models/CellTests.swift:431:9: note: in expansion of macro 'expect' here
        #expect(decoded == original)
        ^~~~~~~~~~~~~~~~~~~~~~~~~~~~
@__swiftmacro_15TennerGridTests0026GameActionTestsswift_DsAGgfMX17_8_6expectfMf0_.swift:1:53: warning: main actor-isolated conformance of 'CellPosition' to 'Equatable' cannot be used in nonisolated context; this is an error in the Swift 6 language mode
Testing.__checkBinaryOperation(action.position,{ $0 == $1() },position,expression: .__fromBinaryOperation(.__fromSyntaxNode("action.position"),"==",.__fromSyntaxNode("position")),comments: [],isRequired: false,sourceLocation: Testing.SourceLocation.__here()).__expected()
                                                    ^
/Users/einar/Sites/utvikler-einar-hansen/TennerGrid/TennerGridTests/Models/GameActionTests.swift:18:9: note: in expansion of macro 'expect' here
        #expect(action.position == position)
        ^~~~~~~~~~~~~~~~~~~~~~~~~~~~~~~~~~~~
/Users/einar/Sites/utvikler-einar-hansen/TennerGrid/TennerGridTests/Models/GameActionTests.swift:18:9: note: in expansion of macro 'expect' here
        #expect(action.position == position)
        ^~~~~~~~~~~~~~~~~~~~~~~~~~~~~~~~~~~~
@__swiftmacro_15TennerGridTests0026GameActionTestsswift_DsAGgfMX37_8_6expectfMf0_.swift:1:53: warning: main actor-isolated conformance of 'CellPosition' to 'Equatable' cannot be used in nonisolated context; this is an error in the Swift 6 language mode
Testing.__checkBinaryOperation(action.position,{ $0 == $1() },position,expression: .__fromBinaryOperation(.__fromSyntaxNode("action.position"),"==",.__fromSyntaxNode("position")),comments: [],isRequired: false,sourceLocation: Testing.SourceLocation.__here()).__expected()
                                                    ^
/Users/einar/Sites/utvikler-einar-hansen/TennerGrid/TennerGridTests/Models/GameActionTests.swift:38:9: note: in expansion of macro 'expect' here
        #expect(action.position == position)
        ^~~~~~~~~~~~~~~~~~~~~~~~~~~~~~~~~~~~
/Users/einar/Sites/utvikler-einar-hansen/TennerGrid/TennerGridTests/Models/GameActionTests.swift:38:9: note: in expansion of macro 'expect' here
        #expect(action.position == position)
        ^~~~~~~~~~~~~~~~~~~~~~~~~~~~~~~~~~~~
@__swiftmacro_15TennerGridTests0026GameActionTestsswift_DsAGgfMX94_8_6expectfMf0_.swift:1:53: warning: main actor-isolated conformance of 'CellPosition' to 'Equatable' cannot be used in nonisolated context; this is an error in the Swift 6 language mode
Testing.__checkBinaryOperation(action.position,{ $0 == $1() },position,expression: .__fromBinaryOperation(.__fromSyntaxNode("action.position"),"==",.__fromSyntaxNode("position")),comments: [],isRequired: false,sourceLocation: Testing.SourceLocation.__here()).__expected()
                                                    ^
/Users/einar/Sites/utvikler-einar-hansen/TennerGrid/TennerGridTests/Models/GameActionTests.swift:95:9: note: in expansion of macro 'expect' here
        #expect(action.position == position)
        ^~~~~~~~~~~~~~~~~~~~~~~~~~~~~~~~~~~~
/Users/einar/Sites/utvikler-einar-hansen/TennerGrid/TennerGridTests/Models/GameActionTests.swift:95:9: note: in expansion of macro 'expect' here
        #expect(action.position == position)
        ^~~~~~~~~~~~~~~~~~~~~~~~~~~~~~~~~~~~
@__swiftmacro_15TennerGridTests0026GameActionTestsswift_DsAGgfMX127_8_6expectfMf0_.swift:1:53: warning: main actor-isolated conformance of 'CellPosition' to 'Equatable' cannot be used in nonisolated context; this is an error in the Swift 6 language mode
Testing.__checkBinaryOperation(action.position,{ $0 == $1() },position,expression: .__fromBinaryOperation(.__fromSyntaxNode("action.position"),"==",.__fromSyntaxNode("position")),comments: [],isRequired: false,sourceLocation: Testing.SourceLocation.__here()).__expected()
                                                    ^
/Users/einar/Sites/utvikler-einar-hansen/TennerGrid/TennerGridTests/Models/GameActionTests.swift:128:9: note: in expansion of macro 'expect' here
        #expect(action.position == position)
        ^~~~~~~~~~~~~~~~~~~~~~~~~~~~~~~~~~~~
/Users/einar/Sites/utvikler-einar-hansen/TennerGrid/TennerGridTests/Models/GameActionTests.swift:128:9: note: in expansion of macro 'expect' here
        #expect(action.position == position)
        ^~~~~~~~~~~~~~~~~~~~~~~~~~~~~~~~~~~~
@__swiftmacro_15TennerGridTests0026GameActionTestsswift_DsAGgfMX140_8_6expectfMf0_.swift:1:53: warning: main actor-isolated conformance of 'CellPosition' to 'Equatable' cannot be used in nonisolated context; this is an error in the Swift 6 language mode
Testing.__checkBinaryOperation(action.position,{ $0 == $1() },position,expression: .__fromBinaryOperation(.__fromSyntaxNode("action.position"),"==",.__fromSyntaxNode("position")),comments: [],isRequired: false,sourceLocation: Testing.SourceLocation.__here()).__expected()
                                                    ^
/Users/einar/Sites/utvikler-einar-hansen/TennerGrid/TennerGridTests/Models/GameActionTests.swift:141:9: note: in expansion of macro 'expect' here
        #expect(action.position == position)
        ^~~~~~~~~~~~~~~~~~~~~~~~~~~~~~~~~~~~
/Users/einar/Sites/utvikler-einar-hansen/TennerGrid/TennerGridTests/Models/GameActionTests.swift:141:9: note: in expansion of macro 'expect' here
        #expect(action.position == position)
        ^~~~~~~~~~~~~~~~~~~~~~~~~~~~~~~~~~~~
@__swiftmacro_15TennerGridTests0026GameActionTestsswift_DsAGgfMX153_8_6expectfMf0_.swift:1:53: warning: main actor-isolated conformance of 'CellPosition' to 'Equatable' cannot be used in nonisolated context; this is an error in the Swift 6 language mode
Testing.__checkBinaryOperation(action.position,{ $0 == $1() },position,expression: .__fromBinaryOperation(.__fromSyntaxNode("action.position"),"==",.__fromSyntaxNode("position")),comments: [],isRequired: false,sourceLocation: Testing.SourceLocation.__here()).__expected()
                                                    ^
/Users/einar/Sites/utvikler-einar-hansen/TennerGrid/TennerGridTests/Models/GameActionTests.swift:154:9: note: in expansion of macro 'expect' here
        #expect(action.position == position)
        ^~~~~~~~~~~~~~~~~~~~~~~~~~~~~~~~~~~~
/Users/einar/Sites/utvikler-einar-hansen/TennerGrid/TennerGridTests/Models/GameActionTests.swift:154:9: note: in expansion of macro 'expect' here
        #expect(action.position == position)
        ^~~~~~~~~~~~~~~~~~~~~~~~~~~~~~~~~~~~
@__swiftmacro_15TennerGridTests0026GameActionTestsswift_DsAGgfMX165_8_6expectfMf0_.swift:1:53: warning: main actor-isolated conformance of 'CellPosition' to 'Equatable' cannot be used in nonisolated context; this is an error in the Swift 6 language mode
Testing.__checkBinaryOperation(action.position,{ $0 == $1() },position,expression: .__fromBinaryOperation(.__fromSyntaxNode("action.position"),"==",.__fromSyntaxNode("position")),comments: [],isRequired: false,sourceLocation: Testing.SourceLocation.__here()).__expected()
                                                    ^
/Users/einar/Sites/utvikler-einar-hansen/TennerGrid/TennerGridTests/Models/GameActionTests.swift:166:9: note: in expansion of macro 'expect' here
        #expect(action.position == position)
        ^~~~~~~~~~~~~~~~~~~~~~~~~~~~~~~~~~~~
/Users/einar/Sites/utvikler-einar-hansen/TennerGrid/TennerGridTests/Models/GameActionTests.swift:166:9: note: in expansion of macro 'expect' here
        #expect(action.position == position)
        ^~~~~~~~~~~~~~~~~~~~~~~~~~~~~~~~~~~~
@__swiftmacro_15TennerGridTests0026GameActionTestsswift_DsAGgfMX273_8_6expectfMf0_.swift:1:54: warning: main actor-isolated conformance of 'CellPosition' to 'Equatable' cannot be used in nonisolated context; this is an error in the Swift 6 language mode
Testing.__checkBinaryOperation(inverse.position,{ $0 == $1() },action.position,expression: .__fromBinaryOperation(.__fromSyntaxNode("inverse.position"),"==",.__fromSyntaxNode("action.position")),comments: [],isRequired: false,sourceLocation: Testing.SourceLocation.__here()).__expected()
                                                     ^
/Users/einar/Sites/utvikler-einar-hansen/TennerGrid/TennerGridTests/Models/GameActionTests.swift:274:9: note: in expansion of macro 'expect' here
        #expect(inverse.position == action.position)
        ^~~~~~~~~~~~~~~~~~~~~~~~~~~~~~~~~~~~~~~~~~~~
/Users/einar/Sites/utvikler-einar-hansen/TennerGrid/TennerGridTests/Models/GameActionTests.swift:274:9: note: in expansion of macro 'expect' here
        #expect(inverse.position == action.position)
        ^~~~~~~~~~~~~~~~~~~~~~~~~~~~~~~~~~~~~~~~~~~~
@__swiftmacro_15TennerGridTests0026GameActionTestsswift_DsAGgfMX333_8_6expectfMf_.swift:1:45: warning: main actor-isolated conformance of 'GameAction' to 'Equatable' cannot be used in nonisolated context; this is an error in the Swift 6 language mode
Testing.__checkBinaryOperation(action1,{ $0 == $1() },action2,expression: .__fromBinaryOperation(.__fromSyntaxNode("action1"),"==",.__fromSyntaxNode("action2")),comments: [],isRequired: false,sourceLocation: Testing.SourceLocation.__here()).__expected()
                                            ^
/Users/einar/Sites/utvikler-einar-hansen/TennerGrid/TennerGridTests/Models/GameActionTests.swift:334:9: note: in expansion of macro 'expect' here
        #expect(action1 == action2)
        ^~~~~~~~~~~~~~~~~~~~~~~~~~~
/Users/einar/Sites/utvikler-einar-hansen/TennerGrid/TennerGridTests/Models/GameActionTests.swift:334:9: note: in expansion of macro 'expect' here
        #expect(action1 == action2)
        ^~~~~~~~~~~~~~~~~~~~~~~~~~~
@__swiftmacro_15TennerGridTests0026GameActionTestsswift_DsAGgfMX343_8_6expectfMf_.swift:1:45: warning: main actor-isolated conformance of 'GameAction' to 'Equatable' cannot be used in nonisolated context; this is an error in the Swift 6 language mode
Testing.__checkBinaryOperation(action1,{ $0 != $1() },action2,expression: .__fromBinaryOperation(.__fromSyntaxNode("action1"),"!=",.__fromSyntaxNode("action2")),comments: [],isRequired: false,sourceLocation: Testing.SourceLocation.__here()).__expected()
                                            ^
/Users/einar/Sites/utvikler-einar-hansen/TennerGrid/TennerGridTests/Models/GameActionTests.swift:344:9: note: in expansion of macro 'expect' here
        #expect(action1 != action2)
        ^~~~~~~~~~~~~~~~~~~~~~~~~~~
/Users/einar/Sites/utvikler-einar-hansen/TennerGrid/TennerGridTests/Models/GameActionTests.swift:344:9: note: in expansion of macro 'expect' here
        #expect(action1 != action2)
        ^~~~~~~~~~~~~~~~~~~~~~~~~~~
@__swiftmacro_15TennerGridTests0026GameActionTestsswift_DsAGgfMX356_8_6expectfMf_.swift:1:45: warning: main actor-isolated conformance of 'GameAction' to 'Equatable' cannot be used in nonisolated context; this is an error in the Swift 6 language mode
Testing.__checkBinaryOperation(action1,{ $0 != $1() },action2,expression: .__fromBinaryOperation(.__fromSyntaxNode("action1"),"!=",.__fromSyntaxNode("action2")),comments: [],isRequired: false,sourceLocation: Testing.SourceLocation.__here()).__expected()
                                            ^
/Users/einar/Sites/utvikler-einar-hansen/TennerGrid/TennerGridTests/Models/GameActionTests.swift:357:9: note: in expansion of macro 'expect' here
        #expect(action1 != action2)
        ^~~~~~~~~~~~~~~~~~~~~~~~~~~
/Users/einar/Sites/utvikler-einar-hansen/TennerGrid/TennerGridTests/Models/GameActionTests.swift:357:9: note: in expansion of macro 'expect' here
        #expect(action1 != action2)
        ^~~~~~~~~~~~~~~~~~~~~~~~~~~
@__swiftmacro_15TennerGridTests0026GameActionTestsswift_DsAGgfMX364_8_6expectfMf_.swift:1:45: warning: main actor-isolated conformance of 'GameAction' to 'Equatable' cannot be used in nonisolated context; this is an error in the Swift 6 language mode
Testing.__checkBinaryOperation(action1,{ $0 != $1() },action2,expression: .__fromBinaryOperation(.__fromSyntaxNode("action1"),"!=",.__fromSyntaxNode("action2")),comments: [],isRequired: false,sourceLocation: Testing.SourceLocation.__here()).__expected()
                                            ^
/Users/einar/Sites/utvikler-einar-hansen/TennerGrid/TennerGridTests/Models/GameActionTests.swift:365:9: note: in expansion of macro 'expect' here
        #expect(action1 != action2)
        ^~~~~~~~~~~~~~~~~~~~~~~~~~~
/Users/einar/Sites/utvikler-einar-hansen/TennerGrid/TennerGridTests/Models/GameActionTests.swift:365:9: note: in expansion of macro 'expect' here
        #expect(action1 != action2)
        ^~~~~~~~~~~~~~~~~~~~~~~~~~~
@__swiftmacro_15TennerGridTests0026GameActionTestsswift_DsAGgfMX372_8_6expectfMf_.swift:1:45: warning: main actor-isolated conformance of 'GameAction' to 'Equatable' cannot be used in nonisolated context; this is an error in the Swift 6 language mode
Testing.__checkBinaryOperation(action1,{ $0 != $1() },action2,expression: .__fromBinaryOperation(.__fromSyntaxNode("action1"),"!=",.__fromSyntaxNode("action2")),comments: [],isRequired: false,sourceLocation: Testing.SourceLocation.__here()).__expected()
                                            ^
/Users/einar/Sites/utvikler-einar-hansen/TennerGrid/TennerGridTests/Models/GameActionTests.swift:373:9: note: in expansion of macro 'expect' here
        #expect(action1 != action2)
        ^~~~~~~~~~~~~~~~~~~~~~~~~~~
/Users/einar/Sites/utvikler-einar-hansen/TennerGrid/TennerGridTests/Models/GameActionTests.swift:373:9: note: in expansion of macro 'expect' here
        #expect(action1 != action2)
        ^~~~~~~~~~~~~~~~~~~~~~~~~~~
/Users/einar/Sites/utvikler-einar-hansen/TennerGrid/TennerGridTests/Models/GameActionTests.swift:386:32: warning: main actor-isolated conformance of 'GameAction' to 'Encodable' cannot be used in nonisolated context; this is an error in the Swift 6 language mode
        let data = try encoder.encode(action)
                               ^
/Users/einar/Sites/utvikler-einar-hansen/TennerGrid/TennerGridTests/Models/GameActionTests.swift:410:34: warning: main actor-isolated conformance of 'GameAction' to 'Decodable' cannot be used in nonisolated context; this is an error in the Swift 6 language mode
        let action = try decoder.decode(GameAction.self, from: data)
                                 ^
@__swiftmacro_15TennerGridTests0026GameActionTestsswift_DsAGgfMX412_8_6expectfMf0_.swift:1:53: warning: main actor-isolated conformance of 'CellPosition' to 'Equatable' cannot be used in nonisolated context; this is an error in the Swift 6 language mode
Testing.__checkBinaryOperation(action.position,{ $0 == $1() },CellPosition(row: 1, column: 2),expression: .__fromBinaryOperation(.__fromSyntaxNode("action.position"),"==",.__fromSyntaxNode("CellPosition(row: 1, column: 2)")),comments: [],isRequired: false,sourceLocation: Testing.SourceLocation.__here()).__expected()
                                                    ^
/Users/einar/Sites/utvikler-einar-hansen/TennerGrid/TennerGridTests/Models/GameActionTests.swift:413:9: note: in expansion of macro 'expect' here
        #expect(action.position == CellPosition(row: 1, column: 2))
        ^~~~~~~~~~~~~~~~~~~~~~~~~~~~~~~~~~~~~~~~~~~~~~~~~~~~~~~~~~~
/Users/einar/Sites/utvikler-einar-hansen/TennerGrid/TennerGridTests/Models/GameActionTests.swift:413:9: note: in expansion of macro 'expect' here
        #expect(action.position == CellPosition(row: 1, column: 2))
        ^~~~~~~~~~~~~~~~~~~~~~~~~~~~~~~~~~~~~~~~~~~~~~~~~~~~~~~~~~~
/Users/einar/Sites/utvikler-einar-hansen/TennerGrid/TennerGridTests/Models/GameActionTests.swift:426:32: warning: main actor-isolated conformance of 'GameAction' to 'Encodable' cannot be used in nonisolated context; this is an error in the Swift 6 language mode
        let data = try encoder.encode(action)
                               ^
/Users/einar/Sites/utvikler-einar-hansen/TennerGrid/TennerGridTests/Models/GameActionTests.swift:445:32: warning: main actor-isolated conformance of 'GameAction' to 'Encodable' cannot be used in nonisolated context; this is an error in the Swift 6 language mode
        let data = try encoder.encode(original)
                               ^
/Users/einar/Sites/utvikler-einar-hansen/TennerGrid/TennerGridTests/Models/GameActionTests.swift:446:35: warning: main actor-isolated conformance of 'GameAction' to 'Decodable' cannot be used in nonisolated context; this is an error in the Swift 6 language mode
        let decoded = try decoder.decode(GameAction.self, from: data)
                                  ^
@__swiftmacro_15TennerGridTests0026GameActionTestsswift_DsAGgfMX448_8_6expectfMf0_.swift:1:54: warning: main actor-isolated conformance of 'CellPosition' to 'Equatable' cannot be used in nonisolated context; this is an error in the Swift 6 language mode
Testing.__checkBinaryOperation(decoded.position,{ $0 == $1() },original.position,expression: .__fromBinaryOperation(.__fromSyntaxNode("decoded.position"),"==",.__fromSyntaxNode("original.position")),comments: [],isRequired: false,sourceLocation: Testing.SourceLocation.__here()).__expected()
                                                     ^
/Users/einar/Sites/utvikler-einar-hansen/TennerGrid/TennerGridTests/Models/GameActionTests.swift:449:9: note: in expansion of macro 'expect' here
        #expect(decoded.position == original.position)
        ^~~~~~~~~~~~~~~~~~~~~~~~~~~~~~~~~~~~~~~~~~~~~~
/Users/einar/Sites/utvikler-einar-hansen/TennerGrid/TennerGridTests/Models/GameActionTests.swift:449:9: note: in expansion of macro 'expect' here
        #expect(decoded.position == original.position)
        ^~~~~~~~~~~~~~~~~~~~~~~~~~~~~~~~~~~~~~~~~~~~~~
/Users/einar/Sites/utvikler-einar-hansen/TennerGrid/TennerGridTests/Models/GameActionTests.swift:469:36: warning: main actor-isolated conformance of 'GameAction' to 'Encodable' cannot be used in nonisolated context; this is an error in the Swift 6 language mode
            let data = try encoder.encode(original)
                                   ^
/Users/einar/Sites/utvikler-einar-hansen/TennerGrid/TennerGridTests/Models/GameActionTests.swift:470:39: warning: main actor-isolated conformance of 'GameAction' to 'Decodable' cannot be used in nonisolated context; this is an error in the Swift 6 language mode
            let decoded = try decoder.decode(GameAction.self, from: data)
                                      ^
@__swiftmacro_15TennerGridTests0026GameActionTestsswift_DsAGgfMX471_12_6expectfMf0_.swift:1:54: warning: main actor-isolated conformance of 'CellPosition' to 'Equatable' cannot be used in nonisolated context; this is an error in the Swift 6 language mode
Testing.__checkBinaryOperation(decoded.position,{ $0 == $1() },original.position,expression: .__fromBinaryOperation(.__fromSyntaxNode("decoded.position"),"==",.__fromSyntaxNode("original.position")),comments: [],isRequired: false,sourceLocation: Testing.SourceLocation.__here()).__expected()
                                                     ^
/Users/einar/Sites/utvikler-einar-hansen/TennerGrid/TennerGridTests/Models/GameActionTests.swift:472:13: note: in expansion of macro 'expect' here
            #expect(decoded.position == original.position)
            ^~~~~~~~~~~~~~~~~~~~~~~~~~~~~~~~~~~~~~~~~~~~~~
/Users/einar/Sites/utvikler-einar-hansen/TennerGrid/TennerGridTests/Models/GameActionTests.swift:472:13: note: in expansion of macro 'expect' here
            #expect(decoded.position == original.position)
            ^~~~~~~~~~~~~~~~~~~~~~~~~~~~~~~~~~~~~~~~~~~~~~
@__swiftmacro_15TennerGridTests0026GameActionTestsswift_DsAGgfMX561_8_6expectfMf_.swift:1:54: warning: main actor-isolated conformance of 'CellPosition' to 'Equatable' cannot be used in nonisolated context; this is an error in the Swift 6 language mode
Testing.__checkBinaryOperation(action1.position,{ $0 == $1() },action2.position,expression: .__fromBinaryOperation(.__fromSyntaxNode("action1.position"),"==",.__fromSyntaxNode("action2.position")),comments: [],isRequired: false,sourceLocation: Testing.SourceLocation.__here()).__expected()
                                                     ^
/Users/einar/Sites/utvikler-einar-hansen/TennerGrid/TennerGridTests/Models/GameActionTests.swift:562:9: note: in expansion of macro 'expect' here
        #expect(action1.position == action2.position)
        ^~~~~~~~~~~~~~~~~~~~~~~~~~~~~~~~~~~~~~~~~~~~~
/Users/einar/Sites/utvikler-einar-hansen/TennerGrid/TennerGridTests/Models/GameActionTests.swift:562:9: note: in expansion of macro 'expect' here
        #expect(action1.position == action2.position)
        ^~~~~~~~~~~~~~~~~~~~~~~~~~~~~~~~~~~~~~~~~~~~~
@__swiftmacro_15TennerGridTests0026GameActionTestsswift_DsAGgfMX562_8_6expectfMf0_.swift:1:54: warning: main actor-isolated conformance of 'CellPosition' to 'Equatable' cannot be used in nonisolated context; this is an error in the Swift 6 language mode
Testing.__checkBinaryOperation(action2.position,{ $0 == $1() },action3.position,expression: .__fromBinaryOperation(.__fromSyntaxNode("action2.position"),"==",.__fromSyntaxNode("action3.position")),comments: [],isRequired: false,sourceLocation: Testing.SourceLocation.__here()).__expected()
                                                     ^
/Users/einar/Sites/utvikler-einar-hansen/TennerGrid/TennerGridTests/Models/GameActionTests.swift:563:9: note: in expansion of macro 'expect' here
        #expect(action2.position == action3.position)
        ^~~~~~~~~~~~~~~~~~~~~~~~~~~~~~~~~~~~~~~~~~~~~
/Users/einar/Sites/utvikler-einar-hansen/TennerGrid/TennerGridTests/Models/GameActionTests.swift:563:9: note: in expansion of macro 'expect' here
        #expect(action2.position == action3.position)
        ^~~~~~~~~~~~~~~~~~~~~~~~~~~~~~~~~~~~~~~~~~~~~
@__swiftmacro_15TennerGridTests0025GameStateTestsswift_jqFBgfMX461_8_6expectfMf_.swift:1:56: warning: main actor-isolated conformance of 'CellPosition' to 'Equatable' cannot be used in nonisolated context; this is an error in the Swift 6 language mode
Testing.__checkBinaryOperation(state.selectedCell,{ $0 == $1() },position,expression: .__fromBinaryOperation(.__fromSyntaxNode("state.selectedCell"),"==",.__fromSyntaxNode("position")),comments: [],isRequired: false,sourceLocation: Testing.SourceLocation.__here()).__expected()
                                                       ^
/Users/einar/Sites/utvikler-einar-hansen/TennerGrid/TennerGridTests/Models/GameStateTests.swift:462:9: note: in expansion of macro 'expect' here
        #expect(state.selectedCell == position)
        ^~~~~~~~~~~~~~~~~~~~~~~~~~~~~~~~~~~~~~~
/Users/einar/Sites/utvikler-einar-hansen/TennerGrid/TennerGridTests/Models/GameStateTests.swift:462:9: note: in expansion of macro 'expect' here
        #expect(state.selectedCell == position)
        ^~~~~~~~~~~~~~~~~~~~~~~~~~~~~~~~~~~~~~~
@__swiftmacro_15TennerGridTests0025GameStateTestsswift_jqFBgfMX711_8_6expectfMf_.swift:1:44: warning: main actor-isolated conformance of 'GameState' to 'Equatable' cannot be used in nonisolated context; this is an error in the Swift 6 language mode
Testing.__checkBinaryOperation(state1,{ $0 == $1() },state2,expression: .__fromBinaryOperation(.__fromSyntaxNode("state1"),"==",.__fromSyntaxNode("state2")),comments: [],isRequired: false,sourceLocation: Testing.SourceLocation.__here()).__expected()
                                           ^
/Users/einar/Sites/utvikler-einar-hansen/TennerGrid/TennerGridTests/Models/GameStateTests.swift:712:9: note: in expansion of macro 'expect' here
        #expect(state1 == state2)
        ^~~~~~~~~~~~~~~~~~~~~~~~~
/Users/einar/Sites/utvikler-einar-hansen/TennerGrid/TennerGridTests/Models/GameStateTests.swift:712:9: note: in expansion of macro 'expect' here
        #expect(state1 == state2)
        ^~~~~~~~~~~~~~~~~~~~~~~~~
@__swiftmacro_15TennerGridTests0025GameStateTestsswift_jqFBgfMX720_8_6expectfMf_.swift:1:44: warning: main actor-isolated conformance of 'GameState' to 'Equatable' cannot be used in nonisolated context; this is an error in the Swift 6 language mode
Testing.__checkBinaryOperation(state1,{ $0 != $1() },state2,expression: .__fromBinaryOperation(.__fromSyntaxNode("state1"),"!=",.__fromSyntaxNode("state2")),comments: [],isRequired: false,sourceLocation: Testing.SourceLocation.__here()).__expected()
                                           ^
/Users/einar/Sites/utvikler-einar-hansen/TennerGrid/TennerGridTests/Models/GameStateTests.swift:721:9: note: in expansion of macro 'expect' here
        #expect(state1 != state2)
        ^~~~~~~~~~~~~~~~~~~~~~~~~
/Users/einar/Sites/utvikler-einar-hansen/TennerGrid/TennerGridTests/Models/GameStateTests.swift:721:9: note: in expansion of macro 'expect' here
        #expect(state1 != state2)
        ^~~~~~~~~~~~~~~~~~~~~~~~~
@__swiftmacro_15TennerGridTests0025GameStateTestsswift_jqFBgfMX731_8_6expectfMf_.swift:1:44: warning: main actor-isolated conformance of 'GameState' to 'Equatable' cannot be used in nonisolated context; this is an error in the Swift 6 language mode
Testing.__checkBinaryOperation(state1,{ $0 != $1() },state2,expression: .__fromBinaryOperation(.__fromSyntaxNode("state1"),"!=",.__fromSyntaxNode("state2")),comments: [],isRequired: false,sourceLocation: Testing.SourceLocation.__here()).__expected()
                                           ^
/Users/einar/Sites/utvikler-einar-hansen/TennerGrid/TennerGridTests/Models/GameStateTests.swift:732:9: note: in expansion of macro 'expect' here
        #expect(state1 != state2)
        ^~~~~~~~~~~~~~~~~~~~~~~~~
/Users/einar/Sites/utvikler-einar-hansen/TennerGrid/TennerGridTests/Models/GameStateTests.swift:732:9: note: in expansion of macro 'expect' here
        #expect(state1 != state2)
        ^~~~~~~~~~~~~~~~~~~~~~~~~
@__swiftmacro_15TennerGridTests0025GameStateTestsswift_jqFBgfMX761_8_6expectfMf_.swift:1:45: warning: main actor-isolated conformance of 'GameState' to 'Equatable' cannot be used in nonisolated context; this is an error in the Swift 6 language mode
Testing.__checkBinaryOperation(decoded,{ $0 == $1() },original,expression: .__fromBinaryOperation(.__fromSyntaxNode("decoded"),"==",.__fromSyntaxNode("original")),comments: [],isRequired: false,sourceLocation: Testing.SourceLocation.__here()).__expected()
                                            ^
/Users/einar/Sites/utvikler-einar-hansen/TennerGrid/TennerGridTests/Models/GameStateTests.swift:762:9: note: in expansion of macro 'expect' here
        #expect(decoded == original)
        ^~~~~~~~~~~~~~~~~~~~~~~~~~~~
/Users/einar/Sites/utvikler-einar-hansen/TennerGrid/TennerGridTests/Models/GameStateTests.swift:762:9: note: in expansion of macro 'expect' here
        #expect(decoded == original)
        ^~~~~~~~~~~~~~~~~~~~~~~~~~~~
@__swiftmacro_15TennerGridTests0025GameStateTestsswift_jqFBgfMX783_8_6expectfMf1_.swift:1:58: warning: main actor-isolated conformance of 'CellPosition' to 'Equatable' cannot be used in nonisolated context; this is an error in the Swift 6 language mode
Testing.__checkBinaryOperation(decoded.selectedCell,{ $0 == $1() },state.selectedCell,expression: .__fromBinaryOperation(.__fromSyntaxNode("decoded.selectedCell"),"==",.__fromSyntaxNode("state.selectedCell")),comments: [],isRequired: false,sourceLocation: Testing.SourceLocation.__here()).__expected()
                                                         ^
/Users/einar/Sites/utvikler-einar-hansen/TennerGrid/TennerGridTests/Models/GameStateTests.swift:784:9: note: in expansion of macro 'expect' here
        #expect(decoded.selectedCell == state.selectedCell)
        ^~~~~~~~~~~~~~~~~~~~~~~~~~~~~~~~~~~~~~~~~~~~~~~~~~~
/Users/einar/Sites/utvikler-einar-hansen/TennerGrid/TennerGridTests/Models/GameStateTests.swift:784:9: note: in expansion of macro 'expect' here
        #expect(decoded.selectedCell == state.selectedCell)
        ^~~~~~~~~~~~~~~~~~~~~~~~~~~~~~~~~~~~~~~~~~~~~~~~~~~
@__swiftmacro_15TennerGridTests0026GameActionTestsswift_DsAGgfMX17_8_6expectfMf0_.swift:1:53: warning: main actor-isolated conformance of 'CellPosition' to 'Equatable' cannot be used in nonisolated context; this is an error in the Swift 6 language mode
Testing.__checkBinaryOperation(action.position,{ $0 == $1() },position,expression: .__fromBinaryOperation(.__fromSyntaxNode("action.position"),"==",.__fromSyntaxNode("position")),comments: [],isRequired: false,sourceLocation: Testing.SourceLocation.__here()).__expected()
                                                    ^
/Users/einar/Sites/utvikler-einar-hansen/TennerGrid/TennerGridTests/Models/GameActionTests.swift:18:9: note: in expansion of macro 'expect' here
        #expect(action.position == position)
        ^~~~~~~~~~~~~~~~~~~~~~~~~~~~~~~~~~~~
/Users/einar/Sites/utvikler-einar-hansen/TennerGrid/TennerGridTests/Models/GameActionTests.swift:18:9: note: in expansion of macro 'expect' here
        #expect(action.position == position)
        ^~~~~~~~~~~~~~~~~~~~~~~~~~~~~~~~~~~~
@__swiftmacro_15TennerGridTests0026GameActionTestsswift_DsAGgfMX37_8_6expectfMf0_.swift:1:53: warning: main actor-isolated conformance of 'CellPosition' to 'Equatable' cannot be used in nonisolated context; this is an error in the Swift 6 language mode
Testing.__checkBinaryOperation(action.position,{ $0 == $1() },position,expression: .__fromBinaryOperation(.__fromSyntaxNode("action.position"),"==",.__fromSyntaxNode("position")),comments: [],isRequired: false,sourceLocation: Testing.SourceLocation.__here()).__expected()
                                                    ^
/Users/einar/Sites/utvikler-einar-hansen/TennerGrid/TennerGridTests/Models/GameActionTests.swift:38:9: note: in expansion of macro 'expect' here
        #expect(action.position == position)
        ^~~~~~~~~~~~~~~~~~~~~~~~~~~~~~~~~~~~
/Users/einar/Sites/utvikler-einar-hansen/TennerGrid/TennerGridTests/Models/GameActionTests.swift:38:9: note: in expansion of macro 'expect' here
        #expect(action.position == position)
        ^~~~~~~~~~~~~~~~~~~~~~~~~~~~~~~~~~~~
@__swiftmacro_15TennerGridTests0026GameActionTestsswift_DsAGgfMX94_8_6expectfMf0_.swift:1:53: warning: main actor-isolated conformance of 'CellPosition' to 'Equatable' cannot be used in nonisolated context; this is an error in the Swift 6 language mode
Testing.__checkBinaryOperation(action.position,{ $0 == $1() },position,expression: .__fromBinaryOperation(.__fromSyntaxNode("action.position"),"==",.__fromSyntaxNode("position")),comments: [],isRequired: false,sourceLocation: Testing.SourceLocation.__here()).__expected()
                                                    ^
/Users/einar/Sites/utvikler-einar-hansen/TennerGrid/TennerGridTests/Models/GameActionTests.swift:95:9: note: in expansion of macro 'expect' here
        #expect(action.position == position)
        ^~~~~~~~~~~~~~~~~~~~~~~~~~~~~~~~~~~~
/Users/einar/Sites/utvikler-einar-hansen/TennerGrid/TennerGridTests/Models/GameActionTests.swift:95:9: note: in expansion of macro 'expect' here
        #expect(action.position == position)
        ^~~~~~~~~~~~~~~~~~~~~~~~~~~~~~~~~~~~
@__swiftmacro_15TennerGridTests0026GameActionTestsswift_DsAGgfMX127_8_6expectfMf0_.swift:1:53: warning: main actor-isolated conformance of 'CellPosition' to 'Equatable' cannot be used in nonisolated context; this is an error in the Swift 6 language mode
Testing.__checkBinaryOperation(action.position,{ $0 == $1() },position,expression: .__fromBinaryOperation(.__fromSyntaxNode("action.position"),"==",.__fromSyntaxNode("position")),comments: [],isRequired: false,sourceLocation: Testing.SourceLocation.__here()).__expected()
                                                    ^
/Users/einar/Sites/utvikler-einar-hansen/TennerGrid/TennerGridTests/Models/GameActionTests.swift:128:9: note: in expansion of macro 'expect' here
        #expect(action.position == position)
        ^~~~~~~~~~~~~~~~~~~~~~~~~~~~~~~~~~~~
/Users/einar/Sites/utvikler-einar-hansen/TennerGrid/TennerGridTests/Models/GameActionTests.swift:128:9: note: in expansion of macro 'expect' here
        #expect(action.position == position)
        ^~~~~~~~~~~~~~~~~~~~~~~~~~~~~~~~~~~~
@__swiftmacro_15TennerGridTests0026GameActionTestsswift_DsAGgfMX140_8_6expectfMf0_.swift:1:53: warning: main actor-isolated conformance of 'CellPosition' to 'Equatable' cannot be used in nonisolated context; this is an error in the Swift 6 language mode
Testing.__checkBinaryOperation(action.position,{ $0 == $1() },position,expression: .__fromBinaryOperation(.__fromSyntaxNode("action.position"),"==",.__fromSyntaxNode("position")),comments: [],isRequired: false,sourceLocation: Testing.SourceLocation.__here()).__expected()
                                                    ^
/Users/einar/Sites/utvikler-einar-hansen/TennerGrid/TennerGridTests/Models/GameActionTests.swift:141:9: note: in expansion of macro 'expect' here
        #expect(action.position == position)
        ^~~~~~~~~~~~~~~~~~~~~~~~~~~~~~~~~~~~
/Users/einar/Sites/utvikler-einar-hansen/TennerGrid/TennerGridTests/Models/GameActionTests.swift:141:9: note: in expansion of macro 'expect' here
        #expect(action.position == position)
        ^~~~~~~~~~~~~~~~~~~~~~~~~~~~~~~~~~~~
@__swiftmacro_15TennerGridTests0026GameActionTestsswift_DsAGgfMX153_8_6expectfMf0_.swift:1:53: warning: main actor-isolated conformance of 'CellPosition' to 'Equatable' cannot be used in nonisolated context; this is an error in the Swift 6 language mode
Testing.__checkBinaryOperation(action.position,{ $0 == $1() },position,expression: .__fromBinaryOperation(.__fromSyntaxNode("action.position"),"==",.__fromSyntaxNode("position")),comments: [],isRequired: false,sourceLocation: Testing.SourceLocation.__here()).__expected()
                                                    ^
/Users/einar/Sites/utvikler-einar-hansen/TennerGrid/TennerGridTests/Models/GameActionTests.swift:154:9: note: in expansion of macro 'expect' here
        #expect(action.position == position)
        ^~~~~~~~~~~~~~~~~~~~~~~~~~~~~~~~~~~~
/Users/einar/Sites/utvikler-einar-hansen/TennerGrid/TennerGridTests/Models/GameActionTests.swift:154:9: note: in expansion of macro 'expect' here
        #expect(action.position == position)
        ^~~~~~~~~~~~~~~~~~~~~~~~~~~~~~~~~~~~
@__swiftmacro_15TennerGridTests0026GameActionTestsswift_DsAGgfMX165_8_6expectfMf0_.swift:1:53: warning: main actor-isolated conformance of 'CellPosition' to 'Equatable' cannot be used in nonisolated context; this is an error in the Swift 6 language mode
Testing.__checkBinaryOperation(action.position,{ $0 == $1() },position,expression: .__fromBinaryOperation(.__fromSyntaxNode("action.position"),"==",.__fromSyntaxNode("position")),comments: [],isRequired: false,sourceLocation: Testing.SourceLocation.__here()).__expected()
                                                    ^
/Users/einar/Sites/utvikler-einar-hansen/TennerGrid/TennerGridTests/Models/GameActionTests.swift:166:9: note: in expansion of macro 'expect' here
        #expect(action.position == position)
        ^~~~~~~~~~~~~~~~~~~~~~~~~~~~~~~~~~~~
/Users/einar/Sites/utvikler-einar-hansen/TennerGrid/TennerGridTests/Models/GameActionTests.swift:166:9: note: in expansion of macro 'expect' here
        #expect(action.position == position)
        ^~~~~~~~~~~~~~~~~~~~~~~~~~~~~~~~~~~~
@__swiftmacro_15TennerGridTests0026GameActionTestsswift_DsAGgfMX273_8_6expectfMf0_.swift:1:54: warning: main actor-isolated conformance of 'CellPosition' to 'Equatable' cannot be used in nonisolated context; this is an error in the Swift 6 language mode
Testing.__checkBinaryOperation(inverse.position,{ $0 == $1() },action.position,expression: .__fromBinaryOperation(.__fromSyntaxNode("inverse.position"),"==",.__fromSyntaxNode("action.position")),comments: [],isRequired: false,sourceLocation: Testing.SourceLocation.__here()).__expected()
                                                     ^
/Users/einar/Sites/utvikler-einar-hansen/TennerGrid/TennerGridTests/Models/GameActionTests.swift:274:9: note: in expansion of macro 'expect' here
        #expect(inverse.position == action.position)
        ^~~~~~~~~~~~~~~~~~~~~~~~~~~~~~~~~~~~~~~~~~~~
/Users/einar/Sites/utvikler-einar-hansen/TennerGrid/TennerGridTests/Models/GameActionTests.swift:274:9: note: in expansion of macro 'expect' here
        #expect(inverse.position == action.position)
        ^~~~~~~~~~~~~~~~~~~~~~~~~~~~~~~~~~~~~~~~~~~~
@__swiftmacro_15TennerGridTests0026GameActionTestsswift_DsAGgfMX333_8_6expectfMf_.swift:1:45: warning: main actor-isolated conformance of 'GameAction' to 'Equatable' cannot be used in nonisolated context; this is an error in the Swift 6 language mode
Testing.__checkBinaryOperation(action1,{ $0 == $1() },action2,expression: .__fromBinaryOperation(.__fromSyntaxNode("action1"),"==",.__fromSyntaxNode("action2")),comments: [],isRequired: false,sourceLocation: Testing.SourceLocation.__here()).__expected()
                                            ^
/Users/einar/Sites/utvikler-einar-hansen/TennerGrid/TennerGridTests/Models/GameActionTests.swift:334:9: note: in expansion of macro 'expect' here
        #expect(action1 == action2)
        ^~~~~~~~~~~~~~~~~~~~~~~~~~~
/Users/einar/Sites/utvikler-einar-hansen/TennerGrid/TennerGridTests/Models/GameActionTests.swift:334:9: note: in expansion of macro 'expect' here
        #expect(action1 == action2)
        ^~~~~~~~~~~~~~~~~~~~~~~~~~~
@__swiftmacro_15TennerGridTests0026GameActionTestsswift_DsAGgfMX343_8_6expectfMf_.swift:1:45: warning: main actor-isolated conformance of 'GameAction' to 'Equatable' cannot be used in nonisolated context; this is an error in the Swift 6 language mode
Testing.__checkBinaryOperation(action1,{ $0 != $1() },action2,expression: .__fromBinaryOperation(.__fromSyntaxNode("action1"),"!=",.__fromSyntaxNode("action2")),comments: [],isRequired: false,sourceLocation: Testing.SourceLocation.__here()).__expected()
                                            ^
/Users/einar/Sites/utvikler-einar-hansen/TennerGrid/TennerGridTests/Models/GameActionTests.swift:344:9: note: in expansion of macro 'expect' here
        #expect(action1 != action2)
        ^~~~~~~~~~~~~~~~~~~~~~~~~~~
/Users/einar/Sites/utvikler-einar-hansen/TennerGrid/TennerGridTests/Models/GameActionTests.swift:344:9: note: in expansion of macro 'expect' here
        #expect(action1 != action2)
        ^~~~~~~~~~~~~~~~~~~~~~~~~~~
@__swiftmacro_15TennerGridTests0026GameActionTestsswift_DsAGgfMX356_8_6expectfMf_.swift:1:45: warning: main actor-isolated conformance of 'GameAction' to 'Equatable' cannot be used in nonisolated context; this is an error in the Swift 6 language mode
Testing.__checkBinaryOperation(action1,{ $0 != $1() },action2,expression: .__fromBinaryOperation(.__fromSyntaxNode("action1"),"!=",.__fromSyntaxNode("action2")),comments: [],isRequired: false,sourceLocation: Testing.SourceLocation.__here()).__expected()
                                            ^
/Users/einar/Sites/utvikler-einar-hansen/TennerGrid/TennerGridTests/Models/GameActionTests.swift:357:9: note: in expansion of macro 'expect' here
        #expect(action1 != action2)
        ^~~~~~~~~~~~~~~~~~~~~~~~~~~
/Users/einar/Sites/utvikler-einar-hansen/TennerGrid/TennerGridTests/Models/GameActionTests.swift:357:9: note: in expansion of macro 'expect' here
        #expect(action1 != action2)
        ^~~~~~~~~~~~~~~~~~~~~~~~~~~
@__swiftmacro_15TennerGridTests0026GameActionTestsswift_DsAGgfMX364_8_6expectfMf_.swift:1:45: warning: main actor-isolated conformance of 'GameAction' to 'Equatable' cannot be used in nonisolated context; this is an error in the Swift 6 language mode
Testing.__checkBinaryOperation(action1,{ $0 != $1() },action2,expression: .__fromBinaryOperation(.__fromSyntaxNode("action1"),"!=",.__fromSyntaxNode("action2")),comments: [],isRequired: false,sourceLocation: Testing.SourceLocation.__here()).__expected()
                                            ^
/Users/einar/Sites/utvikler-einar-hansen/TennerGrid/TennerGridTests/Models/GameActionTests.swift:365:9: note: in expansion of macro 'expect' here
        #expect(action1 != action2)
        ^~~~~~~~~~~~~~~~~~~~~~~~~~~
/Users/einar/Sites/utvikler-einar-hansen/TennerGrid/TennerGridTests/Models/GameActionTests.swift:365:9: note: in expansion of macro 'expect' here
        #expect(action1 != action2)
        ^~~~~~~~~~~~~~~~~~~~~~~~~~~
@__swiftmacro_15TennerGridTests0026GameActionTestsswift_DsAGgfMX372_8_6expectfMf_.swift:1:45: warning: main actor-isolated conformance of 'GameAction' to 'Equatable' cannot be used in nonisolated context; this is an error in the Swift 6 language mode
Testing.__checkBinaryOperation(action1,{ $0 != $1() },action2,expression: .__fromBinaryOperation(.__fromSyntaxNode("action1"),"!=",.__fromSyntaxNode("action2")),comments: [],isRequired: false,sourceLocation: Testing.SourceLocation.__here()).__expected()
                                            ^
/Users/einar/Sites/utvikler-einar-hansen/TennerGrid/TennerGridTests/Models/GameActionTests.swift:373:9: note: in expansion of macro 'expect' here
        #expect(action1 != action2)
        ^~~~~~~~~~~~~~~~~~~~~~~~~~~
/Users/einar/Sites/utvikler-einar-hansen/TennerGrid/TennerGridTests/Models/GameActionTests.swift:373:9: note: in expansion of macro 'expect' here
        #expect(action1 != action2)
        ^~~~~~~~~~~~~~~~~~~~~~~~~~~
/Users/einar/Sites/utvikler-einar-hansen/TennerGrid/TennerGridTests/Models/GameActionTests.swift:386:32: warning: main actor-isolated conformance of 'GameAction' to 'Encodable' cannot be used in nonisolated context; this is an error in the Swift 6 language mode
        let data = try encoder.encode(action)
                               ^
/Users/einar/Sites/utvikler-einar-hansen/TennerGrid/TennerGridTests/Models/GameActionTests.swift:410:34: warning: main actor-isolated conformance of 'GameAction' to 'Decodable' cannot be used in nonisolated context; this is an error in the Swift 6 language mode
        let action = try decoder.decode(GameAction.self, from: data)
                                 ^
@__swiftmacro_15TennerGridTests0026GameActionTestsswift_DsAGgfMX412_8_6expectfMf0_.swift:1:53: warning: main actor-isolated conformance of 'CellPosition' to 'Equatable' cannot be used in nonisolated context; this is an error in the Swift 6 language mode
Testing.__checkBinaryOperation(action.position,{ $0 == $1() },CellPosition(row: 1, column: 2),expression: .__fromBinaryOperation(.__fromSyntaxNode("action.position"),"==",.__fromSyntaxNode("CellPosition(row: 1, column: 2)")),comments: [],isRequired: false,sourceLocation: Testing.SourceLocation.__here()).__expected()
                                                    ^
/Users/einar/Sites/utvikler-einar-hansen/TennerGrid/TennerGridTests/Models/GameActionTests.swift:413:9: note: in expansion of macro 'expect' here
        #expect(action.position == CellPosition(row: 1, column: 2))
        ^~~~~~~~~~~~~~~~~~~~~~~~~~~~~~~~~~~~~~~~~~~~~~~~~~~~~~~~~~~
/Users/einar/Sites/utvikler-einar-hansen/TennerGrid/TennerGridTests/Models/GameActionTests.swift:413:9: note: in expansion of macro 'expect' here
        #expect(action.position == CellPosition(row: 1, column: 2))
        ^~~~~~~~~~~~~~~~~~~~~~~~~~~~~~~~~~~~~~~~~~~~~~~~~~~~~~~~~~~
/Users/einar/Sites/utvikler-einar-hansen/TennerGrid/TennerGridTests/Models/GameActionTests.swift:426:32: warning: main actor-isolated conformance of 'GameAction' to 'Encodable' cannot be used in nonisolated context; this is an error in the Swift 6 language mode
        let data = try encoder.encode(action)
                               ^
/Users/einar/Sites/utvikler-einar-hansen/TennerGrid/TennerGridTests/Models/GameActionTests.swift:445:32: warning: main actor-isolated conformance of 'GameAction' to 'Encodable' cannot be used in nonisolated context; this is an error in the Swift 6 language mode
        let data = try encoder.encode(original)
                               ^
/Users/einar/Sites/utvikler-einar-hansen/TennerGrid/TennerGridTests/Models/GameActionTests.swift:446:35: warning: main actor-isolated conformance of 'GameAction' to 'Decodable' cannot be used in nonisolated context; this is an error in the Swift 6 language mode
        let decoded = try decoder.decode(GameAction.self, from: data)
                                  ^
@__swiftmacro_15TennerGridTests0026GameActionTestsswift_DsAGgfMX448_8_6expectfMf0_.swift:1:54: warning: main actor-isolated conformance of 'CellPosition' to 'Equatable' cannot be used in nonisolated context; this is an error in the Swift 6 language mode
Testing.__checkBinaryOperation(decoded.position,{ $0 == $1() },original.position,expression: .__fromBinaryOperation(.__fromSyntaxNode("decoded.position"),"==",.__fromSyntaxNode("original.position")),comments: [],isRequired: false,sourceLocation: Testing.SourceLocation.__here()).__expected()
                                                     ^
/Users/einar/Sites/utvikler-einar-hansen/TennerGrid/TennerGridTests/Models/GameActionTests.swift:449:9: note: in expansion of macro 'expect' here
        #expect(decoded.position == original.position)
        ^~~~~~~~~~~~~~~~~~~~~~~~~~~~~~~~~~~~~~~~~~~~~~
/Users/einar/Sites/utvikler-einar-hansen/TennerGrid/TennerGridTests/Models/GameActionTests.swift:449:9: note: in expansion of macro 'expect' here
        #expect(decoded.position == original.position)
        ^~~~~~~~~~~~~~~~~~~~~~~~~~~~~~~~~~~~~~~~~~~~~~
/Users/einar/Sites/utvikler-einar-hansen/TennerGrid/TennerGridTests/Models/GameActionTests.swift:469:36: warning: main actor-isolated conformance of 'GameAction' to 'Encodable' cannot be used in nonisolated context; this is an error in the Swift 6 language mode
            let data = try encoder.encode(original)
                                   ^
/Users/einar/Sites/utvikler-einar-hansen/TennerGrid/TennerGridTests/Models/GameActionTests.swift:470:39: warning: main actor-isolated conformance of 'GameAction' to 'Decodable' cannot be used in nonisolated context; this is an error in the Swift 6 language mode
            let decoded = try decoder.decode(GameAction.self, from: data)
                                      ^
@__swiftmacro_15TennerGridTests0026GameActionTestsswift_DsAGgfMX471_12_6expectfMf0_.swift:1:54: warning: main actor-isolated conformance of 'CellPosition' to 'Equatable' cannot be used in nonisolated context; this is an error in the Swift 6 language mode
Testing.__checkBinaryOperation(decoded.position,{ $0 == $1() },original.position,expression: .__fromBinaryOperation(.__fromSyntaxNode("decoded.position"),"==",.__fromSyntaxNode("original.position")),comments: [],isRequired: false,sourceLocation: Testing.SourceLocation.__here()).__expected()
                                                     ^
/Users/einar/Sites/utvikler-einar-hansen/TennerGrid/TennerGridTests/Models/GameActionTests.swift:472:13: note: in expansion of macro 'expect' here
            #expect(decoded.position == original.position)
            ^~~~~~~~~~~~~~~~~~~~~~~~~~~~~~~~~~~~~~~~~~~~~~
/Users/einar/Sites/utvikler-einar-hansen/TennerGrid/TennerGridTests/Models/GameActionTests.swift:472:13: note: in expansion of macro 'expect' here
            #expect(decoded.position == original.position)
            ^~~~~~~~~~~~~~~~~~~~~~~~~~~~~~~~~~~~~~~~~~~~~~
@__swiftmacro_15TennerGridTests0026GameActionTestsswift_DsAGgfMX561_8_6expectfMf_.swift:1:54: warning: main actor-isolated conformance of 'CellPosition' to 'Equatable' cannot be used in nonisolated context; this is an error in the Swift 6 language mode
Testing.__checkBinaryOperation(action1.position,{ $0 == $1() },action2.position,expression: .__fromBinaryOperation(.__fromSyntaxNode("action1.position"),"==",.__fromSyntaxNode("action2.position")),comments: [],isRequired: false,sourceLocation: Testing.SourceLocation.__here()).__expected()
                                                     ^
/Users/einar/Sites/utvikler-einar-hansen/TennerGrid/TennerGridTests/Models/GameActionTests.swift:562:9: note: in expansion of macro 'expect' here
        #expect(action1.position == action2.position)
        ^~~~~~~~~~~~~~~~~~~~~~~~~~~~~~~~~~~~~~~~~~~~~
/Users/einar/Sites/utvikler-einar-hansen/TennerGrid/TennerGridTests/Models/GameActionTests.swift:562:9: note: in expansion of macro 'expect' here
        #expect(action1.position == action2.position)
        ^~~~~~~~~~~~~~~~~~~~~~~~~~~~~~~~~~~~~~~~~~~~~
@__swiftmacro_15TennerGridTests0026GameActionTestsswift_DsAGgfMX562_8_6expectfMf0_.swift:1:54: warning: main actor-isolated conformance of 'CellPosition' to 'Equatable' cannot be used in nonisolated context; this is an error in the Swift 6 language mode
Testing.__checkBinaryOperation(action2.position,{ $0 == $1() },action3.position,expression: .__fromBinaryOperation(.__fromSyntaxNode("action2.position"),"==",.__fromSyntaxNode("action3.position")),comments: [],isRequired: false,sourceLocation: Testing.SourceLocation.__here()).__expected()
                                                     ^
/Users/einar/Sites/utvikler-einar-hansen/TennerGrid/TennerGridTests/Models/GameActionTests.swift:563:9: note: in expansion of macro 'expect' here
        #expect(action2.position == action3.position)
        ^~~~~~~~~~~~~~~~~~~~~~~~~~~~~~~~~~~~~~~~~~~~~
/Users/einar/Sites/utvikler-einar-hansen/TennerGrid/TennerGridTests/Models/GameActionTests.swift:563:9: note: in expansion of macro 'expect' here
        #expect(action2.position == action3.position)
        ^~~~~~~~~~~~~~~~~~~~~~~~~~~~~~~~~~~~~~~~~~~~~
@__swiftmacro_15TennerGridTests0025GameStateTestsswift_jqFBgfMX461_8_6expectfMf_.swift:1:56: warning: main actor-isolated conformance of 'CellPosition' to 'Equatable' cannot be used in nonisolated context; this is an error in the Swift 6 language mode
Testing.__checkBinaryOperation(state.selectedCell,{ $0 == $1() },position,expression: .__fromBinaryOperation(.__fromSyntaxNode("state.selectedCell"),"==",.__fromSyntaxNode("position")),comments: [],isRequired: false,sourceLocation: Testing.SourceLocation.__here()).__expected()
                                                       ^
/Users/einar/Sites/utvikler-einar-hansen/TennerGrid/TennerGridTests/Models/GameStateTests.swift:462:9: note: in expansion of macro 'expect' here
        #expect(state.selectedCell == position)
        ^~~~~~~~~~~~~~~~~~~~~~~~~~~~~~~~~~~~~~~
/Users/einar/Sites/utvikler-einar-hansen/TennerGrid/TennerGridTests/Models/GameStateTests.swift:462:9: note: in expansion of macro 'expect' here
        #expect(state.selectedCell == position)
        ^~~~~~~~~~~~~~~~~~~~~~~~~~~~~~~~~~~~~~~
@__swiftmacro_15TennerGridTests0025GameStateTestsswift_jqFBgfMX711_8_6expectfMf_.swift:1:44: warning: main actor-isolated conformance of 'GameState' to 'Equatable' cannot be used in nonisolated context; this is an error in the Swift 6 language mode
Testing.__checkBinaryOperation(state1,{ $0 == $1() },state2,expression: .__fromBinaryOperation(.__fromSyntaxNode("state1"),"==",.__fromSyntaxNode("state2")),comments: [],isRequired: false,sourceLocation: Testing.SourceLocation.__here()).__expected()
                                           ^
/Users/einar/Sites/utvikler-einar-hansen/TennerGrid/TennerGridTests/Models/GameStateTests.swift:712:9: note: in expansion of macro 'expect' here
        #expect(state1 == state2)
        ^~~~~~~~~~~~~~~~~~~~~~~~~
/Users/einar/Sites/utvikler-einar-hansen/TennerGrid/TennerGridTests/Models/GameStateTests.swift:712:9: note: in expansion of macro 'expect' here
        #expect(state1 == state2)
        ^~~~~~~~~~~~~~~~~~~~~~~~~
@__swiftmacro_15TennerGridTests0025GameStateTestsswift_jqFBgfMX720_8_6expectfMf_.swift:1:44: warning: main actor-isolated conformance of 'GameState' to 'Equatable' cannot be used in nonisolated context; this is an error in the Swift 6 language mode
Testing.__checkBinaryOperation(state1,{ $0 != $1() },state2,expression: .__fromBinaryOperation(.__fromSyntaxNode("state1"),"!=",.__fromSyntaxNode("state2")),comments: [],isRequired: false,sourceLocation: Testing.SourceLocation.__here()).__expected()
                                           ^
/Users/einar/Sites/utvikler-einar-hansen/TennerGrid/TennerGridTests/Models/GameStateTests.swift:721:9: note: in expansion of macro 'expect' here
        #expect(state1 != state2)
        ^~~~~~~~~~~~~~~~~~~~~~~~~
/Users/einar/Sites/utvikler-einar-hansen/TennerGrid/TennerGridTests/Models/GameStateTests.swift:721:9: note: in expansion of macro 'expect' here
        #expect(state1 != state2)
        ^~~~~~~~~~~~~~~~~~~~~~~~~
@__swiftmacro_15TennerGridTests0025GameStateTestsswift_jqFBgfMX731_8_6expectfMf_.swift:1:44: warning: main actor-isolated conformance of 'GameState' to 'Equatable' cannot be used in nonisolated context; this is an error in the Swift 6 language mode
Testing.__checkBinaryOperation(state1,{ $0 != $1() },state2,expression: .__fromBinaryOperation(.__fromSyntaxNode("state1"),"!=",.__fromSyntaxNode("state2")),comments: [],isRequired: false,sourceLocation: Testing.SourceLocation.__here()).__expected()
                                           ^
/Users/einar/Sites/utvikler-einar-hansen/TennerGrid/TennerGridTests/Models/GameStateTests.swift:732:9: note: in expansion of macro 'expect' here
        #expect(state1 != state2)
        ^~~~~~~~~~~~~~~~~~~~~~~~~
/Users/einar/Sites/utvikler-einar-hansen/TennerGrid/TennerGridTests/Models/GameStateTests.swift:732:9: note: in expansion of macro 'expect' here
        #expect(state1 != state2)
        ^~~~~~~~~~~~~~~~~~~~~~~~~
/Users/einar/Sites/utvikler-einar-hansen/TennerGrid/TennerGridTests/Models/GameStateTests.swift:744:32: warning: main actor-isolated conformance of 'GameState' to 'Encodable' cannot be used in nonisolated context; this is an error in the Swift 6 language mode
        let data = try encoder.encode(state)
                               ^
/Users/einar/Sites/utvikler-einar-hansen/TennerGrid/TennerGridTests/Models/GameStateTests.swift:759:32: warning: main actor-isolated conformance of 'GameState' to 'Encodable' cannot be used in nonisolated context; this is an error in the Swift 6 language mode
        let data = try encoder.encode(original)
                               ^
/Users/einar/Sites/utvikler-einar-hansen/TennerGrid/TennerGridTests/Models/GameStateTests.swift:760:35: warning: main actor-isolated conformance of 'GameState' to 'Decodable' cannot be used in nonisolated context; this is an error in the Swift 6 language mode
        let decoded = try decoder.decode(GameState.self, from: data)
                                  ^
@__swiftmacro_15TennerGridTests0025GameStateTestsswift_jqFBgfMX761_8_6expectfMf_.swift:1:45: warning: main actor-isolated conformance of 'GameState' to 'Equatable' cannot be used in nonisolated context; this is an error in the Swift 6 language mode
Testing.__checkBinaryOperation(decoded,{ $0 == $1() },original,expression: .__fromBinaryOperation(.__fromSyntaxNode("decoded"),"==",.__fromSyntaxNode("original")),comments: [],isRequired: false,sourceLocation: Testing.SourceLocation.__here()).__expected()
                                            ^
/Users/einar/Sites/utvikler-einar-hansen/TennerGrid/TennerGridTests/Models/GameStateTests.swift:762:9: note: in expansion of macro 'expect' here
        #expect(decoded == original)
        ^~~~~~~~~~~~~~~~~~~~~~~~~~~~
/Users/einar/Sites/utvikler-einar-hansen/TennerGrid/TennerGridTests/Models/GameStateTests.swift:762:9: note: in expansion of macro 'expect' here
        #expect(decoded == original)
        ^~~~~~~~~~~~~~~~~~~~~~~~~~~~
/Users/einar/Sites/utvikler-einar-hansen/TennerGrid/TennerGridTests/Models/GameStateTests.swift:779:35: warning: main actor-isolated conformance of 'GameState' to 'Encodable' cannot be used in nonisolated context; this is an error in the Swift 6 language mode
        let encoded = try encoder.encode(state)
                                  ^
/Users/einar/Sites/utvikler-einar-hansen/TennerGrid/TennerGridTests/Models/GameStateTests.swift:780:35: warning: main actor-isolated conformance of 'GameState' to 'Decodable' cannot be used in nonisolated context; this is an error in the Swift 6 language mode
        let decoded = try decoder.decode(GameState.self, from: encoded)
                                  ^
@__swiftmacro_15TennerGridTests0025GameStateTestsswift_jqFBgfMX783_8_6expectfMf1_.swift:1:58: warning: main actor-isolated conformance of 'CellPosition' to 'Equatable' cannot be used in nonisolated context; this is an error in the Swift 6 language mode
Testing.__checkBinaryOperation(decoded.selectedCell,{ $0 == $1() },state.selectedCell,expression: .__fromBinaryOperation(.__fromSyntaxNode("decoded.selectedCell"),"==",.__fromSyntaxNode("state.selectedCell")),comments: [],isRequired: false,sourceLocation: Testing.SourceLocation.__here()).__expected()
                                                         ^
/Users/einar/Sites/utvikler-einar-hansen/TennerGrid/TennerGridTests/Models/GameStateTests.swift:784:9: note: in expansion of macro 'expect' here
        #expect(decoded.selectedCell == state.selectedCell)
        ^~~~~~~~~~~~~~~~~~~~~~~~~~~~~~~~~~~~~~~~~~~~~~~~~~~
/Users/einar/Sites/utvikler-einar-hansen/TennerGrid/TennerGridTests/Models/GameStateTests.swift:784:9: note: in expansion of macro 'expect' here
        #expect(decoded.selectedCell == state.selectedCell)
        ^~~~~~~~~~~~~~~~~~~~~~~~~~~~~~~~~~~~~~~~~~~~~~~~~~~
/Users/einar/Sites/utvikler-einar-hansen/TennerGrid/TennerGridTests/ViewModels/GameViewModelTests.swift:2850:21: warning: 'expectation' mutated after capture by sendable closure
        expectation = XCTestExpectation(description: "Settings observer should update")
                    ^
/Users/einar/Sites/utvikler-einar-hansen/TennerGrid/TennerGridTests/ViewModels/GameViewModelTests.swift:2831:13: note: variable defined here
        var expectation = XCTestExpectation(description: "Settings observer should update")
            ^
/Users/einar/Sites/utvikler-einar-hansen/TennerGrid/TennerGridTests/ViewModels/GameViewModelTests.swift:2832:63: note: variable captured by sendable closure
        DispatchQueue.main.asyncAfter(deadline: .now() + 0.1) {
                                                              ^
/Users/einar/Sites/utvikler-einar-hansen/TennerGrid/TennerGridTests/ViewModels/GameViewModelTests.swift:2833:13: note: capturing use
            expectation.fulfill()
            ^
/Users/einar/Sites/utvikler-einar-hansen/TennerGrid/TennerGridTests/ViewModels/GameViewModelTests.swift:2831:13: note: variable defined here
        var expectation = XCTestExpectation(description: "Settings observer should update")
            ^
/Users/einar/Sites/utvikler-einar-hansen/TennerGrid/TennerGridTests/ViewModels/GameViewModelTests.swift:2832:63: note: variable captured by sendable closure
        DispatchQueue.main.asyncAfter(deadline: .now() + 0.1) {
                                                              ^
/Users/einar/Sites/utvikler-einar-hansen/TennerGrid/TennerGridTests/ViewModels/GameViewModelTests.swift:2833:13: note: capturing use
            expectation.fulfill()
            ^
/Users/einar/Sites/utvikler-einar-hansen/TennerGrid/TennerGridTests/ViewModels/GameViewModelTests.swift:3008:21: warning: 'expectation' mutated after capture by sendable closure
        expectation = XCTestExpectation(description: "Settings observer should update")
                    ^
/Users/einar/Sites/utvikler-einar-hansen/TennerGrid/TennerGridTests/ViewModels/GameViewModelTests.swift:2998:13: note: variable defined here
        var expectation = XCTestExpectation(description: "Settings observer should update")
            ^
/Users/einar/Sites/utvikler-einar-hansen/TennerGrid/TennerGridTests/ViewModels/GameViewModelTests.swift:2999:63: note: variable captured by sendable closure
        DispatchQueue.main.asyncAfter(deadline: .now() + 0.1) {
                                                              ^
/Users/einar/Sites/utvikler-einar-hansen/TennerGrid/TennerGridTests/ViewModels/GameViewModelTests.swift:3000:13: note: capturing use
            expectation.fulfill()
            ^
/Users/einar/Sites/utvikler-einar-hansen/TennerGrid/TennerGridTests/ViewModels/GameViewModelTests.swift:2998:13: note: variable defined here
        var expectation = XCTestExpectation(description: "Settings observer should update")
            ^
/Users/einar/Sites/utvikler-einar-hansen/TennerGrid/TennerGridTests/ViewModels/GameViewModelTests.swift:2999:63: note: variable captured by sendable closure
        DispatchQueue.main.asyncAfter(deadline: .now() + 0.1) {
                                                              ^
/Users/einar/Sites/utvikler-einar-hansen/TennerGrid/TennerGridTests/ViewModels/GameViewModelTests.swift:3000:13: note: capturing use
            expectation.fulfill()
            ^
/Users/einar/Sites/utvikler-einar-hansen/TennerGrid/TennerGridTests/TestFixtures.swift:16:50: warning: main actor-isolated conformance of 'PuzzleResponse' to 'Decodable' cannot be used in nonisolated context; this is an error in the Swift 6 language mode
               let response = try? JSONDecoder().decode(PuzzleResponse.self, from: data)
                                                 ^
/Users/einar/Sites/utvikler-einar-hansen/TennerGrid/TennerGridTests/TestFixtures.swift:16:50: warning: main actor-isolated conformance of 'PuzzleResponse' to 'Decodable' cannot be used in nonisolated context; this is an error in the Swift 6 language mode
               let response = try? JSONDecoder().decode(PuzzleResponse.self, from: data)
                                                 ^
/Users/einar/Sites/utvikler-einar-hansen/TennerGrid/TennerGridTests/Services/HintServiceTests.swift:334:13: warning: main actor-isolated conformance of 'CellPosition' to 'Equatable' cannot be used in nonisolated context; this is an error in the Swift 6 language mode
            XCTAssertEqual(pos, position)
            ^
/Users/einar/Sites/utvikler-einar-hansen/TennerGrid/TennerGridTests/Services/PuzzleManagerTests.swift:386:25: warning: call to main actor-isolated initializer 'init(puzzle:startedAt:)' in a synchronous nonisolated context
        let gameState = GameState(puzzle: puzzle)
                        ^
TennerGrid.GameState.init:2:21: note: calls to initializer 'init(puzzle:startedAt:)' from outside of its actor context are implicitly asynchronous
@MainActor internal init(puzzle: TennerGrid.TennerGridPuzzle, startedAt: Date = Date())}
                    ^
/Users/einar/Sites/utvikler-einar-hansen/TennerGrid/TennerGridTests/Services/PuzzleManagerTests.swift:387:25: warning: call to main actor-isolated initializer 'init(puzzle:gameState:savedAt:)' in a synchronous nonisolated context
        let savedGame = SavedGame(puzzle: puzzle, gameState: gameState)
                        ^
TennerGrid.SavedGame.init:2:21: note: calls to initializer 'init(puzzle:gameState:savedAt:)' from outside of its actor context are implicitly asynchronous
@MainActor internal init(puzzle: TennerGrid.TennerGridPuzzle, gameState: TennerGrid.GameState, savedAt: Date = Date())}
                    ^
/Users/einar/Sites/utvikler-einar-hansen/TennerGrid/TennerGridTests/Services/PuzzleManagerTests.swift:391:32: warning: main actor-isolated conformance of 'SavedGame' to 'Encodable' cannot be used in nonisolated context; this is an error in the Swift 6 language mode
        let data = try encoder.encode(savedGame)
                               ^
/Users/einar/Sites/utvikler-einar-hansen/TennerGrid/TennerGridTests/Services/PuzzleManagerTests.swift:395:39: warning: main actor-isolated conformance of 'SavedGame' to 'Decodable' cannot be used in nonisolated context; this is an error in the Swift 6 language mode
        let decodedGame = try decoder.decode(SavedGame.self, from: data)
                                      ^
/Users/einar/Sites/utvikler-einar-hansen/TennerGrid/TennerGridTests/Services/PuzzleManagerTests.swift:397:43: warning: main actor-isolated property 'id' can not be referenced from a nonisolated autoclosure
        XCTAssertEqual(decodedGame.puzzle.id, savedGame.puzzle.id)
                                          ^
TennerGrid.TennerGridPuzzle.id:2:25: note: property declared here
@MainActor internal let id: UUID}
                        ^
/Users/einar/Sites/utvikler-einar-hansen/TennerGrid/TennerGridTests/Services/PuzzleManagerTests.swift:397:36: warning: main actor-isolated property 'puzzle' can not be referenced from a nonisolated autoclosure
        XCTAssertEqual(decodedGame.puzzle.id, savedGame.puzzle.id)
                                   ^
TennerGrid.SavedGame.puzzle:2:25: note: property declared here
@MainActor internal let puzzle: TennerGrid.TennerGridPuzzle}
                        ^
/Users/einar/Sites/utvikler-einar-hansen/TennerGrid/TennerGridTests/Services/PuzzleManagerTests.swift:397:64: warning: main actor-isolated property 'id' can not be referenced from a nonisolated autoclosure
        XCTAssertEqual(decodedGame.puzzle.id, savedGame.puzzle.id)
                                                               ^
TennerGrid.TennerGridPuzzle.id:2:25: note: property declared here
@MainActor internal let id: UUID}
                        ^
/Users/einar/Sites/utvikler-einar-hansen/TennerGrid/TennerGridTests/Services/PuzzleManagerTests.swift:397:57: warning: main actor-isolated property 'puzzle' can not be referenced from a nonisolated autoclosure
        XCTAssertEqual(decodedGame.puzzle.id, savedGame.puzzle.id)
                                                        ^
TennerGrid.SavedGame.puzzle:2:25: note: property declared here
@MainActor internal let puzzle: TennerGrid.TennerGridPuzzle}
                        ^
/Users/einar/Sites/utvikler-einar-hansen/TennerGrid/TennerGridTests/Services/PuzzleManagerTests.swift:398:53: warning: main actor-isolated property 'id' can not be referenced from a nonisolated autoclosure
        XCTAssertEqual(decodedGame.gameState.puzzle.id, savedGame.gameState.puzzle.id)
                                                    ^
TennerGrid.TennerGridPuzzle.id:2:25: note: property declared here
@MainActor internal let id: UUID}
                        ^
/Users/einar/Sites/utvikler-einar-hansen/TennerGrid/TennerGridTests/Services/PuzzleManagerTests.swift:398:46: warning: main actor-isolated property 'puzzle' can not be referenced from a nonisolated autoclosure
        XCTAssertEqual(decodedGame.gameState.puzzle.id, savedGame.gameState.puzzle.id)
                                             ^
TennerGrid.GameState.puzzle:2:25: note: property declared here
@MainActor internal let puzzle: TennerGrid.TennerGridPuzzle}
                        ^
/Users/einar/Sites/utvikler-einar-hansen/TennerGrid/TennerGridTests/Services/PuzzleManagerTests.swift:398:36: warning: main actor-isolated property 'gameState' can not be referenced from a nonisolated autoclosure
        XCTAssertEqual(decodedGame.gameState.puzzle.id, savedGame.gameState.puzzle.id)
                                   ^
TennerGrid.SavedGame.gameState:2:25: note: property declared here
@MainActor internal let gameState: TennerGrid.GameState}
                        ^
/Users/einar/Sites/utvikler-einar-hansen/TennerGrid/TennerGridTests/Services/PuzzleManagerTests.swift:398:84: warning: main actor-isolated property 'id' can not be referenced from a nonisolated autoclosure
        XCTAssertEqual(decodedGame.gameState.puzzle.id, savedGame.gameState.puzzle.id)
                                                                                   ^
TennerGrid.TennerGridPuzzle.id:2:25: note: property declared here
@MainActor internal let id: UUID}
                        ^
/Users/einar/Sites/utvikler-einar-hansen/TennerGrid/TennerGridTests/Services/PuzzleManagerTests.swift:398:77: warning: main actor-isolated property 'puzzle' can not be referenced from a nonisolated autoclosure
        XCTAssertEqual(decodedGame.gameState.puzzle.id, savedGame.gameState.puzzle.id)
                                                                            ^
TennerGrid.GameState.puzzle:2:25: note: property declared here
@MainActor internal let puzzle: TennerGrid.TennerGridPuzzle}
                        ^
/Users/einar/Sites/utvikler-einar-hansen/TennerGrid/TennerGridTests/Services/PuzzleManagerTests.swift:398:67: warning: main actor-isolated property 'gameState' can not be referenced from a nonisolated autoclosure
        XCTAssertEqual(decodedGame.gameState.puzzle.id, savedGame.gameState.puzzle.id)
                                                                  ^
TennerGrid.SavedGame.gameState:2:25: note: property declared here
@MainActor internal let gameState: TennerGrid.GameState}
                        ^
/Users/einar/Sites/utvikler-einar-hansen/TennerGrid/TennerGridTests/Services/PuzzleManagerTests.swift:405:58: warning: call to main actor-isolated instance method 'firstPuzzle(difficulty:rows:)' in a synchronous nonisolated context
        guard let template = BundledPuzzleService.shared.firstPuzzle(difficulty: .easy, rows: 5) else {
                                                         ^
TennerGrid.BundledPuzzleService.firstPuzzle:2:26: note: calls to instance method 'firstPuzzle(difficulty:rows:)' from outside of its actor context are implicitly asynchronous
@MainActor internal func firstPuzzle(difficulty: TennerGrid.Difficulty, rows: Int = 5) -> TennerGrid.TennerGridPuzzle?}
                         ^
/Users/einar/Sites/utvikler-einar-hansen/TennerGrid/TennerGridTests/Services/PuzzleManagerTests.swift:405:51: warning: main actor-isolated class property 'shared' can not be referenced from a nonisolated context
        guard let template = BundledPuzzleService.shared.firstPuzzle(difficulty: .easy, rows: 5) else {
                                                  ^
TennerGrid.BundledPuzzleService.shared:2:31: note: class property declared here
@MainActor internal class let shared: TennerGrid.BundledPuzzleService}
                              ^
/Users/einar/Sites/utvikler-einar-hansen/TennerGrid/TennerGridTests/Services/PuzzleManagerTests.swift:409:16: warning: call to main actor-isolated initializer 'init(id:columns:rows:difficulty:targetSums:initialGrid:solution:createdAt:)' in a synchronous nonisolated context
        return TennerGridPuzzle(
               ^
TennerGrid.TennerGridPuzzle.init:2:21: note: calls to initializer 'init(id:columns:rows:difficulty:targetSums:initialGrid:solution:createdAt:)' from outside of its actor context are implicitly asynchronous
@MainActor internal init(id: UUID = UUID(), columns: Int, rows: Int, difficulty: TennerGrid.Difficulty, targetSums: [Int], initialGrid: [[Int?]], solution: [[Int]], createdAt: Date = Date())}
                    ^
/Users/einar/Sites/utvikler-einar-hansen/TennerGrid/TennerGridTests/Services/PuzzleManagerTests.swift:411:31: warning: main actor-isolated property 'columns' can not be referenced from a nonisolated context
            columns: template.columns,
                              ^
TennerGrid.TennerGridPuzzle.columns:2:25: note: property declared here
@MainActor internal let columns: Int}
                        ^
/Users/einar/Sites/utvikler-einar-hansen/TennerGrid/TennerGridTests/Services/PuzzleManagerTests.swift:412:28: warning: main actor-isolated property 'rows' can not be referenced from a nonisolated context
            rows: template.rows,
                           ^
TennerGrid.TennerGridPuzzle.rows:2:25: note: property declared here
@MainActor internal let rows: Int}
                        ^
/Users/einar/Sites/utvikler-einar-hansen/TennerGrid/TennerGridTests/Services/PuzzleManagerTests.swift:413:34: warning: main actor-isolated property 'difficulty' can not be referenced from a nonisolated context
            difficulty: template.difficulty,
                                 ^
TennerGrid.TennerGridPuzzle.difficulty:2:25: note: property declared here
@MainActor internal let difficulty: TennerGrid.Difficulty}
                        ^
/Users/einar/Sites/utvikler-einar-hansen/TennerGrid/TennerGridTests/Services/PuzzleManagerTests.swift:414:34: warning: main actor-isolated property 'targetSums' can not be referenced from a nonisolated context
            targetSums: template.targetSums,
                                 ^
TennerGrid.TennerGridPuzzle.targetSums:2:25: note: property declared here
@MainActor internal let targetSums: [Int]}
                        ^
/Users/einar/Sites/utvikler-einar-hansen/TennerGrid/TennerGridTests/Services/PuzzleManagerTests.swift:415:35: warning: main actor-isolated property 'initialGrid' can not be referenced from a nonisolated context
            initialGrid: template.initialGrid,
                                  ^
TennerGrid.TennerGridPuzzle.initialGrid:2:25: note: property declared here
@MainActor internal let initialGrid: [[Int?]]}
                        ^
/Users/einar/Sites/utvikler-einar-hansen/TennerGrid/TennerGridTests/Services/PuzzleManagerTests.swift:416:32: warning: main actor-isolated property 'solution' can not be referenced from a nonisolated context
            solution: template.solution,
                               ^
TennerGrid.TennerGridPuzzle.solution:2:25: note: property declared here
@MainActor internal let solution: [[Int]]}
                        ^
/Users/einar/Sites/utvikler-einar-hansen/TennerGrid/TennerGridTests/Services/PuzzleManagerTests.swift:417:33: warning: main actor-isolated property 'createdAt' can not be referenced from a nonisolated context
            createdAt: template.createdAt
                                ^
TennerGrid.TennerGridPuzzle.createdAt:2:25: note: property declared here
@MainActor internal let createdAt: Date}
                        ^
@__swiftmacro_15TennerGridTests0027AchievementTestsswift_ovFAhfMX613_8_6expectfMf_.swift:1:50: warning: main actor-isolated conformance of 'Achievement' to 'Equatable' cannot be used in nonisolated context; this is an error in the Swift 6 language mode
Testing.__checkBinaryOperation(achievement1,{ $0 == $1() },achievement2,expression: .__fromBinaryOperation(.__fromSyntaxNode("achievement1"),"==",.__fromSyntaxNode("achievement2")),comments: [],isRequired: false,sourceLocation: Testing.SourceLocation.__here()).__expected()
                                                 ^
/Users/einar/Sites/utvikler-einar-hansen/TennerGrid/TennerGridTests/Models/AchievementTests.swift:614:9: note: in expansion of macro 'expect' here
        #expect(achievement1 == achievement2)
        ^~~~~~~~~~~~~~~~~~~~~~~~~~~~~~~~~~~~~
/Users/einar/Sites/utvikler-einar-hansen/TennerGrid/TennerGridTests/Models/AchievementTests.swift:614:9: note: in expansion of macro 'expect' here
        #expect(achievement1 == achievement2)
        ^~~~~~~~~~~~~~~~~~~~~~~~~~~~~~~~~~~~~
@__swiftmacro_15TennerGridTests0027AchievementTestsswift_ovFAhfMX633_8_6expectfMf_.swift:1:50: warning: main actor-isolated conformance of 'Achievement' to 'Equatable' cannot be used in nonisolated context; this is an error in the Swift 6 language mode
Testing.__checkBinaryOperation(achievement1,{ $0 != $1() },achievement2,expression: .__fromBinaryOperation(.__fromSyntaxNode("achievement1"),"!=",.__fromSyntaxNode("achievement2")),comments: [],isRequired: false,sourceLocation: Testing.SourceLocation.__here()).__expected()
                                                 ^
/Users/einar/Sites/utvikler-einar-hansen/TennerGrid/TennerGridTests/Models/AchievementTests.swift:634:9: note: in expansion of macro 'expect' here
        #expect(achievement1 != achievement2)
        ^~~~~~~~~~~~~~~~~~~~~~~~~~~~~~~~~~~~~
/Users/einar/Sites/utvikler-einar-hansen/TennerGrid/TennerGridTests/Models/AchievementTests.swift:634:9: note: in expansion of macro 'expect' here
        #expect(achievement1 != achievement2)
        ^~~~~~~~~~~~~~~~~~~~~~~~~~~~~~~~~~~~~
@__swiftmacro_15TennerGridTests0027AchievementTestsswift_ovFAhfMX655_8_6expectfMf_.swift:1:50: warning: main actor-isolated conformance of 'Achievement' to 'Equatable' cannot be used in nonisolated context; this is an error in the Swift 6 language mode
Testing.__checkBinaryOperation(achievement1,{ $0 != $1() },achievement2,expression: .__fromBinaryOperation(.__fromSyntaxNode("achievement1"),"!=",.__fromSyntaxNode("achievement2")),comments: [],isRequired: false,sourceLocation: Testing.SourceLocation.__here()).__expected()
                                                 ^
/Users/einar/Sites/utvikler-einar-hansen/TennerGrid/TennerGridTests/Models/AchievementTests.swift:656:9: note: in expansion of macro 'expect' here
        #expect(achievement1 != achievement2)
        ^~~~~~~~~~~~~~~~~~~~~~~~~~~~~~~~~~~~~
/Users/einar/Sites/utvikler-einar-hansen/TennerGrid/TennerGridTests/Models/AchievementTests.swift:656:9: note: in expansion of macro 'expect' here
        #expect(achievement1 != achievement2)
        ^~~~~~~~~~~~~~~~~~~~~~~~~~~~~~~~~~~~~
/Users/einar/Sites/utvikler-einar-hansen/TennerGrid/TennerGridTests/Models/AchievementTests.swift:675:32: warning: main actor-isolated conformance of 'Achievement' to 'Encodable' cannot be used in nonisolated context; this is an error in the Swift 6 language mode
        let data = try encoder.encode(achievement)
                               ^
/Users/einar/Sites/utvikler-einar-hansen/TennerGrid/TennerGridTests/Models/AchievementTests.swift:696:32: warning: main actor-isolated conformance of 'Achievement' to 'Encodable' cannot be used in nonisolated context; this is an error in the Swift 6 language mode
        let data = try encoder.encode(original)
                               ^
/Users/einar/Sites/utvikler-einar-hansen/TennerGrid/TennerGridTests/Models/AchievementTests.swift:697:35: warning: main actor-isolated conformance of 'Achievement' to 'Decodable' cannot be used in nonisolated context; this is an error in the Swift 6 language mode
        let decoded = try decoder.decode(Achievement.self, from: data)
                                  ^
@__swiftmacro_15TennerGridTests0027AchievementTestsswift_ovFAhfMX698_8_6expectfMf_.swift:1:45: warning: main actor-isolated conformance of 'Achievement' to 'Equatable' cannot be used in nonisolated context; this is an error in the Swift 6 language mode
Testing.__checkBinaryOperation(decoded,{ $0 == $1() },original,expression: .__fromBinaryOperation(.__fromSyntaxNode("decoded"),"==",.__fromSyntaxNode("original")),comments: [],isRequired: false,sourceLocation: Testing.SourceLocation.__here()).__expected()
                                            ^
/Users/einar/Sites/utvikler-einar-hansen/TennerGrid/TennerGridTests/Models/AchievementTests.swift:699:9: note: in expansion of macro 'expect' here
        #expect(decoded == original)
        ^~~~~~~~~~~~~~~~~~~~~~~~~~~~
/Users/einar/Sites/utvikler-einar-hansen/TennerGrid/TennerGridTests/Models/AchievementTests.swift:699:9: note: in expansion of macro 'expect' here
        #expect(decoded == original)
        ^~~~~~~~~~~~~~~~~~~~~~~~~~~~
/Users/einar/Sites/utvikler-einar-hansen/TennerGrid/TennerGridTests/Models/AchievementTests.swift:719:35: warning: main actor-isolated conformance of 'Achievement' to 'Encodable' cannot be used in nonisolated context; this is an error in the Swift 6 language mode
        let encoded = try encoder.encode(achievement)
                                  ^
/Users/einar/Sites/utvikler-einar-hansen/TennerGrid/TennerGridTests/Models/AchievementTests.swift:720:35: warning: main actor-isolated conformance of 'Achievement' to 'Decodable' cannot be used in nonisolated context; this is an error in the Swift 6 language mode
        let decoded = try decoder.decode(Achievement.self, from: encoded)
                                  ^
/Users/einar/Sites/utvikler-einar-hansen/TennerGrid/TennerGridTests/Models/AchievementTests.swift:748:35: warning: main actor-isolated conformance of 'Achievement' to 'Encodable' cannot be used in nonisolated context; this is an error in the Swift 6 language mode
        let encoded = try encoder.encode(achievement)
                                  ^
/Users/einar/Sites/utvikler-einar-hansen/TennerGrid/TennerGridTests/Models/AchievementTests.swift:749:35: warning: main actor-isolated conformance of 'Achievement' to 'Decodable' cannot be used in nonisolated context; this is an error in the Swift 6 language mode
        let decoded = try decoder.decode(Achievement.self, from: encoded)
                                  ^
@__swiftmacro_15TennerGridTests0028CellPositionTestsswift_IxAFhfMX27_8_6expectfMf_.swift:1:42: warning: main actor-isolated conformance of 'CellPosition' to 'Equatable' cannot be used in nonisolated context; this is an error in the Swift 6 language mode
Testing.__checkBinaryOperation(pos1,{ $0 == $1() },pos2,expression: .__fromBinaryOperation(.__fromSyntaxNode("pos1"),"==",.__fromSyntaxNode("pos2")),comments: [],isRequired: false,sourceLocation: Testing.SourceLocation.__here()).__expected()
                                         ^
/Users/einar/Sites/utvikler-einar-hansen/TennerGrid/TennerGridTests/Models/CellPositionTests.swift:28:9: note: in expansion of macro 'expect' here
        #expect(pos1 == pos2)
        ^~~~~~~~~~~~~~~~~~~~~
/Users/einar/Sites/utvikler-einar-hansen/TennerGrid/TennerGridTests/Models/CellPositionTests.swift:28:9: note: in expansion of macro 'expect' here
        #expect(pos1 == pos2)
        ^~~~~~~~~~~~~~~~~~~~~
@__swiftmacro_15TennerGridTests0028CellPositionTestsswift_IxAFhfMX28_8_6expectfMf0_.swift:1:42: warning: main actor-isolated conformance of 'CellPosition' to 'Equatable' cannot be used in nonisolated context; this is an error in the Swift 6 language mode
Testing.__checkBinaryOperation(pos1,{ $0 != $1() },pos3,expression: .__fromBinaryOperation(.__fromSyntaxNode("pos1"),"!=",.__fromSyntaxNode("pos3")),comments: [],isRequired: false,sourceLocation: Testing.SourceLocation.__here()).__expected()
                                         ^
/Users/einar/Sites/utvikler-einar-hansen/TennerGrid/TennerGridTests/Models/CellPositionTests.swift:29:9: note: in expansion of macro 'expect' here
        #expect(pos1 != pos3)
        ^~~~~~~~~~~~~~~~~~~~~
/Users/einar/Sites/utvikler-einar-hansen/TennerGrid/TennerGridTests/Models/CellPositionTests.swift:29:9: note: in expansion of macro 'expect' here
        #expect(pos1 != pos3)
        ^~~~~~~~~~~~~~~~~~~~~
@__swiftmacro_15TennerGridTests0028CellPositionTestsswift_IxAFhfMX29_8_6expectfMf1_.swift:1:42: warning: main actor-isolated conformance of 'CellPosition' to 'Equatable' cannot be used in nonisolated context; this is an error in the Swift 6 language mode
Testing.__checkBinaryOperation(pos1,{ $0 != $1() },pos4,expression: .__fromBinaryOperation(.__fromSyntaxNode("pos1"),"!=",.__fromSyntaxNode("pos4")),comments: [],isRequired: false,sourceLocation: Testing.SourceLocation.__here()).__expected()
                                         ^
/Users/einar/Sites/utvikler-einar-hansen/TennerGrid/TennerGridTests/Models/CellPositionTests.swift:30:9: note: in expansion of macro 'expect' here
        #expect(pos1 != pos4)
        ^~~~~~~~~~~~~~~~~~~~~
/Users/einar/Sites/utvikler-einar-hansen/TennerGrid/TennerGridTests/Models/CellPositionTests.swift:30:9: note: in expansion of macro 'expect' here
        #expect(pos1 != pos4)
        ^~~~~~~~~~~~~~~~~~~~~
@__swiftmacro_15TennerGridTests0028CellPositionTestsswift_IxAFhfMX30_8_6expectfMf2_.swift:1:42: warning: main actor-isolated conformance of 'CellPosition' to 'Equatable' cannot be used in nonisolated context; this is an error in the Swift 6 language mode
Testing.__checkBinaryOperation(pos3,{ $0 != $1() },pos4,expression: .__fromBinaryOperation(.__fromSyntaxNode("pos3"),"!=",.__fromSyntaxNode("pos4")),comments: [],isRequired: false,sourceLocation: Testing.SourceLocation.__here()).__expected()
                                         ^
/Users/einar/Sites/utvikler-einar-hansen/TennerGrid/TennerGridTests/Models/CellPositionTests.swift:31:9: note: in expansion of macro 'expect' here
        #expect(pos3 != pos4)
        ^~~~~~~~~~~~~~~~~~~~~
/Users/einar/Sites/utvikler-einar-hansen/TennerGrid/TennerGridTests/Models/CellPositionTests.swift:31:9: note: in expansion of macro 'expect' here
        #expect(pos3 != pos4)
        ^~~~~~~~~~~~~~~~~~~~~
@__swiftmacro_15TennerGridTests0028CellPositionTestsswift_IxAFhfMX41_8_6expectfMf_.swift:1:36: warning: main actor-isolated conformance of 'CellPosition' to 'Hashable' cannot be used in nonisolated context; this is an error in the Swift 6 language mode
Testing.__checkBinaryOperation(set.count,{ $0 == $1() },2,expression: .__fromBinaryOperation(.__fromSyntaxNode("set.count"),"==",.__fromSyntaxNode("2")),comments: [],isRequired: false,sourceLocation: Testing.SourceLocation.__here()).__expected()
                                   ^
/Users/einar/Sites/utvikler-einar-hansen/TennerGrid/TennerGridTests/Models/CellPositionTests.swift:42:9: note: in expansion of macro 'expect' here
        #expect(set.count == 2) // pos1 and pos2 should be the same
        ^~~~~~~~~~~~~~~~~~~~~~~
/Users/einar/Sites/utvikler-einar-hansen/TennerGrid/TennerGridTests/Models/CellPositionTests.swift:42:9: note: in expansion of macro 'expect' here
        #expect(set.count == 2) // pos1 and pos2 should be the same
        ^~~~~~~~~~~~~~~~~~~~~~~
@__swiftmacro_15TennerGridTests0028CellPositionTestsswift_IxAFhfMX42_8_6expectfMf0_.swift:1:9: warning: main actor-isolated conformance of 'CellPosition' to 'Hashable' cannot be used in nonisolated context; this is an error in the Swift 6 language mode
Testing.__checkFunctionCall(set.self,calling: {
        ^
/Users/einar/Sites/utvikler-einar-hansen/TennerGrid/TennerGridTests/Models/CellPositionTests.swift:43:9: note: in expansion of macro 'expect' here
        #expect(set.contains(pos1))
        ^~~~~~~~~~~~~~~~~~~~~~~~~~~
/Users/einar/Sites/utvikler-einar-hansen/TennerGrid/TennerGridTests/Models/CellPositionTests.swift:43:9: note: in expansion of macro 'expect' here
        #expect(set.contains(pos1))
        ^~~~~~~~~~~~~~~~~~~~~~~~~~~
@__swiftmacro_15TennerGridTests0028CellPositionTestsswift_IxAFhfMX42_8_6expectfMf0_.swift:2:6: warning: main actor-isolated conformance of 'CellPosition' to 'Hashable' cannot be used in nonisolated context; this is an error in the Swift 6 language mode
  $0.contains($1)
     ^
/Users/einar/Sites/utvikler-einar-hansen/TennerGrid/TennerGridTests/Models/CellPositionTests.swift:43:9: note: in expansion of macro 'expect' here
        #expect(set.contains(pos1))
        ^~~~~~~~~~~~~~~~~~~~~~~~~~~
/Users/einar/Sites/utvikler-einar-hansen/TennerGrid/TennerGridTests/Models/CellPositionTests.swift:43:9: note: in expansion of macro 'expect' here
        #expect(set.contains(pos1))
        ^~~~~~~~~~~~~~~~~~~~~~~~~~~
@__swiftmacro_15TennerGridTests0028CellPositionTestsswift_IxAFhfMX43_8_6expectfMf1_.swift:1:9: warning: main actor-isolated conformance of 'CellPosition' to 'Hashable' cannot be used in nonisolated context; this is an error in the Swift 6 language mode
Testing.__checkFunctionCall(set.self,calling: {
        ^
/Users/einar/Sites/utvikler-einar-hansen/TennerGrid/TennerGridTests/Models/CellPositionTests.swift:44:9: note: in expansion of macro 'expect' here
        #expect(set.contains(pos3))
        ^~~~~~~~~~~~~~~~~~~~~~~~~~~
/Users/einar/Sites/utvikler-einar-hansen/TennerGrid/TennerGridTests/Models/CellPositionTests.swift:44:9: note: in expansion of macro 'expect' here
        #expect(set.contains(pos3))
        ^~~~~~~~~~~~~~~~~~~~~~~~~~~
@__swiftmacro_15TennerGridTests0028CellPositionTestsswift_IxAFhfMX43_8_6expectfMf1_.swift:2:6: warning: main actor-isolated conformance of 'CellPosition' to 'Hashable' cannot be used in nonisolated context; this is an error in the Swift 6 language mode
  $0.contains($1)
     ^
/Users/einar/Sites/utvikler-einar-hansen/TennerGrid/TennerGridTests/Models/CellPositionTests.swift:44:9: note: in expansion of macro 'expect' here
        #expect(set.contains(pos3))
        ^~~~~~~~~~~~~~~~~~~~~~~~~~~
/Users/einar/Sites/utvikler-einar-hansen/TennerGrid/TennerGridTests/Models/CellPositionTests.swift:44:9: note: in expansion of macro 'expect' here
        #expect(set.contains(pos3))
        ^~~~~~~~~~~~~~~~~~~~~~~~~~~
@__swiftmacro_15TennerGridTests0028CellPositionTestsswift_IxAFhfMX65_8_6expectfMf0_.swift:1:9: warning: main actor-isolated conformance of 'CellPosition' to 'Hashable' cannot be used in nonisolated context; this is an error in the Swift 6 language mode
Testing.__checkBinaryOperation(Set(adjacent),{ $0 == $1() },expected,expression: .__fromBinaryOperation(.__fromSyntaxNode("Set(adjacent)"),"==",.__fromSyntaxNode("expected")),comments: [],isRequired: false,sourceLocation: Testing.SourceLocation.__here()).__expected()
        ^
/Users/einar/Sites/utvikler-einar-hansen/TennerGrid/TennerGridTests/Models/CellPositionTests.swift:66:9: note: in expansion of macro 'expect' here
        #expect(Set(adjacent) == expected)
        ^~~~~~~~~~~~~~~~~~~~~~~~~~~~~~~~~~
/Users/einar/Sites/utvikler-einar-hansen/TennerGrid/TennerGridTests/Models/CellPositionTests.swift:66:9: note: in expansion of macro 'expect' here
        #expect(Set(adjacent) == expected)
        ^~~~~~~~~~~~~~~~~~~~~~~~~~~~~~~~~~
@__swiftmacro_15TennerGridTests0028CellPositionTestsswift_IxAFhfMX65_8_6expectfMf0_.swift:1:32: warning: main actor-isolated conformance of 'CellPosition' to 'Hashable' cannot be used in nonisolated context; this is an error in the Swift 6 language mode
Testing.__checkBinaryOperation(Set(adjacent),{ $0 == $1() },expected,expression: .__fromBinaryOperation(.__fromSyntaxNode("Set(adjacent)"),"==",.__fromSyntaxNode("expected")),comments: [],isRequired: false,sourceLocation: Testing.SourceLocation.__here()).__expected()
                               ^
/Users/einar/Sites/utvikler-einar-hansen/TennerGrid/TennerGridTests/Models/CellPositionTests.swift:66:9: note: in expansion of macro 'expect' here
        #expect(Set(adjacent) == expected)
        ^~~~~~~~~~~~~~~~~~~~~~~~~~~~~~~~~~
/Users/einar/Sites/utvikler-einar-hansen/TennerGrid/TennerGridTests/Models/CellPositionTests.swift:66:9: note: in expansion of macro 'expect' here
        #expect(Set(adjacent) == expected)
        ^~~~~~~~~~~~~~~~~~~~~~~~~~~~~~~~~~
@__swiftmacro_15TennerGridTests0028CellPositionTestsswift_IxAFhfMX65_8_6expectfMf0_.swift:1:51: warning: main actor-isolated conformance of 'CellPosition' to 'Hashable' cannot be used in nonisolated context; this is an error in the Swift 6 language mode
Testing.__checkBinaryOperation(Set(adjacent),{ $0 == $1() },expected,expression: .__fromBinaryOperation(.__fromSyntaxNode("Set(adjacent)"),"==",.__fromSyntaxNode("expected")),comments: [],isRequired: false,sourceLocation: Testing.SourceLocation.__here()).__expected()
                                                  ^
/Users/einar/Sites/utvikler-einar-hansen/TennerGrid/TennerGridTests/Models/CellPositionTests.swift:66:9: note: in expansion of macro 'expect' here
        #expect(Set(adjacent) == expected)
        ^~~~~~~~~~~~~~~~~~~~~~~~~~~~~~~~~~
/Users/einar/Sites/utvikler-einar-hansen/TennerGrid/TennerGridTests/Models/CellPositionTests.swift:66:9: note: in expansion of macro 'expect' here
        #expect(Set(adjacent) == expected)
        ^~~~~~~~~~~~~~~~~~~~~~~~~~~~~~~~~~
@__swiftmacro_15TennerGridTests0028CellPositionTestsswift_IxAFhfMX80_8_6expectfMf0_.swift:1:9: warning: main actor-isolated conformance of 'CellPosition' to 'Hashable' cannot be used in nonisolated context; this is an error in the Swift 6 language mode
Testing.__checkBinaryOperation(Set(adjacent),{ $0 == $1() },expected,expression: .__fromBinaryOperation(.__fromSyntaxNode("Set(adjacent)"),"==",.__fromSyntaxNode("expected")),comments: [],isRequired: false,sourceLocation: Testing.SourceLocation.__here()).__expected()
        ^
/Users/einar/Sites/utvikler-einar-hansen/TennerGrid/TennerGridTests/Models/CellPositionTests.swift:81:9: note: in expansion of macro 'expect' here
        #expect(Set(adjacent) == expected)
        ^~~~~~~~~~~~~~~~~~~~~~~~~~~~~~~~~~
/Users/einar/Sites/utvikler-einar-hansen/TennerGrid/TennerGridTests/Models/CellPositionTests.swift:81:9: note: in expansion of macro 'expect' here
        #expect(Set(adjacent) == expected)
        ^~~~~~~~~~~~~~~~~~~~~~~~~~~~~~~~~~
@__swiftmacro_15TennerGridTests0028CellPositionTestsswift_IxAFhfMX80_8_6expectfMf0_.swift:1:32: warning: main actor-isolated conformance of 'CellPosition' to 'Hashable' cannot be used in nonisolated context; this is an error in the Swift 6 language mode
Testing.__checkBinaryOperation(Set(adjacent),{ $0 == $1() },expected,expression: .__fromBinaryOperation(.__fromSyntaxNode("Set(adjacent)"),"==",.__fromSyntaxNode("expected")),comments: [],isRequired: false,sourceLocation: Testing.SourceLocation.__here()).__expected()
                               ^
/Users/einar/Sites/utvikler-einar-hansen/TennerGrid/TennerGridTests/Models/CellPositionTests.swift:81:9: note: in expansion of macro 'expect' here
        #expect(Set(adjacent) == expected)
        ^~~~~~~~~~~~~~~~~~~~~~~~~~~~~~~~~~
/Users/einar/Sites/utvikler-einar-hansen/TennerGrid/TennerGridTests/Models/CellPositionTests.swift:81:9: note: in expansion of macro 'expect' here
        #expect(Set(adjacent) == expected)
        ^~~~~~~~~~~~~~~~~~~~~~~~~~~~~~~~~~
@__swiftmacro_15TennerGridTests0028CellPositionTestsswift_IxAFhfMX80_8_6expectfMf0_.swift:1:51: warning: main actor-isolated conformance of 'CellPosition' to 'Hashable' cannot be used in nonisolated context; this is an error in the Swift 6 language mode
Testing.__checkBinaryOperation(Set(adjacent),{ $0 == $1() },expected,expression: .__fromBinaryOperation(.__fromSyntaxNode("Set(adjacent)"),"==",.__fromSyntaxNode("expected")),comments: [],isRequired: false,sourceLocation: Testing.SourceLocation.__here()).__expected()
                                                  ^
/Users/einar/Sites/utvikler-einar-hansen/TennerGrid/TennerGridTests/Models/CellPositionTests.swift:81:9: note: in expansion of macro 'expect' here
        #expect(Set(adjacent) == expected)
        ^~~~~~~~~~~~~~~~~~~~~~~~~~~~~~~~~~
/Users/einar/Sites/utvikler-einar-hansen/TennerGrid/TennerGridTests/Models/CellPositionTests.swift:81:9: note: in expansion of macro 'expect' here
        #expect(Set(adjacent) == expected)
        ^~~~~~~~~~~~~~~~~~~~~~~~~~~~~~~~~~
@__swiftmacro_15TennerGridTests0028CellPositionTestsswift_IxAFhfMX95_8_6expectfMf0_.swift:1:9: warning: main actor-isolated conformance of 'CellPosition' to 'Hashable' cannot be used in nonisolated context; this is an error in the Swift 6 language mode
Testing.__checkBinaryOperation(Set(adjacent),{ $0 == $1() },expected,expression: .__fromBinaryOperation(.__fromSyntaxNode("Set(adjacent)"),"==",.__fromSyntaxNode("expected")),comments: [],isRequired: false,sourceLocation: Testing.SourceLocation.__here()).__expected()
        ^
/Users/einar/Sites/utvikler-einar-hansen/TennerGrid/TennerGridTests/Models/CellPositionTests.swift:96:9: note: in expansion of macro 'expect' here
        #expect(Set(adjacent) == expected)
        ^~~~~~~~~~~~~~~~~~~~~~~~~~~~~~~~~~
/Users/einar/Sites/utvikler-einar-hansen/TennerGrid/TennerGridTests/Models/CellPositionTests.swift:96:9: note: in expansion of macro 'expect' here
        #expect(Set(adjacent) == expected)
        ^~~~~~~~~~~~~~~~~~~~~~~~~~~~~~~~~~
@__swiftmacro_15TennerGridTests0028CellPositionTestsswift_IxAFhfMX95_8_6expectfMf0_.swift:1:32: warning: main actor-isolated conformance of 'CellPosition' to 'Hashable' cannot be used in nonisolated context; this is an error in the Swift 6 language mode
Testing.__checkBinaryOperation(Set(adjacent),{ $0 == $1() },expected,expression: .__fromBinaryOperation(.__fromSyntaxNode("Set(adjacent)"),"==",.__fromSyntaxNode("expected")),comments: [],isRequired: false,sourceLocation: Testing.SourceLocation.__here()).__expected()
                               ^
/Users/einar/Sites/utvikler-einar-hansen/TennerGrid/TennerGridTests/Models/CellPositionTests.swift:96:9: note: in expansion of macro 'expect' here
        #expect(Set(adjacent) == expected)
        ^~~~~~~~~~~~~~~~~~~~~~~~~~~~~~~~~~
/Users/einar/Sites/utvikler-einar-hansen/TennerGrid/TennerGridTests/Models/CellPositionTests.swift:96:9: note: in expansion of macro 'expect' here
        #expect(Set(adjacent) == expected)
        ^~~~~~~~~~~~~~~~~~~~~~~~~~~~~~~~~~
@__swiftmacro_15TennerGridTests0028CellPositionTestsswift_IxAFhfMX95_8_6expectfMf0_.swift:1:51: warning: main actor-isolated conformance of 'CellPosition' to 'Hashable' cannot be used in nonisolated context; this is an error in the Swift 6 language mode
Testing.__checkBinaryOperation(Set(adjacent),{ $0 == $1() },expected,expression: .__fromBinaryOperation(.__fromSyntaxNode("Set(adjacent)"),"==",.__fromSyntaxNode("expected")),comments: [],isRequired: false,sourceLocation: Testing.SourceLocation.__here()).__expected()
                                                  ^
/Users/einar/Sites/utvikler-einar-hansen/TennerGrid/TennerGridTests/Models/CellPositionTests.swift:96:9: note: in expansion of macro 'expect' here
        #expect(Set(adjacent) == expected)
        ^~~~~~~~~~~~~~~~~~~~~~~~~~~~~~~~~~
/Users/einar/Sites/utvikler-einar-hansen/TennerGrid/TennerGridTests/Models/CellPositionTests.swift:96:9: note: in expansion of macro 'expect' here
        #expect(Set(adjacent) == expected)
        ^~~~~~~~~~~~~~~~~~~~~~~~~~~~~~~~~~
@__swiftmacro_15TennerGridTests0028CellPositionTestsswift_IxAFhfMX112_8_6expectfMf0_.swift:1:9: warning: main actor-isolated conformance of 'CellPosition' to 'Hashable' cannot be used in nonisolated context; this is an error in the Swift 6 language mode
Testing.__checkBinaryOperation(Set(adjacent),{ $0 == $1() },expected,expression: .__fromBinaryOperation(.__fromSyntaxNode("Set(adjacent)"),"==",.__fromSyntaxNode("expected")),comments: [],isRequired: false,sourceLocation: Testing.SourceLocation.__here()).__expected()
        ^
/Users/einar/Sites/utvikler-einar-hansen/TennerGrid/TennerGridTests/Models/CellPositionTests.swift:113:9: note: in expansion of macro 'expect' here
        #expect(Set(adjacent) == expected)
        ^~~~~~~~~~~~~~~~~~~~~~~~~~~~~~~~~~
/Users/einar/Sites/utvikler-einar-hansen/TennerGrid/TennerGridTests/Models/CellPositionTests.swift:113:9: note: in expansion of macro 'expect' here
        #expect(Set(adjacent) == expected)
        ^~~~~~~~~~~~~~~~~~~~~~~~~~~~~~~~~~
@__swiftmacro_15TennerGridTests0028CellPositionTestsswift_IxAFhfMX112_8_6expectfMf0_.swift:1:32: warning: main actor-isolated conformance of 'CellPosition' to 'Hashable' cannot be used in nonisolated context; this is an error in the Swift 6 language mode
Testing.__checkBinaryOperation(Set(adjacent),{ $0 == $1() },expected,expression: .__fromBinaryOperation(.__fromSyntaxNode("Set(adjacent)"),"==",.__fromSyntaxNode("expected")),comments: [],isRequired: false,sourceLocation: Testing.SourceLocation.__here()).__expected()
                               ^
/Users/einar/Sites/utvikler-einar-hansen/TennerGrid/TennerGridTests/Models/CellPositionTests.swift:113:9: note: in expansion of macro 'expect' here
        #expect(Set(adjacent) == expected)
        ^~~~~~~~~~~~~~~~~~~~~~~~~~~~~~~~~~
/Users/einar/Sites/utvikler-einar-hansen/TennerGrid/TennerGridTests/Models/CellPositionTests.swift:113:9: note: in expansion of macro 'expect' here
        #expect(Set(adjacent) == expected)
        ^~~~~~~~~~~~~~~~~~~~~~~~~~~~~~~~~~
@__swiftmacro_15TennerGridTests0028CellPositionTestsswift_IxAFhfMX112_8_6expectfMf0_.swift:1:51: warning: main actor-isolated conformance of 'CellPosition' to 'Hashable' cannot be used in nonisolated context; this is an error in the Swift 6 language mode
Testing.__checkBinaryOperation(Set(adjacent),{ $0 == $1() },expected,expression: .__fromBinaryOperation(.__fromSyntaxNode("Set(adjacent)"),"==",.__fromSyntaxNode("expected")),comments: [],isRequired: false,sourceLocation: Testing.SourceLocation.__here()).__expected()
                                                  ^
/Users/einar/Sites/utvikler-einar-hansen/TennerGrid/TennerGridTests/Models/CellPositionTests.swift:113:9: note: in expansion of macro 'expect' here
        #expect(Set(adjacent) == expected)
        ^~~~~~~~~~~~~~~~~~~~~~~~~~~~~~~~~~
/Users/einar/Sites/utvikler-einar-hansen/TennerGrid/TennerGridTests/Models/CellPositionTests.swift:113:9: note: in expansion of macro 'expect' here
        #expect(Set(adjacent) == expected)
        ^~~~~~~~~~~~~~~~~~~~~~~~~~~~~~~~~~
@__swiftmacro_15TennerGridTests0028CellPositionTestsswift_IxAFhfMX129_8_6expectfMf0_.swift:1:9: warning: main actor-isolated conformance of 'CellPosition' to 'Hashable' cannot be used in nonisolated context; this is an error in the Swift 6 language mode
Testing.__checkBinaryOperation(Set(adjacent),{ $0 == $1() },expected,expression: .__fromBinaryOperation(.__fromSyntaxNode("Set(adjacent)"),"==",.__fromSyntaxNode("expected")),comments: [],isRequired: false,sourceLocation: Testing.SourceLocation.__here()).__expected()
        ^
/Users/einar/Sites/utvikler-einar-hansen/TennerGrid/TennerGridTests/Models/CellPositionTests.swift:130:9: note: in expansion of macro 'expect' here
        #expect(Set(adjacent) == expected)
        ^~~~~~~~~~~~~~~~~~~~~~~~~~~~~~~~~~
/Users/einar/Sites/utvikler-einar-hansen/TennerGrid/TennerGridTests/Models/CellPositionTests.swift:130:9: note: in expansion of macro 'expect' here
        #expect(Set(adjacent) == expected)
        ^~~~~~~~~~~~~~~~~~~~~~~~~~~~~~~~~~
@__swiftmacro_15TennerGridTests0028CellPositionTestsswift_IxAFhfMX129_8_6expectfMf0_.swift:1:32: warning: main actor-isolated conformance of 'CellPosition' to 'Hashable' cannot be used in nonisolated context; this is an error in the Swift 6 language mode
Testing.__checkBinaryOperation(Set(adjacent),{ $0 == $1() },expected,expression: .__fromBinaryOperation(.__fromSyntaxNode("Set(adjacent)"),"==",.__fromSyntaxNode("expected")),comments: [],isRequired: false,sourceLocation: Testing.SourceLocation.__here()).__expected()
                               ^
/Users/einar/Sites/utvikler-einar-hansen/TennerGrid/TennerGridTests/Models/CellPositionTests.swift:130:9: note: in expansion of macro 'expect' here
        #expect(Set(adjacent) == expected)
        ^~~~~~~~~~~~~~~~~~~~~~~~~~~~~~~~~~
/Users/einar/Sites/utvikler-einar-hansen/TennerGrid/TennerGridTests/Models/CellPositionTests.swift:130:9: note: in expansion of macro 'expect' here
        #expect(Set(adjacent) == expected)
        ^~~~~~~~~~~~~~~~~~~~~~~~~~~~~~~~~~
@__swiftmacro_15TennerGridTests0028CellPositionTestsswift_IxAFhfMX129_8_6expectfMf0_.swift:1:51: warning: main actor-isolated conformance of 'CellPosition' to 'Hashable' cannot be used in nonisolated context; this is an error in the Swift 6 language mode
Testing.__checkBinaryOperation(Set(adjacent),{ $0 == $1() },expected,expression: .__fromBinaryOperation(.__fromSyntaxNode("Set(adjacent)"),"==",.__fromSyntaxNode("expected")),comments: [],isRequired: false,sourceLocation: Testing.SourceLocation.__here()).__expected()
                                                  ^
/Users/einar/Sites/utvikler-einar-hansen/TennerGrid/TennerGridTests/Models/CellPositionTests.swift:130:9: note: in expansion of macro 'expect' here
        #expect(Set(adjacent) == expected)
        ^~~~~~~~~~~~~~~~~~~~~~~~~~~~~~~~~~
/Users/einar/Sites/utvikler-einar-hansen/TennerGrid/TennerGridTests/Models/CellPositionTests.swift:130:9: note: in expansion of macro 'expect' here
        #expect(Set(adjacent) == expected)
        ^~~~~~~~~~~~~~~~~~~~~~~~~~~~~~~~~~
@__swiftmacro_15TennerGridTests0028CellPositionTestsswift_IxAFhfMX148_8_6expectfMf0_.swift:1:9: warning: main actor-isolated conformance of 'CellPosition' to 'Hashable' cannot be used in nonisolated context; this is an error in the Swift 6 language mode
Testing.__checkBinaryOperation(Set(rowPositions),{ $0 == $1() },expected,expression: .__fromBinaryOperation(.__fromSyntaxNode("Set(rowPositions)"),"==",.__fromSyntaxNode("expected")),comments: [],isRequired: false,sourceLocation: Testing.SourceLocation.__here()).__expected()
        ^
/Users/einar/Sites/utvikler-einar-hansen/TennerGrid/TennerGridTests/Models/CellPositionTests.swift:149:9: note: in expansion of macro 'expect' here
        #expect(Set(rowPositions) == expected)
        ^~~~~~~~~~~~~~~~~~~~~~~~~~~~~~~~~~~~~~
/Users/einar/Sites/utvikler-einar-hansen/TennerGrid/TennerGridTests/Models/CellPositionTests.swift:149:9: note: in expansion of macro 'expect' here
        #expect(Set(rowPositions) == expected)
        ^~~~~~~~~~~~~~~~~~~~~~~~~~~~~~~~~~~~~~
@__swiftmacro_15TennerGridTests0028CellPositionTestsswift_IxAFhfMX148_8_6expectfMf0_.swift:1:32: warning: main actor-isolated conformance of 'CellPosition' to 'Hashable' cannot be used in nonisolated context; this is an error in the Swift 6 language mode
Testing.__checkBinaryOperation(Set(rowPositions),{ $0 == $1() },expected,expression: .__fromBinaryOperation(.__fromSyntaxNode("Set(rowPositions)"),"==",.__fromSyntaxNode("expected")),comments: [],isRequired: false,sourceLocation: Testing.SourceLocation.__here()).__expected()
                               ^
/Users/einar/Sites/utvikler-einar-hansen/TennerGrid/TennerGridTests/Models/CellPositionTests.swift:149:9: note: in expansion of macro 'expect' here
        #expect(Set(rowPositions) == expected)
        ^~~~~~~~~~~~~~~~~~~~~~~~~~~~~~~~~~~~~~
/Users/einar/Sites/utvikler-einar-hansen/TennerGrid/TennerGridTests/Models/CellPositionTests.swift:149:9: note: in expansion of macro 'expect' here
        #expect(Set(rowPositions) == expected)
        ^~~~~~~~~~~~~~~~~~~~~~~~~~~~~~~~~~~~~~
@__swiftmacro_15TennerGridTests0028CellPositionTestsswift_IxAFhfMX148_8_6expectfMf0_.swift:1:55: warning: main actor-isolated conformance of 'CellPosition' to 'Hashable' cannot be used in nonisolated context; this is an error in the Swift 6 language mode
Testing.__checkBinaryOperation(Set(rowPositions),{ $0 == $1() },expected,expression: .__fromBinaryOperation(.__fromSyntaxNode("Set(rowPositions)"),"==",.__fromSyntaxNode("expected")),comments: [],isRequired: false,sourceLocation: Testing.SourceLocation.__here()).__expected()
                                                      ^
/Users/einar/Sites/utvikler-einar-hansen/TennerGrid/TennerGridTests/Models/CellPositionTests.swift:149:9: note: in expansion of macro 'expect' here
        #expect(Set(rowPositions) == expected)
        ^~~~~~~~~~~~~~~~~~~~~~~~~~~~~~~~~~~~~~
/Users/einar/Sites/utvikler-einar-hansen/TennerGrid/TennerGridTests/Models/CellPositionTests.swift:149:9: note: in expansion of macro 'expect' here
        #expect(Set(rowPositions) == expected)
        ^~~~~~~~~~~~~~~~~~~~~~~~~~~~~~~~~~~~~~
@__swiftmacro_15TennerGridTests0028CellPositionTestsswift_IxAFhfMX175_8_6expectfMf0_.swift:1:9: warning: main actor-isolated conformance of 'CellPosition' to 'Hashable' cannot be used in nonisolated context; this is an error in the Swift 6 language mode
Testing.__checkBinaryOperation(Set(columnPositions),{ $0 == $1() },expected,expression: .__fromBinaryOperation(.__fromSyntaxNode("Set(columnPositions)"),"==",.__fromSyntaxNode("expected")),comments: [],isRequired: false,sourceLocation: Testing.SourceLocation.__here()).__expected()
        ^
/Users/einar/Sites/utvikler-einar-hansen/TennerGrid/TennerGridTests/Models/CellPositionTests.swift:176:9: note: in expansion of macro 'expect' here
        #expect(Set(columnPositions) == expected)
        ^~~~~~~~~~~~~~~~~~~~~~~~~~~~~~~~~~~~~~~~~
/Users/einar/Sites/utvikler-einar-hansen/TennerGrid/TennerGridTests/Models/CellPositionTests.swift:176:9: note: in expansion of macro 'expect' here
        #expect(Set(columnPositions) == expected)
        ^~~~~~~~~~~~~~~~~~~~~~~~~~~~~~~~~~~~~~~~~
@__swiftmacro_15TennerGridTests0028CellPositionTestsswift_IxAFhfMX175_8_6expectfMf0_.swift:1:32: warning: main actor-isolated conformance of 'CellPosition' to 'Hashable' cannot be used in nonisolated context; this is an error in the Swift 6 language mode
Testing.__checkBinaryOperation(Set(columnPositions),{ $0 == $1() },expected,expression: .__fromBinaryOperation(.__fromSyntaxNode("Set(columnPositions)"),"==",.__fromSyntaxNode("expected")),comments: [],isRequired: false,sourceLocation: Testing.SourceLocation.__here()).__expected()
                               ^
/Users/einar/Sites/utvikler-einar-hansen/TennerGrid/TennerGridTests/Models/CellPositionTests.swift:176:9: note: in expansion of macro 'expect' here
        #expect(Set(columnPositions) == expected)
        ^~~~~~~~~~~~~~~~~~~~~~~~~~~~~~~~~~~~~~~~~
/Users/einar/Sites/utvikler-einar-hansen/TennerGrid/TennerGridTests/Models/CellPositionTests.swift:176:9: note: in expansion of macro 'expect' here
        #expect(Set(columnPositions) == expected)
        ^~~~~~~~~~~~~~~~~~~~~~~~~~~~~~~~~~~~~~~~~
@__swiftmacro_15TennerGridTests0028CellPositionTestsswift_IxAFhfMX175_8_6expectfMf0_.swift:1:58: warning: main actor-isolated conformance of 'CellPosition' to 'Hashable' cannot be used in nonisolated context; this is an error in the Swift 6 language mode
Testing.__checkBinaryOperation(Set(columnPositions),{ $0 == $1() },expected,expression: .__fromBinaryOperation(.__fromSyntaxNode("Set(columnPositions)"),"==",.__fromSyntaxNode("expected")),comments: [],isRequired: false,sourceLocation: Testing.SourceLocation.__here()).__expected()
                                                         ^
/Users/einar/Sites/utvikler-einar-hansen/TennerGrid/TennerGridTests/Models/CellPositionTests.swift:176:9: note: in expansion of macro 'expect' here
        #expect(Set(columnPositions) == expected)
        ^~~~~~~~~~~~~~~~~~~~~~~~~~~~~~~~~~~~~~~~~
/Users/einar/Sites/utvikler-einar-hansen/TennerGrid/TennerGridTests/Models/CellPositionTests.swift:176:9: note: in expansion of macro 'expect' here
        #expect(Set(columnPositions) == expected)
        ^~~~~~~~~~~~~~~~~~~~~~~~~~~~~~~~~~~~~~~~~
@__swiftmacro_15TennerGridTests0028CellPositionTestsswift_IxAFhfMX295_8_6expectfMf_.swift:1:45: warning: main actor-isolated conformance of 'CellPosition' to 'Equatable' cannot be used in nonisolated context; this is an error in the Swift 6 language mode
Testing.__checkBinaryOperation(decoded,{ $0 == $1() },original,expression: .__fromBinaryOperation(.__fromSyntaxNode("decoded"),"==",.__fromSyntaxNode("original")),comments: [],isRequired: false,sourceLocation: Testing.SourceLocation.__here()).__expected()
                                            ^
/Users/einar/Sites/utvikler-einar-hansen/TennerGrid/TennerGridTests/Models/CellPositionTests.swift:296:9: note: in expansion of macro 'expect' here
        #expect(decoded == original)
        ^~~~~~~~~~~~~~~~~~~~~~~~~~~~
/Users/einar/Sites/utvikler-einar-hansen/TennerGrid/TennerGridTests/Models/CellPositionTests.swift:296:9: note: in expansion of macro 'expect' here
        #expect(decoded == original)
        ^~~~~~~~~~~~~~~~~~~~~~~~~~~~
@__swiftmacro_15TennerGridTests0027AchievementTestsswift_ovFAhfMX613_8_6expectfMf_.swift:1:50: warning: main actor-isolated conformance of 'Achievement' to 'Equatable' cannot be used in nonisolated context; this is an error in the Swift 6 language mode
Testing.__checkBinaryOperation(achievement1,{ $0 == $1() },achievement2,expression: .__fromBinaryOperation(.__fromSyntaxNode("achievement1"),"==",.__fromSyntaxNode("achievement2")),comments: [],isRequired: false,sourceLocation: Testing.SourceLocation.__here()).__expected()
                                                 ^
/Users/einar/Sites/utvikler-einar-hansen/TennerGrid/TennerGridTests/Models/AchievementTests.swift:614:9: note: in expansion of macro 'expect' here
        #expect(achievement1 == achievement2)
        ^~~~~~~~~~~~~~~~~~~~~~~~~~~~~~~~~~~~~
/Users/einar/Sites/utvikler-einar-hansen/TennerGrid/TennerGridTests/Models/AchievementTests.swift:614:9: note: in expansion of macro 'expect' here
        #expect(achievement1 == achievement2)
        ^~~~~~~~~~~~~~~~~~~~~~~~~~~~~~~~~~~~~
@__swiftmacro_15TennerGridTests0027AchievementTestsswift_ovFAhfMX633_8_6expectfMf_.swift:1:50: warning: main actor-isolated conformance of 'Achievement' to 'Equatable' cannot be used in nonisolated context; this is an error in the Swift 6 language mode
Testing.__checkBinaryOperation(achievement1,{ $0 != $1() },achievement2,expression: .__fromBinaryOperation(.__fromSyntaxNode("achievement1"),"!=",.__fromSyntaxNode("achievement2")),comments: [],isRequired: false,sourceLocation: Testing.SourceLocation.__here()).__expected()
                                                 ^
/Users/einar/Sites/utvikler-einar-hansen/TennerGrid/TennerGridTests/Models/AchievementTests.swift:634:9: note: in expansion of macro 'expect' here
        #expect(achievement1 != achievement2)
        ^~~~~~~~~~~~~~~~~~~~~~~~~~~~~~~~~~~~~
/Users/einar/Sites/utvikler-einar-hansen/TennerGrid/TennerGridTests/Models/AchievementTests.swift:634:9: note: in expansion of macro 'expect' here
        #expect(achievement1 != achievement2)
        ^~~~~~~~~~~~~~~~~~~~~~~~~~~~~~~~~~~~~
@__swiftmacro_15TennerGridTests0027AchievementTestsswift_ovFAhfMX655_8_6expectfMf_.swift:1:50: warning: main actor-isolated conformance of 'Achievement' to 'Equatable' cannot be used in nonisolated context; this is an error in the Swift 6 language mode
Testing.__checkBinaryOperation(achievement1,{ $0 != $1() },achievement2,expression: .__fromBinaryOperation(.__fromSyntaxNode("achievement1"),"!=",.__fromSyntaxNode("achievement2")),comments: [],isRequired: false,sourceLocation: Testing.SourceLocation.__here()).__expected()
                                                 ^
/Users/einar/Sites/utvikler-einar-hansen/TennerGrid/TennerGridTests/Models/AchievementTests.swift:656:9: note: in expansion of macro 'expect' here
        #expect(achievement1 != achievement2)
        ^~~~~~~~~~~~~~~~~~~~~~~~~~~~~~~~~~~~~
/Users/einar/Sites/utvikler-einar-hansen/TennerGrid/TennerGridTests/Models/AchievementTests.swift:656:9: note: in expansion of macro 'expect' here
        #expect(achievement1 != achievement2)
        ^~~~~~~~~~~~~~~~~~~~~~~~~~~~~~~~~~~~~
/Users/einar/Sites/utvikler-einar-hansen/TennerGrid/TennerGridTests/Models/AchievementTests.swift:675:32: warning: main actor-isolated conformance of 'Achievement' to 'Encodable' cannot be used in nonisolated context; this is an error in the Swift 6 language mode
        let data = try encoder.encode(achievement)
                               ^
/Users/einar/Sites/utvikler-einar-hansen/TennerGrid/TennerGridTests/Models/AchievementTests.swift:696:32: warning: main actor-isolated conformance of 'Achievement' to 'Encodable' cannot be used in nonisolated context; this is an error in the Swift 6 language mode
        let data = try encoder.encode(original)
                               ^
/Users/einar/Sites/utvikler-einar-hansen/TennerGrid/TennerGridTests/Models/AchievementTests.swift:697:35: warning: main actor-isolated conformance of 'Achievement' to 'Decodable' cannot be used in nonisolated context; this is an error in the Swift 6 language mode
        let decoded = try decoder.decode(Achievement.self, from: data)
                                  ^
@__swiftmacro_15TennerGridTests0027AchievementTestsswift_ovFAhfMX698_8_6expectfMf_.swift:1:45: warning: main actor-isolated conformance of 'Achievement' to 'Equatable' cannot be used in nonisolated context; this is an error in the Swift 6 language mode
Testing.__checkBinaryOperation(decoded,{ $0 == $1() },original,expression: .__fromBinaryOperation(.__fromSyntaxNode("decoded"),"==",.__fromSyntaxNode("original")),comments: [],isRequired: false,sourceLocation: Testing.SourceLocation.__here()).__expected()
                                            ^
/Users/einar/Sites/utvikler-einar-hansen/TennerGrid/TennerGridTests/Models/AchievementTests.swift:699:9: note: in expansion of macro 'expect' here
        #expect(decoded == original)
        ^~~~~~~~~~~~~~~~~~~~~~~~~~~~
/Users/einar/Sites/utvikler-einar-hansen/TennerGrid/TennerGridTests/Models/AchievementTests.swift:699:9: note: in expansion of macro 'expect' here
        #expect(decoded == original)
        ^~~~~~~~~~~~~~~~~~~~~~~~~~~~
/Users/einar/Sites/utvikler-einar-hansen/TennerGrid/TennerGridTests/Models/AchievementTests.swift:719:35: warning: main actor-isolated conformance of 'Achievement' to 'Encodable' cannot be used in nonisolated context; this is an error in the Swift 6 language mode
        let encoded = try encoder.encode(achievement)
                                  ^
/Users/einar/Sites/utvikler-einar-hansen/TennerGrid/TennerGridTests/Models/AchievementTests.swift:720:35: warning: main actor-isolated conformance of 'Achievement' to 'Decodable' cannot be used in nonisolated context; this is an error in the Swift 6 language mode
        let decoded = try decoder.decode(Achievement.self, from: encoded)
                                  ^
/Users/einar/Sites/utvikler-einar-hansen/TennerGrid/TennerGridTests/Models/AchievementTests.swift:748:35: warning: main actor-isolated conformance of 'Achievement' to 'Encodable' cannot be used in nonisolated context; this is an error in the Swift 6 language mode
        let encoded = try encoder.encode(achievement)
                                  ^
/Users/einar/Sites/utvikler-einar-hansen/TennerGrid/TennerGridTests/Models/AchievementTests.swift:749:35: warning: main actor-isolated conformance of 'Achievement' to 'Decodable' cannot be used in nonisolated context; this is an error in the Swift 6 language mode
        let decoded = try decoder.decode(Achievement.self, from: encoded)
                                  ^
@__swiftmacro_15TennerGridTests0028CellPositionTestsswift_IxAFhfMX27_8_6expectfMf_.swift:1:42: warning: main actor-isolated conformance of 'CellPosition' to 'Equatable' cannot be used in nonisolated context; this is an error in the Swift 6 language mode
Testing.__checkBinaryOperation(pos1,{ $0 == $1() },pos2,expression: .__fromBinaryOperation(.__fromSyntaxNode("pos1"),"==",.__fromSyntaxNode("pos2")),comments: [],isRequired: false,sourceLocation: Testing.SourceLocation.__here()).__expected()
                                         ^
/Users/einar/Sites/utvikler-einar-hansen/TennerGrid/TennerGridTests/Models/CellPositionTests.swift:28:9: note: in expansion of macro 'expect' here
        #expect(pos1 == pos2)
        ^~~~~~~~~~~~~~~~~~~~~
/Users/einar/Sites/utvikler-einar-hansen/TennerGrid/TennerGridTests/Models/CellPositionTests.swift:28:9: note: in expansion of macro 'expect' here
        #expect(pos1 == pos2)
        ^~~~~~~~~~~~~~~~~~~~~
@__swiftmacro_15TennerGridTests0028CellPositionTestsswift_IxAFhfMX28_8_6expectfMf0_.swift:1:42: warning: main actor-isolated conformance of 'CellPosition' to 'Equatable' cannot be used in nonisolated context; this is an error in the Swift 6 language mode
Testing.__checkBinaryOperation(pos1,{ $0 != $1() },pos3,expression: .__fromBinaryOperation(.__fromSyntaxNode("pos1"),"!=",.__fromSyntaxNode("pos3")),comments: [],isRequired: false,sourceLocation: Testing.SourceLocation.__here()).__expected()
                                         ^
/Users/einar/Sites/utvikler-einar-hansen/TennerGrid/TennerGridTests/Models/CellPositionTests.swift:29:9: note: in expansion of macro 'expect' here
        #expect(pos1 != pos3)
        ^~~~~~~~~~~~~~~~~~~~~
/Users/einar/Sites/utvikler-einar-hansen/TennerGrid/TennerGridTests/Models/CellPositionTests.swift:29:9: note: in expansion of macro 'expect' here
        #expect(pos1 != pos3)
        ^~~~~~~~~~~~~~~~~~~~~
@__swiftmacro_15TennerGridTests0028CellPositionTestsswift_IxAFhfMX29_8_6expectfMf1_.swift:1:42: warning: main actor-isolated conformance of 'CellPosition' to 'Equatable' cannot be used in nonisolated context; this is an error in the Swift 6 language mode
Testing.__checkBinaryOperation(pos1,{ $0 != $1() },pos4,expression: .__fromBinaryOperation(.__fromSyntaxNode("pos1"),"!=",.__fromSyntaxNode("pos4")),comments: [],isRequired: false,sourceLocation: Testing.SourceLocation.__here()).__expected()
                                         ^
/Users/einar/Sites/utvikler-einar-hansen/TennerGrid/TennerGridTests/Models/CellPositionTests.swift:30:9: note: in expansion of macro 'expect' here
        #expect(pos1 != pos4)
        ^~~~~~~~~~~~~~~~~~~~~
/Users/einar/Sites/utvikler-einar-hansen/TennerGrid/TennerGridTests/Models/CellPositionTests.swift:30:9: note: in expansion of macro 'expect' here
        #expect(pos1 != pos4)
        ^~~~~~~~~~~~~~~~~~~~~
@__swiftmacro_15TennerGridTests0028CellPositionTestsswift_IxAFhfMX30_8_6expectfMf2_.swift:1:42: warning: main actor-isolated conformance of 'CellPosition' to 'Equatable' cannot be used in nonisolated context; this is an error in the Swift 6 language mode
Testing.__checkBinaryOperation(pos3,{ $0 != $1() },pos4,expression: .__fromBinaryOperation(.__fromSyntaxNode("pos3"),"!=",.__fromSyntaxNode("pos4")),comments: [],isRequired: false,sourceLocation: Testing.SourceLocation.__here()).__expected()
                                         ^
/Users/einar/Sites/utvikler-einar-hansen/TennerGrid/TennerGridTests/Models/CellPositionTests.swift:31:9: note: in expansion of macro 'expect' here
        #expect(pos3 != pos4)
        ^~~~~~~~~~~~~~~~~~~~~
/Users/einar/Sites/utvikler-einar-hansen/TennerGrid/TennerGridTests/Models/CellPositionTests.swift:31:9: note: in expansion of macro 'expect' here
        #expect(pos3 != pos4)
        ^~~~~~~~~~~~~~~~~~~~~
/Users/einar/Sites/utvikler-einar-hansen/TennerGrid/TennerGridTests/Models/CellPositionTests.swift:41:38: warning: main actor-isolated conformance of 'CellPosition' to 'Hashable' cannot be used in nonisolated context; this is an error in the Swift 6 language mode
        let set: Set<CellPosition> = [pos1, pos2, pos3]
                                     ^
@__swiftmacro_15TennerGridTests0028CellPositionTestsswift_IxAFhfMX41_8_6expectfMf_.swift:1:36: warning: main actor-isolated conformance of 'CellPosition' to 'Hashable' cannot be used in nonisolated context; this is an error in the Swift 6 language mode
Testing.__checkBinaryOperation(set.count,{ $0 == $1() },2,expression: .__fromBinaryOperation(.__fromSyntaxNode("set.count"),"==",.__fromSyntaxNode("2")),comments: [],isRequired: false,sourceLocation: Testing.SourceLocation.__here()).__expected()
                                   ^
/Users/einar/Sites/utvikler-einar-hansen/TennerGrid/TennerGridTests/Models/CellPositionTests.swift:42:9: note: in expansion of macro 'expect' here
        #expect(set.count == 2) // pos1 and pos2 should be the same
        ^~~~~~~~~~~~~~~~~~~~~~~
/Users/einar/Sites/utvikler-einar-hansen/TennerGrid/TennerGridTests/Models/CellPositionTests.swift:42:9: note: in expansion of macro 'expect' here
        #expect(set.count == 2) // pos1 and pos2 should be the same
        ^~~~~~~~~~~~~~~~~~~~~~~
@__swiftmacro_15TennerGridTests0028CellPositionTestsswift_IxAFhfMX42_8_6expectfMf0_.swift:1:9: warning: main actor-isolated conformance of 'CellPosition' to 'Hashable' cannot be used in nonisolated context; this is an error in the Swift 6 language mode
Testing.__checkFunctionCall(set.self,calling: {
        ^
/Users/einar/Sites/utvikler-einar-hansen/TennerGrid/TennerGridTests/Models/CellPositionTests.swift:43:9: note: in expansion of macro 'expect' here
        #expect(set.contains(pos1))
        ^~~~~~~~~~~~~~~~~~~~~~~~~~~
/Users/einar/Sites/utvikler-einar-hansen/TennerGrid/TennerGridTests/Models/CellPositionTests.swift:43:9: note: in expansion of macro 'expect' here
        #expect(set.contains(pos1))
        ^~~~~~~~~~~~~~~~~~~~~~~~~~~
@__swiftmacro_15TennerGridTests0028CellPositionTestsswift_IxAFhfMX42_8_6expectfMf0_.swift:2:6: warning: main actor-isolated conformance of 'CellPosition' to 'Hashable' cannot be used in nonisolated context; this is an error in the Swift 6 language mode
  $0.contains($1)
     ^
/Users/einar/Sites/utvikler-einar-hansen/TennerGrid/TennerGridTests/Models/CellPositionTests.swift:43:9: note: in expansion of macro 'expect' here
        #expect(set.contains(pos1))
        ^~~~~~~~~~~~~~~~~~~~~~~~~~~
/Users/einar/Sites/utvikler-einar-hansen/TennerGrid/TennerGridTests/Models/CellPositionTests.swift:43:9: note: in expansion of macro 'expect' here
        #expect(set.contains(pos1))
        ^~~~~~~~~~~~~~~~~~~~~~~~~~~
@__swiftmacro_15TennerGridTests0028CellPositionTestsswift_IxAFhfMX43_8_6expectfMf1_.swift:1:9: warning: main actor-isolated conformance of 'CellPosition' to 'Hashable' cannot be used in nonisolated context; this is an error in the Swift 6 language mode
Testing.__checkFunctionCall(set.self,calling: {
        ^
/Users/einar/Sites/utvikler-einar-hansen/TennerGrid/TennerGridTests/Models/CellPositionTests.swift:44:9: note: in expansion of macro 'expect' here
        #expect(set.contains(pos3))
        ^~~~~~~~~~~~~~~~~~~~~~~~~~~
/Users/einar/Sites/utvikler-einar-hansen/TennerGrid/TennerGridTests/Models/CellPositionTests.swift:44:9: note: in expansion of macro 'expect' here
        #expect(set.contains(pos3))
        ^~~~~~~~~~~~~~~~~~~~~~~~~~~
@__swiftmacro_15TennerGridTests0028CellPositionTestsswift_IxAFhfMX43_8_6expectfMf1_.swift:2:6: warning: main actor-isolated conformance of 'CellPosition' to 'Hashable' cannot be used in nonisolated context; this is an error in the Swift 6 language mode
  $0.contains($1)
     ^
/Users/einar/Sites/utvikler-einar-hansen/TennerGrid/TennerGridTests/Models/CellPositionTests.swift:44:9: note: in expansion of macro 'expect' here
        #expect(set.contains(pos3))
        ^~~~~~~~~~~~~~~~~~~~~~~~~~~
/Users/einar/Sites/utvikler-einar-hansen/TennerGrid/TennerGridTests/Models/CellPositionTests.swift:44:9: note: in expansion of macro 'expect' here
        #expect(set.contains(pos3))
        ^~~~~~~~~~~~~~~~~~~~~~~~~~~
/Users/einar/Sites/utvikler-einar-hansen/TennerGrid/TennerGridTests/Models/CellPositionTests.swift:55:43: warning: main actor-isolated conformance of 'CellPosition' to 'Hashable' cannot be used in nonisolated context; this is an error in the Swift 6 language mode
        let expected: Set<CellPosition> = [
                                          ^
@__swiftmacro_15TennerGridTests0028CellPositionTestsswift_IxAFhfMX65_8_6expectfMf0_.swift:1:9: warning: main actor-isolated conformance of 'CellPosition' to 'Hashable' cannot be used in nonisolated context; this is an error in the Swift 6 language mode
Testing.__checkBinaryOperation(Set(adjacent),{ $0 == $1() },expected,expression: .__fromBinaryOperation(.__fromSyntaxNode("Set(adjacent)"),"==",.__fromSyntaxNode("expected")),comments: [],isRequired: false,sourceLocation: Testing.SourceLocation.__here()).__expected()
        ^
/Users/einar/Sites/utvikler-einar-hansen/TennerGrid/TennerGridTests/Models/CellPositionTests.swift:66:9: note: in expansion of macro 'expect' here
        #expect(Set(adjacent) == expected)
        ^~~~~~~~~~~~~~~~~~~~~~~~~~~~~~~~~~
/Users/einar/Sites/utvikler-einar-hansen/TennerGrid/TennerGridTests/Models/CellPositionTests.swift:66:9: note: in expansion of macro 'expect' here
        #expect(Set(adjacent) == expected)
        ^~~~~~~~~~~~~~~~~~~~~~~~~~~~~~~~~~
@__swiftmacro_15TennerGridTests0028CellPositionTestsswift_IxAFhfMX65_8_6expectfMf0_.swift:1:32: warning: main actor-isolated conformance of 'CellPosition' to 'Hashable' cannot be used in nonisolated context; this is an error in the Swift 6 language mode
Testing.__checkBinaryOperation(Set(adjacent),{ $0 == $1() },expected,expression: .__fromBinaryOperation(.__fromSyntaxNode("Set(adjacent)"),"==",.__fromSyntaxNode("expected")),comments: [],isRequired: false,sourceLocation: Testing.SourceLocation.__here()).__expected()
                               ^
/Users/einar/Sites/utvikler-einar-hansen/TennerGrid/TennerGridTests/Models/CellPositionTests.swift:66:9: note: in expansion of macro 'expect' here
        #expect(Set(adjacent) == expected)
        ^~~~~~~~~~~~~~~~~~~~~~~~~~~~~~~~~~
/Users/einar/Sites/utvikler-einar-hansen/TennerGrid/TennerGridTests/Models/CellPositionTests.swift:66:9: note: in expansion of macro 'expect' here
        #expect(Set(adjacent) == expected)
        ^~~~~~~~~~~~~~~~~~~~~~~~~~~~~~~~~~
@__swiftmacro_15TennerGridTests0028CellPositionTestsswift_IxAFhfMX65_8_6expectfMf0_.swift:1:51: warning: main actor-isolated conformance of 'CellPosition' to 'Hashable' cannot be used in nonisolated context; this is an error in the Swift 6 language mode
Testing.__checkBinaryOperation(Set(adjacent),{ $0 == $1() },expected,expression: .__fromBinaryOperation(.__fromSyntaxNode("Set(adjacent)"),"==",.__fromSyntaxNode("expected")),comments: [],isRequired: false,sourceLocation: Testing.SourceLocation.__here()).__expected()
                                                  ^
/Users/einar/Sites/utvikler-einar-hansen/TennerGrid/TennerGridTests/Models/CellPositionTests.swift:66:9: note: in expansion of macro 'expect' here
        #expect(Set(adjacent) == expected)
        ^~~~~~~~~~~~~~~~~~~~~~~~~~~~~~~~~~
/Users/einar/Sites/utvikler-einar-hansen/TennerGrid/TennerGridTests/Models/CellPositionTests.swift:66:9: note: in expansion of macro 'expect' here
        #expect(Set(adjacent) == expected)
        ^~~~~~~~~~~~~~~~~~~~~~~~~~~~~~~~~~
/Users/einar/Sites/utvikler-einar-hansen/TennerGrid/TennerGridTests/Models/CellPositionTests.swift:75:43: warning: main actor-isolated conformance of 'CellPosition' to 'Hashable' cannot be used in nonisolated context; this is an error in the Swift 6 language mode
        let expected: Set<CellPosition> = [
                                          ^
@__swiftmacro_15TennerGridTests0028CellPositionTestsswift_IxAFhfMX80_8_6expectfMf0_.swift:1:9: warning: main actor-isolated conformance of 'CellPosition' to 'Hashable' cannot be used in nonisolated context; this is an error in the Swift 6 language mode
Testing.__checkBinaryOperation(Set(adjacent),{ $0 == $1() },expected,expression: .__fromBinaryOperation(.__fromSyntaxNode("Set(adjacent)"),"==",.__fromSyntaxNode("expected")),comments: [],isRequired: false,sourceLocation: Testing.SourceLocation.__here()).__expected()
        ^
/Users/einar/Sites/utvikler-einar-hansen/TennerGrid/TennerGridTests/Models/CellPositionTests.swift:81:9: note: in expansion of macro 'expect' here
        #expect(Set(adjacent) == expected)
        ^~~~~~~~~~~~~~~~~~~~~~~~~~~~~~~~~~
/Users/einar/Sites/utvikler-einar-hansen/TennerGrid/TennerGridTests/Models/CellPositionTests.swift:81:9: note: in expansion of macro 'expect' here
        #expect(Set(adjacent) == expected)
        ^~~~~~~~~~~~~~~~~~~~~~~~~~~~~~~~~~
@__swiftmacro_15TennerGridTests0028CellPositionTestsswift_IxAFhfMX80_8_6expectfMf0_.swift:1:32: warning: main actor-isolated conformance of 'CellPosition' to 'Hashable' cannot be used in nonisolated context; this is an error in the Swift 6 language mode
Testing.__checkBinaryOperation(Set(adjacent),{ $0 == $1() },expected,expression: .__fromBinaryOperation(.__fromSyntaxNode("Set(adjacent)"),"==",.__fromSyntaxNode("expected")),comments: [],isRequired: false,sourceLocation: Testing.SourceLocation.__here()).__expected()
                               ^
/Users/einar/Sites/utvikler-einar-hansen/TennerGrid/TennerGridTests/Models/CellPositionTests.swift:81:9: note: in expansion of macro 'expect' here
        #expect(Set(adjacent) == expected)
        ^~~~~~~~~~~~~~~~~~~~~~~~~~~~~~~~~~
/Users/einar/Sites/utvikler-einar-hansen/TennerGrid/TennerGridTests/Models/CellPositionTests.swift:81:9: note: in expansion of macro 'expect' here
        #expect(Set(adjacent) == expected)
        ^~~~~~~~~~~~~~~~~~~~~~~~~~~~~~~~~~
@__swiftmacro_15TennerGridTests0028CellPositionTestsswift_IxAFhfMX80_8_6expectfMf0_.swift:1:51: warning: main actor-isolated conformance of 'CellPosition' to 'Hashable' cannot be used in nonisolated context; this is an error in the Swift 6 language mode
Testing.__checkBinaryOperation(Set(adjacent),{ $0 == $1() },expected,expression: .__fromBinaryOperation(.__fromSyntaxNode("Set(adjacent)"),"==",.__fromSyntaxNode("expected")),comments: [],isRequired: false,sourceLocation: Testing.SourceLocation.__here()).__expected()
                                                  ^
/Users/einar/Sites/utvikler-einar-hansen/TennerGrid/TennerGridTests/Models/CellPositionTests.swift:81:9: note: in expansion of macro 'expect' here
        #expect(Set(adjacent) == expected)
        ^~~~~~~~~~~~~~~~~~~~~~~~~~~~~~~~~~
/Users/einar/Sites/utvikler-einar-hansen/TennerGrid/TennerGridTests/Models/CellPositionTests.swift:81:9: note: in expansion of macro 'expect' here
        #expect(Set(adjacent) == expected)
        ^~~~~~~~~~~~~~~~~~~~~~~~~~~~~~~~~~
/Users/einar/Sites/utvikler-einar-hansen/TennerGrid/TennerGridTests/Models/CellPositionTests.swift:90:43: warning: main actor-isolated conformance of 'CellPosition' to 'Hashable' cannot be used in nonisolated context; this is an error in the Swift 6 language mode
        let expected: Set<CellPosition> = [
                                          ^
@__swiftmacro_15TennerGridTests0028CellPositionTestsswift_IxAFhfMX95_8_6expectfMf0_.swift:1:9: warning: main actor-isolated conformance of 'CellPosition' to 'Hashable' cannot be used in nonisolated context; this is an error in the Swift 6 language mode
Testing.__checkBinaryOperation(Set(adjacent),{ $0 == $1() },expected,expression: .__fromBinaryOperation(.__fromSyntaxNode("Set(adjacent)"),"==",.__fromSyntaxNode("expected")),comments: [],isRequired: false,sourceLocation: Testing.SourceLocation.__here()).__expected()
        ^
/Users/einar/Sites/utvikler-einar-hansen/TennerGrid/TennerGridTests/Models/CellPositionTests.swift:96:9: note: in expansion of macro 'expect' here
        #expect(Set(adjacent) == expected)
        ^~~~~~~~~~~~~~~~~~~~~~~~~~~~~~~~~~
/Users/einar/Sites/utvikler-einar-hansen/TennerGrid/TennerGridTests/Models/CellPositionTests.swift:96:9: note: in expansion of macro 'expect' here
        #expect(Set(adjacent) == expected)
        ^~~~~~~~~~~~~~~~~~~~~~~~~~~~~~~~~~
@__swiftmacro_15TennerGridTests0028CellPositionTestsswift_IxAFhfMX95_8_6expectfMf0_.swift:1:32: warning: main actor-isolated conformance of 'CellPosition' to 'Hashable' cannot be used in nonisolated context; this is an error in the Swift 6 language mode
Testing.__checkBinaryOperation(Set(adjacent),{ $0 == $1() },expected,expression: .__fromBinaryOperation(.__fromSyntaxNode("Set(adjacent)"),"==",.__fromSyntaxNode("expected")),comments: [],isRequired: false,sourceLocation: Testing.SourceLocation.__here()).__expected()
                               ^
/Users/einar/Sites/utvikler-einar-hansen/TennerGrid/TennerGridTests/Models/CellPositionTests.swift:96:9: note: in expansion of macro 'expect' here
        #expect(Set(adjacent) == expected)
        ^~~~~~~~~~~~~~~~~~~~~~~~~~~~~~~~~~
/Users/einar/Sites/utvikler-einar-hansen/TennerGrid/TennerGridTests/Models/CellPositionTests.swift:96:9: note: in expansion of macro 'expect' here
        #expect(Set(adjacent) == expected)
        ^~~~~~~~~~~~~~~~~~~~~~~~~~~~~~~~~~
@__swiftmacro_15TennerGridTests0028CellPositionTestsswift_IxAFhfMX95_8_6expectfMf0_.swift:1:51: warning: main actor-isolated conformance of 'CellPosition' to 'Hashable' cannot be used in nonisolated context; this is an error in the Swift 6 language mode
Testing.__checkBinaryOperation(Set(adjacent),{ $0 == $1() },expected,expression: .__fromBinaryOperation(.__fromSyntaxNode("Set(adjacent)"),"==",.__fromSyntaxNode("expected")),comments: [],isRequired: false,sourceLocation: Testing.SourceLocation.__here()).__expected()
                                                  ^
/Users/einar/Sites/utvikler-einar-hansen/TennerGrid/TennerGridTests/Models/CellPositionTests.swift:96:9: note: in expansion of macro 'expect' here
        #expect(Set(adjacent) == expected)
        ^~~~~~~~~~~~~~~~~~~~~~~~~~~~~~~~~~
/Users/einar/Sites/utvikler-einar-hansen/TennerGrid/TennerGridTests/Models/CellPositionTests.swift:96:9: note: in expansion of macro 'expect' here
        #expect(Set(adjacent) == expected)
        ^~~~~~~~~~~~~~~~~~~~~~~~~~~~~~~~~~
/Users/einar/Sites/utvikler-einar-hansen/TennerGrid/TennerGridTests/Models/CellPositionTests.swift:105:43: warning: main actor-isolated conformance of 'CellPosition' to 'Hashable' cannot be used in nonisolated context; this is an error in the Swift 6 language mode
        let expected: Set<CellPosition> = [
                                          ^
@__swiftmacro_15TennerGridTests0028CellPositionTestsswift_IxAFhfMX112_8_6expectfMf0_.swift:1:9: warning: main actor-isolated conformance of 'CellPosition' to 'Hashable' cannot be used in nonisolated context; this is an error in the Swift 6 language mode
Testing.__checkBinaryOperation(Set(adjacent),{ $0 == $1() },expected,expression: .__fromBinaryOperation(.__fromSyntaxNode("Set(adjacent)"),"==",.__fromSyntaxNode("expected")),comments: [],isRequired: false,sourceLocation: Testing.SourceLocation.__here()).__expected()
        ^
/Users/einar/Sites/utvikler-einar-hansen/TennerGrid/TennerGridTests/Models/CellPositionTests.swift:113:9: note: in expansion of macro 'expect' here
        #expect(Set(adjacent) == expected)
        ^~~~~~~~~~~~~~~~~~~~~~~~~~~~~~~~~~
/Users/einar/Sites/utvikler-einar-hansen/TennerGrid/TennerGridTests/Models/CellPositionTests.swift:113:9: note: in expansion of macro 'expect' here
        #expect(Set(adjacent) == expected)
        ^~~~~~~~~~~~~~~~~~~~~~~~~~~~~~~~~~
@__swiftmacro_15TennerGridTests0028CellPositionTestsswift_IxAFhfMX112_8_6expectfMf0_.swift:1:32: warning: main actor-isolated conformance of 'CellPosition' to 'Hashable' cannot be used in nonisolated context; this is an error in the Swift 6 language mode
Testing.__checkBinaryOperation(Set(adjacent),{ $0 == $1() },expected,expression: .__fromBinaryOperation(.__fromSyntaxNode("Set(adjacent)"),"==",.__fromSyntaxNode("expected")),comments: [],isRequired: false,sourceLocation: Testing.SourceLocation.__here()).__expected()
                               ^
/Users/einar/Sites/utvikler-einar-hansen/TennerGrid/TennerGridTests/Models/CellPositionTests.swift:113:9: note: in expansion of macro 'expect' here
        #expect(Set(adjacent) == expected)
        ^~~~~~~~~~~~~~~~~~~~~~~~~~~~~~~~~~
/Users/einar/Sites/utvikler-einar-hansen/TennerGrid/TennerGridTests/Models/CellPositionTests.swift:113:9: note: in expansion of macro 'expect' here
        #expect(Set(adjacent) == expected)
        ^~~~~~~~~~~~~~~~~~~~~~~~~~~~~~~~~~
@__swiftmacro_15TennerGridTests0028CellPositionTestsswift_IxAFhfMX112_8_6expectfMf0_.swift:1:51: warning: main actor-isolated conformance of 'CellPosition' to 'Hashable' cannot be used in nonisolated context; this is an error in the Swift 6 language mode
Testing.__checkBinaryOperation(Set(adjacent),{ $0 == $1() },expected,expression: .__fromBinaryOperation(.__fromSyntaxNode("Set(adjacent)"),"==",.__fromSyntaxNode("expected")),comments: [],isRequired: false,sourceLocation: Testing.SourceLocation.__here()).__expected()
                                                  ^
/Users/einar/Sites/utvikler-einar-hansen/TennerGrid/TennerGridTests/Models/CellPositionTests.swift:113:9: note: in expansion of macro 'expect' here
        #expect(Set(adjacent) == expected)
        ^~~~~~~~~~~~~~~~~~~~~~~~~~~~~~~~~~
/Users/einar/Sites/utvikler-einar-hansen/TennerGrid/TennerGridTests/Models/CellPositionTests.swift:113:9: note: in expansion of macro 'expect' here
        #expect(Set(adjacent) == expected)
        ^~~~~~~~~~~~~~~~~~~~~~~~~~~~~~~~~~
/Users/einar/Sites/utvikler-einar-hansen/TennerGrid/TennerGridTests/Models/CellPositionTests.swift:122:43: warning: main actor-isolated conformance of 'CellPosition' to 'Hashable' cannot be used in nonisolated context; this is an error in the Swift 6 language mode
        let expected: Set<CellPosition> = [
                                          ^
@__swiftmacro_15TennerGridTests0028CellPositionTestsswift_IxAFhfMX129_8_6expectfMf0_.swift:1:9: warning: main actor-isolated conformance of 'CellPosition' to 'Hashable' cannot be used in nonisolated context; this is an error in the Swift 6 language mode
Testing.__checkBinaryOperation(Set(adjacent),{ $0 == $1() },expected,expression: .__fromBinaryOperation(.__fromSyntaxNode("Set(adjacent)"),"==",.__fromSyntaxNode("expected")),comments: [],isRequired: false,sourceLocation: Testing.SourceLocation.__here()).__expected()
        ^
/Users/einar/Sites/utvikler-einar-hansen/TennerGrid/TennerGridTests/Models/CellPositionTests.swift:130:9: note: in expansion of macro 'expect' here
        #expect(Set(adjacent) == expected)
        ^~~~~~~~~~~~~~~~~~~~~~~~~~~~~~~~~~
/Users/einar/Sites/utvikler-einar-hansen/TennerGrid/TennerGridTests/Models/CellPositionTests.swift:130:9: note: in expansion of macro 'expect' here
        #expect(Set(adjacent) == expected)
        ^~~~~~~~~~~~~~~~~~~~~~~~~~~~~~~~~~
@__swiftmacro_15TennerGridTests0028CellPositionTestsswift_IxAFhfMX129_8_6expectfMf0_.swift:1:32: warning: main actor-isolated conformance of 'CellPosition' to 'Hashable' cannot be used in nonisolated context; this is an error in the Swift 6 language mode
Testing.__checkBinaryOperation(Set(adjacent),{ $0 == $1() },expected,expression: .__fromBinaryOperation(.__fromSyntaxNode("Set(adjacent)"),"==",.__fromSyntaxNode("expected")),comments: [],isRequired: false,sourceLocation: Testing.SourceLocation.__here()).__expected()
                               ^
/Users/einar/Sites/utvikler-einar-hansen/TennerGrid/TennerGridTests/Models/CellPositionTests.swift:130:9: note: in expansion of macro 'expect' here
        #expect(Set(adjacent) == expected)
        ^~~~~~~~~~~~~~~~~~~~~~~~~~~~~~~~~~
/Users/einar/Sites/utvikler-einar-hansen/TennerGrid/TennerGridTests/Models/CellPositionTests.swift:130:9: note: in expansion of macro 'expect' here
        #expect(Set(adjacent) == expected)
        ^~~~~~~~~~~~~~~~~~~~~~~~~~~~~~~~~~
@__swiftmacro_15TennerGridTests0028CellPositionTestsswift_IxAFhfMX129_8_6expectfMf0_.swift:1:51: warning: main actor-isolated conformance of 'CellPosition' to 'Hashable' cannot be used in nonisolated context; this is an error in the Swift 6 language mode
Testing.__checkBinaryOperation(Set(adjacent),{ $0 == $1() },expected,expression: .__fromBinaryOperation(.__fromSyntaxNode("Set(adjacent)"),"==",.__fromSyntaxNode("expected")),comments: [],isRequired: false,sourceLocation: Testing.SourceLocation.__here()).__expected()
                                                  ^
/Users/einar/Sites/utvikler-einar-hansen/TennerGrid/TennerGridTests/Models/CellPositionTests.swift:130:9: note: in expansion of macro 'expect' here
        #expect(Set(adjacent) == expected)
        ^~~~~~~~~~~~~~~~~~~~~~~~~~~~~~~~~~
/Users/einar/Sites/utvikler-einar-hansen/TennerGrid/TennerGridTests/Models/CellPositionTests.swift:130:9: note: in expansion of macro 'expect' here
        #expect(Set(adjacent) == expected)
        ^~~~~~~~~~~~~~~~~~~~~~~~~~~~~~~~~~
/Users/einar/Sites/utvikler-einar-hansen/TennerGrid/TennerGridTests/Models/CellPositionTests.swift:141:43: warning: main actor-isolated conformance of 'CellPosition' to 'Hashable' cannot be used in nonisolated context; this is an error in the Swift 6 language mode
        let expected: Set<CellPosition> = [
                                          ^
@__swiftmacro_15TennerGridTests0028CellPositionTestsswift_IxAFhfMX148_8_6expectfMf0_.swift:1:9: warning: main actor-isolated conformance of 'CellPosition' to 'Hashable' cannot be used in nonisolated context; this is an error in the Swift 6 language mode
Testing.__checkBinaryOperation(Set(rowPositions),{ $0 == $1() },expected,expression: .__fromBinaryOperation(.__fromSyntaxNode("Set(rowPositions)"),"==",.__fromSyntaxNode("expected")),comments: [],isRequired: false,sourceLocation: Testing.SourceLocation.__here()).__expected()
        ^
/Users/einar/Sites/utvikler-einar-hansen/TennerGrid/TennerGridTests/Models/CellPositionTests.swift:149:9: note: in expansion of macro 'expect' here
        #expect(Set(rowPositions) == expected)
        ^~~~~~~~~~~~~~~~~~~~~~~~~~~~~~~~~~~~~~
/Users/einar/Sites/utvikler-einar-hansen/TennerGrid/TennerGridTests/Models/CellPositionTests.swift:149:9: note: in expansion of macro 'expect' here
        #expect(Set(rowPositions) == expected)
        ^~~~~~~~~~~~~~~~~~~~~~~~~~~~~~~~~~~~~~
@__swiftmacro_15TennerGridTests0028CellPositionTestsswift_IxAFhfMX148_8_6expectfMf0_.swift:1:32: warning: main actor-isolated conformance of 'CellPosition' to 'Hashable' cannot be used in nonisolated context; this is an error in the Swift 6 language mode
Testing.__checkBinaryOperation(Set(rowPositions),{ $0 == $1() },expected,expression: .__fromBinaryOperation(.__fromSyntaxNode("Set(rowPositions)"),"==",.__fromSyntaxNode("expected")),comments: [],isRequired: false,sourceLocation: Testing.SourceLocation.__here()).__expected()
                               ^
/Users/einar/Sites/utvikler-einar-hansen/TennerGrid/TennerGridTests/Models/CellPositionTests.swift:149:9: note: in expansion of macro 'expect' here
        #expect(Set(rowPositions) == expected)
        ^~~~~~~~~~~~~~~~~~~~~~~~~~~~~~~~~~~~~~
/Users/einar/Sites/utvikler-einar-hansen/TennerGrid/TennerGridTests/Models/CellPositionTests.swift:149:9: note: in expansion of macro 'expect' here
        #expect(Set(rowPositions) == expected)
        ^~~~~~~~~~~~~~~~~~~~~~~~~~~~~~~~~~~~~~
@__swiftmacro_15TennerGridTests0028CellPositionTestsswift_IxAFhfMX148_8_6expectfMf0_.swift:1:55: warning: main actor-isolated conformance of 'CellPosition' to 'Hashable' cannot be used in nonisolated context; this is an error in the Swift 6 language mode
Testing.__checkBinaryOperation(Set(rowPositions),{ $0 == $1() },expected,expression: .__fromBinaryOperation(.__fromSyntaxNode("Set(rowPositions)"),"==",.__fromSyntaxNode("expected")),comments: [],isRequired: false,sourceLocation: Testing.SourceLocation.__here()).__expected()
                                                      ^
/Users/einar/Sites/utvikler-einar-hansen/TennerGrid/TennerGridTests/Models/CellPositionTests.swift:149:9: note: in expansion of macro 'expect' here
        #expect(Set(rowPositions) == expected)
        ^~~~~~~~~~~~~~~~~~~~~~~~~~~~~~~~~~~~~~
/Users/einar/Sites/utvikler-einar-hansen/TennerGrid/TennerGridTests/Models/CellPositionTests.swift:149:9: note: in expansion of macro 'expect' here
        #expect(Set(rowPositions) == expected)
        ^~~~~~~~~~~~~~~~~~~~~~~~~~~~~~~~~~~~~~
/Users/einar/Sites/utvikler-einar-hansen/TennerGrid/TennerGridTests/Models/CellPositionTests.swift:168:43: warning: main actor-isolated conformance of 'CellPosition' to 'Hashable' cannot be used in nonisolated context; this is an error in the Swift 6 language mode
        let expected: Set<CellPosition> = [
                                          ^
@__swiftmacro_15TennerGridTests0028CellPositionTestsswift_IxAFhfMX175_8_6expectfMf0_.swift:1:9: warning: main actor-isolated conformance of 'CellPosition' to 'Hashable' cannot be used in nonisolated context; this is an error in the Swift 6 language mode
Testing.__checkBinaryOperation(Set(columnPositions),{ $0 == $1() },expected,expression: .__fromBinaryOperation(.__fromSyntaxNode("Set(columnPositions)"),"==",.__fromSyntaxNode("expected")),comments: [],isRequired: false,sourceLocation: Testing.SourceLocation.__here()).__expected()
        ^
/Users/einar/Sites/utvikler-einar-hansen/TennerGrid/TennerGridTests/Models/CellPositionTests.swift:176:9: note: in expansion of macro 'expect' here
        #expect(Set(columnPositions) == expected)
        ^~~~~~~~~~~~~~~~~~~~~~~~~~~~~~~~~~~~~~~~~
/Users/einar/Sites/utvikler-einar-hansen/TennerGrid/TennerGridTests/Models/CellPositionTests.swift:176:9: note: in expansion of macro 'expect' here
        #expect(Set(columnPositions) == expected)
        ^~~~~~~~~~~~~~~~~~~~~~~~~~~~~~~~~~~~~~~~~
@__swiftmacro_15TennerGridTests0028CellPositionTestsswift_IxAFhfMX175_8_6expectfMf0_.swift:1:32: warning: main actor-isolated conformance of 'CellPosition' to 'Hashable' cannot be used in nonisolated context; this is an error in the Swift 6 language mode
Testing.__checkBinaryOperation(Set(columnPositions),{ $0 == $1() },expected,expression: .__fromBinaryOperation(.__fromSyntaxNode("Set(columnPositions)"),"==",.__fromSyntaxNode("expected")),comments: [],isRequired: false,sourceLocation: Testing.SourceLocation.__here()).__expected()
                               ^
/Users/einar/Sites/utvikler-einar-hansen/TennerGrid/TennerGridTests/Models/CellPositionTests.swift:176:9: note: in expansion of macro 'expect' here
        #expect(Set(columnPositions) == expected)
        ^~~~~~~~~~~~~~~~~~~~~~~~~~~~~~~~~~~~~~~~~
/Users/einar/Sites/utvikler-einar-hansen/TennerGrid/TennerGridTests/Models/CellPositionTests.swift:176:9: note: in expansion of macro 'expect' here
        #expect(Set(columnPositions) == expected)
        ^~~~~~~~~~~~~~~~~~~~~~~~~~~~~~~~~~~~~~~~~
@__swiftmacro_15TennerGridTests0028CellPositionTestsswift_IxAFhfMX175_8_6expectfMf0_.swift:1:58: warning: main actor-isolated conformance of 'CellPosition' to 'Hashable' cannot be used in nonisolated context; this is an error in the Swift 6 language mode
Testing.__checkBinaryOperation(Set(columnPositions),{ $0 == $1() },expected,expression: .__fromBinaryOperation(.__fromSyntaxNode("Set(columnPositions)"),"==",.__fromSyntaxNode("expected")),comments: [],isRequired: false,sourceLocation: Testing.SourceLocation.__here()).__expected()
                                                         ^
/Users/einar/Sites/utvikler-einar-hansen/TennerGrid/TennerGridTests/Models/CellPositionTests.swift:176:9: note: in expansion of macro 'expect' here
        #expect(Set(columnPositions) == expected)
        ^~~~~~~~~~~~~~~~~~~~~~~~~~~~~~~~~~~~~~~~~
/Users/einar/Sites/utvikler-einar-hansen/TennerGrid/TennerGridTests/Models/CellPositionTests.swift:176:9: note: in expansion of macro 'expect' here
        #expect(Set(columnPositions) == expected)
        ^~~~~~~~~~~~~~~~~~~~~~~~~~~~~~~~~~~~~~~~~
/Users/einar/Sites/utvikler-einar-hansen/TennerGrid/TennerGridTests/Models/CellPositionTests.swift:269:32: warning: main actor-isolated conformance of 'CellPosition' to 'Encodable' cannot be used in nonisolated context; this is an error in the Swift 6 language mode
        let data = try encoder.encode(position)
                               ^
/Users/einar/Sites/utvikler-einar-hansen/TennerGrid/TennerGridTests/Models/CellPositionTests.swift:282:36: warning: main actor-isolated conformance of 'CellPosition' to 'Decodable' cannot be used in nonisolated context; this is an error in the Swift 6 language mode
        let position = try decoder.decode(CellPosition.self, from: data)
                                   ^
/Users/einar/Sites/utvikler-einar-hansen/TennerGrid/TennerGridTests/Models/CellPositionTests.swift:293:32: warning: main actor-isolated conformance of 'CellPosition' to 'Encodable' cannot be used in nonisolated context; this is an error in the Swift 6 language mode
        let data = try encoder.encode(original)
                               ^
/Users/einar/Sites/utvikler-einar-hansen/TennerGrid/TennerGridTests/Models/CellPositionTests.swift:294:35: warning: main actor-isolated conformance of 'CellPosition' to 'Decodable' cannot be used in nonisolated context; this is an error in the Swift 6 language mode
        let decoded = try decoder.decode(CellPosition.self, from: data)
                                  ^
@__swiftmacro_15TennerGridTests0028CellPositionTestsswift_IxAFhfMX295_8_6expectfMf_.swift:1:45: warning: main actor-isolated conformance of 'CellPosition' to 'Equatable' cannot be used in nonisolated context; this is an error in the Swift 6 language mode
Testing.__checkBinaryOperation(decoded,{ $0 == $1() },original,expression: .__fromBinaryOperation(.__fromSyntaxNode("decoded"),"==",.__fromSyntaxNode("original")),comments: [],isRequired: false,sourceLocation: Testing.SourceLocation.__here()).__expected()
                                            ^
/Users/einar/Sites/utvikler-einar-hansen/TennerGrid/TennerGridTests/Models/CellPositionTests.swift:296:9: note: in expansion of macro 'expect' here
        #expect(decoded == original)
        ^~~~~~~~~~~~~~~~~~~~~~~~~~~~
/Users/einar/Sites/utvikler-einar-hansen/TennerGrid/TennerGridTests/Models/CellPositionTests.swift:296:9: note: in expansion of macro 'expect' here
        #expect(decoded == original)
        ^~~~~~~~~~~~~~~~~~~~~~~~~~~~
/Users/einar/Sites/utvikler-einar-hansen/TennerGrid/TennerGridTests/Services/SettingsManagerTests.swift:39:9: warning: main actor-isolated conformance of 'UserSettings' to 'Equatable' cannot be used in nonisolated context; this is an error in the Swift 6 language mode
        XCTAssertEqual(manager.settings, .default)
        ^
/Users/einar/Sites/utvikler-einar-hansen/TennerGrid/TennerGridTests/Services/SettingsManagerTests.swift:59:9: warning: main actor-isolated conformance of 'UserSettings' to 'Equatable' cannot be used in nonisolated context; this is an error in the Swift 6 language mode
        XCTAssertEqual(manager.settings, customSettings)
        ^
/Users/einar/Sites/utvikler-einar-hansen/TennerGrid/TennerGridTests/Services/SettingsManagerTests.swift:70:9: warning: main actor-isolated conformance of 'UserSettings' to 'Equatable' cannot be used in nonisolated context; this is an error in the Swift 6 language mode
        XCTAssertEqual(manager.settings, .default)
        ^
/Users/einar/Sites/utvikler-einar-hansen/TennerGrid/TennerGridTests/Services/SettingsManagerTests.swift:92:9: warning: main actor-isolated conformance of 'UserSettings' to 'Equatable' cannot be used in nonisolated context; this is an error in the Swift 6 language mode
        XCTAssertEqual(manager.settings, newSettings)
        ^
/Users/einar/Sites/utvikler-einar-hansen/TennerGrid/TennerGridTests/Services/SettingsManagerTests.swift:148:9: warning: main actor-isolated conformance of 'UserSettings' to 'Equatable' cannot be used in nonisolated context; this is an error in the Swift 6 language mode
        XCTAssertEqual(manager.settings, customSettings)
        ^
/Users/einar/Sites/utvikler-einar-hansen/TennerGrid/TennerGridTests/Services/SettingsManagerTests.swift:154:9: warning: main actor-isolated conformance of 'UserSettings' to 'Equatable' cannot be used in nonisolated context; this is an error in the Swift 6 language mode
        XCTAssertEqual(manager.settings, .default)
        ^
/Users/einar/Sites/utvikler-einar-hansen/TennerGrid/TennerGridTests/Services/SettingsManagerTests.swift:181:9: warning: main actor-isolated conformance of 'UserSettings' to 'Equatable' cannot be used in nonisolated context; this is an error in the Swift 6 language mode
        XCTAssertEqual(newManager.settings, customSettings)
        ^
/Users/einar/Sites/utvikler-einar-hansen/TennerGrid/TennerGridTests/Services/SettingsManagerTests.swift:232:13: warning: initialization of immutable value 'manager2' was never used; consider replacing with assignment to '_' or removing it
        let manager2 = createTestManager()
        ~~~~^~~~~~~~
        _
/Users/einar/Sites/utvikler-einar-hansen/TennerGrid/TennerGridTests/Services/SettingsManagerTests.swift:240:9: warning: main actor-isolated conformance of 'UserSettings' to 'Equatable' cannot be used in nonisolated context; this is an error in the Swift 6 language mode
        XCTAssertEqual(reloadedManager.settings, customSettings)
        ^
/Users/einar/Sites/utvikler-einar-hansen/TennerGrid/TennerGridTests/Services/SettingsManagerTests.swift:254:36: warning: main actor-isolated conformance of 'UserSettings' to 'Encodable' cannot be used in nonisolated context; this is an error in the Swift 6 language mode
            let data = try encoder.encode(settings)
                                   ^
/Users/einar/Sites/utvikler-einar-hansen/TennerGrid/TennerGridTests/Services/SettingsManagerTests.swift:269:32: warning: main actor-isolated conformance of 'UserSettings' to 'Decodable' cannot be used in nonisolated context; this is an error in the Swift 6 language mode
            return try decoder.decode(UserSettings.self, from: data)
                               ^
/Users/einar/Sites/utvikler-einar-hansen/TennerGrid/TennerGridTests/Services/SettingsManagerTests.swift:308:36: warning: main actor-isolated conformance of 'UserSettings' to 'Encodable' cannot be used in nonisolated context; this is an error in the Swift 6 language mode
            let data = try encoder.encode(settings)
                                   ^
/Users/einar/Sites/utvikler-einar-hansen/TennerGrid/TennerGridTests/Services/SettingsManagerTests.swift:322:32: warning: main actor-isolated conformance of 'UserSettings' to 'Decodable' cannot be used in nonisolated context; this is an error in the Swift 6 language mode
            return try decoder.decode(UserSettings.self, from: data)
                               ^
/Users/einar/Sites/utvikler-einar-hansen/TennerGrid/TennerGridTests/Models/GameStatisticsTests.swift:444:32: warning: main actor-isolated conformance of 'GameStatistics' to 'Encodable' cannot be used in nonisolated context; this is an error in the Swift 6 language mode
        let data = try encoder.encode(stats)
                               ^
/Users/einar/Sites/utvikler-einar-hansen/TennerGrid/TennerGridTests/Models/GameStatisticsTests.swift:457:32: warning: main actor-isolated conformance of 'GameStatistics' to 'Encodable' cannot be used in nonisolated context; this is an error in the Swift 6 language mode
        let data = try encoder.encode(original)
                               ^
/Users/einar/Sites/utvikler-einar-hansen/TennerGrid/TennerGridTests/Models/GameStatisticsTests.swift:458:35: warning: main actor-isolated conformance of 'GameStatistics' to 'Decodable' cannot be used in nonisolated context; this is an error in the Swift 6 language mode
        let decoded = try decoder.decode(GameStatistics.self, from: data)
                                  ^
@__swiftmacro_15TennerGridTests0030GameStatisticsTestsswift_eDAEifMX459_8_6expectfMf_.swift:1:45: warning: main actor-isolated conformance of 'GameStatistics' to 'Equatable' cannot be used in nonisolated context; this is an error in the Swift 6 language mode
Testing.__checkBinaryOperation(decoded,{ $0 == $1() },original,expression: .__fromBinaryOperation(.__fromSyntaxNode("decoded"),"==",.__fromSyntaxNode("original")),comments: [],isRequired: false,sourceLocation: Testing.SourceLocation.__here()).__expected()
                                            ^
/Users/einar/Sites/utvikler-einar-hansen/TennerGrid/TennerGridTests/Models/GameStatisticsTests.swift:460:9: note: in expansion of macro 'expect' here
        #expect(decoded == original)
        ^~~~~~~~~~~~~~~~~~~~~~~~~~~~
/Users/einar/Sites/utvikler-einar-hansen/TennerGrid/TennerGridTests/Models/GameStatisticsTests.swift:460:9: note: in expansion of macro 'expect' here
        #expect(decoded == original)
        ^~~~~~~~~~~~~~~~~~~~~~~~~~~~
/Users/einar/Sites/utvikler-einar-hansen/TennerGrid/TennerGridTests/Models/GameStatisticsTests.swift:473:35: warning: main actor-isolated conformance of 'GameStatistics' to 'Encodable' cannot be used in nonisolated context; this is an error in the Swift 6 language mode
        let encoded = try encoder.encode(stats)
                                  ^
/Users/einar/Sites/utvikler-einar-hansen/TennerGrid/TennerGridTests/Models/GameStatisticsTests.swift:474:35: warning: main actor-isolated conformance of 'GameStatistics' to 'Decodable' cannot be used in nonisolated context; this is an error in the Swift 6 language mode
        let decoded = try decoder.decode(GameStatistics.self, from: encoded)
                                  ^
@__swiftmacro_15TennerGridTests0030GameStatisticsTestsswift_eDAEifMX508_8_6expectfMf_.swift:1:44: warning: main actor-isolated conformance of 'GameStatistics' to 'Equatable' cannot be used in nonisolated context; this is an error in the Swift 6 language mode
Testing.__checkBinaryOperation(stats1,{ $0 == $1() },stats2,expression: .__fromBinaryOperation(.__fromSyntaxNode("stats1"),"==",.__fromSyntaxNode("stats2")),comments: [],isRequired: false,sourceLocation: Testing.SourceLocation.__here()).__expected()
                                           ^
/Users/einar/Sites/utvikler-einar-hansen/TennerGrid/TennerGridTests/Models/GameStatisticsTests.swift:509:9: note: in expansion of macro 'expect' here
        #expect(stats1 == stats2)
        ^~~~~~~~~~~~~~~~~~~~~~~~~
/Users/einar/Sites/utvikler-einar-hansen/TennerGrid/TennerGridTests/Models/GameStatisticsTests.swift:509:9: note: in expansion of macro 'expect' here
        #expect(stats1 == stats2)
        ^~~~~~~~~~~~~~~~~~~~~~~~~
@__swiftmacro_15TennerGridTests0032TennerGridPuzzleTestsswift_jIADjfMX463_8_6expectfMf_.swift:1:45: warning: main actor-isolated conformance of 'TennerGridPuzzle' to 'Equatable' cannot be used in nonisolated context; this is an error in the Swift 6 language mode
Testing.__checkBinaryOperation(puzzle1,{ $0 != $1() },puzzle2,expression: .__fromBinaryOperation(.__fromSyntaxNode("puzzle1"),"!=",.__fromSyntaxNode("puzzle2")),comments: [.__line("// Different IDs means different puzzles")],isRequired: false,sourceLocation: Testing.SourceLocation.__here()).__expected()
                                            ^
/Users/einar/Sites/utvikler-einar-hansen/TennerGrid/TennerGridTests/Models/TennerGridPuzzleTests.swift:464:9: note: in expansion of macro 'expect' here
        #expect(puzzle1 != puzzle2)
        ^~~~~~~~~~~~~~~~~~~~~~~~~~~
/Users/einar/Sites/utvikler-einar-hansen/TennerGrid/TennerGridTests/Models/TennerGridPuzzleTests.swift:464:9: note: in expansion of macro 'expect' here
        #expect(puzzle1 != puzzle2)
        ^~~~~~~~~~~~~~~~~~~~~~~~~~~
/Users/einar/Sites/utvikler-einar-hansen/TennerGrid/TennerGridTests/Models/GameStatisticsTests.swift:444:32: warning: main actor-isolated conformance of 'GameStatistics' to 'Encodable' cannot be used in nonisolated context; this is an error in the Swift 6 language mode
        let data = try encoder.encode(stats)
                               ^
/Users/einar/Sites/utvikler-einar-hansen/TennerGrid/TennerGridTests/Models/GameStatisticsTests.swift:457:32: warning: main actor-isolated conformance of 'GameStatistics' to 'Encodable' cannot be used in nonisolated context; this is an error in the Swift 6 language mode
        let data = try encoder.encode(original)
                               ^
/Users/einar/Sites/utvikler-einar-hansen/TennerGrid/TennerGridTests/Models/GameStatisticsTests.swift:458:35: warning: main actor-isolated conformance of 'GameStatistics' to 'Decodable' cannot be used in nonisolated context; this is an error in the Swift 6 language mode
        let decoded = try decoder.decode(GameStatistics.self, from: data)
                                  ^
@__swiftmacro_15TennerGridTests0030GameStatisticsTestsswift_eDAEifMX459_8_6expectfMf_.swift:1:45: warning: main actor-isolated conformance of 'GameStatistics' to 'Equatable' cannot be used in nonisolated context; this is an error in the Swift 6 language mode
Testing.__checkBinaryOperation(decoded,{ $0 == $1() },original,expression: .__fromBinaryOperation(.__fromSyntaxNode("decoded"),"==",.__fromSyntaxNode("original")),comments: [],isRequired: false,sourceLocation: Testing.SourceLocation.__here()).__expected()
                                            ^
/Users/einar/Sites/utvikler-einar-hansen/TennerGrid/TennerGridTests/Models/GameStatisticsTests.swift:460:9: note: in expansion of macro 'expect' here
        #expect(decoded == original)
        ^~~~~~~~~~~~~~~~~~~~~~~~~~~~
/Users/einar/Sites/utvikler-einar-hansen/TennerGrid/TennerGridTests/Models/GameStatisticsTests.swift:460:9: note: in expansion of macro 'expect' here
        #expect(decoded == original)
        ^~~~~~~~~~~~~~~~~~~~~~~~~~~~
/Users/einar/Sites/utvikler-einar-hansen/TennerGrid/TennerGridTests/Models/GameStatisticsTests.swift:473:35: warning: main actor-isolated conformance of 'GameStatistics' to 'Encodable' cannot be used in nonisolated context; this is an error in the Swift 6 language mode
        let encoded = try encoder.encode(stats)
                                  ^
/Users/einar/Sites/utvikler-einar-hansen/TennerGrid/TennerGridTests/Models/GameStatisticsTests.swift:474:35: warning: main actor-isolated conformance of 'GameStatistics' to 'Decodable' cannot be used in nonisolated context; this is an error in the Swift 6 language mode
        let decoded = try decoder.decode(GameStatistics.self, from: encoded)
                                  ^
@__swiftmacro_15TennerGridTests0030GameStatisticsTestsswift_eDAEifMX508_8_6expectfMf_.swift:1:44: warning: main actor-isolated conformance of 'GameStatistics' to 'Equatable' cannot be used in nonisolated context; this is an error in the Swift 6 language mode
Testing.__checkBinaryOperation(stats1,{ $0 == $1() },stats2,expression: .__fromBinaryOperation(.__fromSyntaxNode("stats1"),"==",.__fromSyntaxNode("stats2")),comments: [],isRequired: false,sourceLocation: Testing.SourceLocation.__here()).__expected()
                                           ^
/Users/einar/Sites/utvikler-einar-hansen/TennerGrid/TennerGridTests/Models/GameStatisticsTests.swift:509:9: note: in expansion of macro 'expect' here
        #expect(stats1 == stats2)
        ^~~~~~~~~~~~~~~~~~~~~~~~~
/Users/einar/Sites/utvikler-einar-hansen/TennerGrid/TennerGridTests/Models/GameStatisticsTests.swift:509:9: note: in expansion of macro 'expect' here
        #expect(stats1 == stats2)
        ^~~~~~~~~~~~~~~~~~~~~~~~~
@__swiftmacro_15TennerGridTests0032TennerGridPuzzleTestsswift_jIADjfMX463_8_6expectfMf_.swift:1:45: warning: main actor-isolated conformance of 'TennerGridPuzzle' to 'Equatable' cannot be used in nonisolated context; this is an error in the Swift 6 language mode
Testing.__checkBinaryOperation(puzzle1,{ $0 != $1() },puzzle2,expression: .__fromBinaryOperation(.__fromSyntaxNode("puzzle1"),"!=",.__fromSyntaxNode("puzzle2")),comments: [.__line("// Different IDs means different puzzles")],isRequired: false,sourceLocation: Testing.SourceLocation.__here()).__expected()
                                            ^
/Users/einar/Sites/utvikler-einar-hansen/TennerGrid/TennerGridTests/Models/TennerGridPuzzleTests.swift:464:9: note: in expansion of macro 'expect' here
        #expect(puzzle1 != puzzle2)
        ^~~~~~~~~~~~~~~~~~~~~~~~~~~
/Users/einar/Sites/utvikler-einar-hansen/TennerGrid/TennerGridTests/Models/TennerGridPuzzleTests.swift:464:9: note: in expansion of macro 'expect' here
        #expect(puzzle1 != puzzle2)
        ^~~~~~~~~~~~~~~~~~~~~~~~~~~
/Users/einar/Sites/utvikler-einar-hansen/TennerGrid/TennerGridTests/Models/TennerGridPuzzleTests.swift:508:32: warning: main actor-isolated conformance of 'TennerGridPuzzle' to 'Encodable' cannot be used in nonisolated context; this is an error in the Swift 6 language mode
        let data = try encoder.encode(puzzle)
                               ^
/Users/einar/Sites/utvikler-einar-hansen/TennerGrid/TennerGridTests/Models/TennerGridPuzzleTests.swift:523:32: warning: main actor-isolated conformance of 'TennerGridPuzzle' to 'Encodable' cannot be used in nonisolated context; this is an error in the Swift 6 language mode
        let data = try encoder.encode(puzzle)
                               ^
/Users/einar/Sites/utvikler-einar-hansen/TennerGrid/TennerGridTests/Models/TennerGridPuzzleTests.swift:524:35: warning: main actor-isolated conformance of 'TennerGridPuzzle' to 'Decodable' cannot be used in nonisolated context; this is an error in the Swift 6 language mode
        let decoded = try decoder.decode(TennerGridPuzzle.self, from: data)
                                  ^
/Users/einar/Sites/utvikler-einar-hansen/TennerGrid/TennerGridTests/Models/TennerGridPuzzleTests.swift:538:32: warning: main actor-isolated conformance of 'TennerGridPuzzle' to 'Encodable' cannot be used in nonisolated context; this is an error in the Swift 6 language mode
        let data = try encoder.encode(original)
                               ^
/Users/einar/Sites/utvikler-einar-hansen/TennerGrid/TennerGridTests/Models/TennerGridPuzzleTests.swift:539:35: warning: main actor-isolated conformance of 'TennerGridPuzzle' to 'Decodable' cannot be used in nonisolated context; this is an error in the Swift 6 language mode
        let decoded = try decoder.decode(TennerGridPuzzle.self, from: data)
                                  ^
/Users/einar/Sites/utvikler-einar-hansen/TennerGrid/TennerGridTests/Views/DailyChallengesViewTests.swift:320:13: warning: initialization of immutable value 'beforeJanuary' was never used; consider replacing with assignment to '_' or removing it
        let beforeJanuary = createDate(year: 2025, month: 12, day: 1)
        ~~~~^~~~~~~~~~~~~
        _
Testing started
Test suite 'TennerGridUITestsLaunchTests' started on 'Clone 1 of iPhone 17 - TennerGridUITests-Runner (53818)'
Test case 'TennerGridUITestsLaunchTests.testLaunch()' passed on 'Clone 1 of iPhone 17 - TennerGridUITests-Runner (53818)' (7.147 seconds)
Test case 'TennerGridUITestsLaunchTests.testLaunch()' passed on 'Clone 1 of iPhone 17 - TennerGridUITests-Runner (53818)' (6.585 seconds)
Test case 'TennerGridUITestsLaunchTests.testLaunch()' passed on 'Clone 1 of iPhone 17 - TennerGridUITests-Runner (53818)' (7.155 seconds)
Test suite 'GameViewModelTests' started on 'Clone 2 of iPhone 17 - TennerGrid (53978)'
Test case 'GameViewModelTests.testUndoMultipleActions()' passed on 'Clone 2 of iPhone 17 - TennerGrid (53978)' (0.044 seconds)
Test case 'GameViewModelTests.testCompleteGameFlow_TimeTracking()' passed on 'Clone 2 of iPhone 17 - TennerGrid (53978)' (0.668 seconds)
Test case 'GameViewModelTests.testHistoryLimitDoesNotAffectRedoStack()' passed on 'Clone 2 of iPhone 17 - TennerGrid (53978)' (0.020 seconds)
Test case 'GameViewModelTests.testRemainingSumUpdatesAsColumnFills()' passed on 'Clone 2 of iPhone 17 - TennerGrid (53978)' (0.001 seconds)
Test case 'GameViewModelTests.testPauseTimer()' passed on 'Clone 2 of iPhone 17 - TennerGrid (53978)' (0.204 seconds)
Test case 'GameViewModelTests.testUndoUpdatesConflicts()' passed on 'Clone 2 of iPhone 17 - TennerGrid (53978)' (0.002 seconds)
Test case 'GameViewModelTests.testMultipleCellsWithSameNumberHighlighted()' passed on 'Clone 2 of iPhone 17 - TennerGrid (53978)' (0.002 seconds)
Test case 'GameViewModelTests.testWouldExceedColumnSumWithValidValue()' passed on 'Clone 2 of iPhone 17 - TennerGrid (53978)' (0.001 seconds)
Test case 'GameViewModelTests.testColumnSumValidationWithUndoRedo()' passed on 'Clone 2 of iPhone 17 - TennerGrid (53978)' (0.001 seconds)
Test case 'GameViewModelTests.testUndoClearCell()' passed on 'Clone 2 of iPhone 17 - TennerGrid (53978)' (0.002 seconds)
Test case 'GameViewModelTests.testTimerDoesNotStartWhenGameIsCompleted()' passed on 'Clone 2 of iPhone 17 - TennerGrid (53978)' (0.001 seconds)
Test case 'GameViewModelTests.testInitialization()' passed on 'Clone 2 of iPhone 17 - TennerGrid (53978)' (0.004 seconds)
Test case 'GameViewModelTests.testSelectInvalidCell()' passed on 'Clone 2 of iPhone 17 - TennerGrid (53978)' (0.001 seconds)
Test case 'GameViewModelTests.testCompleteGameFlow_WithNotes()' passed on 'Clone 2 of iPhone 17 - TennerGrid (53978)' (0.004 seconds)
Test case 'GameViewModelTests.testRedoClearsErrorMessage()' passed on 'Clone 2 of iPhone 17 - TennerGrid (53978)' (0.001 seconds)
Test case 'GameViewModelTests.testEnterNumberClearsError()' passed on 'Clone 2 of iPhone 17 - TennerGrid (53978)' (0.007 seconds)
Test case 'GameViewModelTests.testRemainingSumForEmptyColumn()' passed on 'Clone 2 of iPhone 17 - TennerGrid (53978)' (0.001 seconds)
Test case 'GameViewModelTests.testMarksQuery()' passed on 'Clone 2 of iPhone 17 - TennerGrid (53978)' (0.001 seconds)
Test case 'GameViewModelTests.testIsEmptyQuery()' passed on 'Clone 2 of iPhone 17 - TennerGrid (53978)' (0.001 seconds)
Test case 'GameViewModelTests.testColumnSumIntegrationWithNumberPad()' passed on 'Clone 2 of iPhone 17 - TennerGrid (53978)' (0.001 seconds)
Test case 'GameViewModelTests.testSetNotesMode()' passed on 'Clone 2 of iPhone 17 - TennerGrid (53978)' (0.001 seconds)
Test case 'GameViewModelTests.testSameNumberHighlighting()' passed on 'Clone 2 of iPhone 17 - TennerGrid (53978)' (0.009 seconds)
Test case 'GameViewModelTests.testHighlightingUpdatesWhenSelectionChanges()' passed on 'Clone 2 of iPhone 17 - TennerGrid (53978)' (0.001 seconds)
Test case 'GameViewModelTests.testCannotPlaceInvalidValue()' passed on 'Clone 2 of iPhone 17 - TennerGrid (53978)' (0.006 seconds)
Test case 'GameViewModelTests.testHistoryLimitTo50Actions()' passed on 'Clone 2 of iPhone 17 - TennerGrid (53978)' (0.021 seconds)
Test case 'GameViewModelTests.testRedoMultipleActions()' passed on 'Clone 2 of iPhone 17 - TennerGrid (53978)' (0.002 seconds)
Test case 'GameViewModelTests.testColumnSumWithExactlyZeroRemaining()' passed on 'Clone 2 of iPhone 17 - TennerGrid (53978)' (0.001 seconds)
Test case 'GameViewModelTests.testPauseResumeCycle()' passed on 'Clone 2 of iPhone 17 - TennerGrid (53978)' (0.820 seconds)
Test case 'GameViewModelTests.testSettingsObserver_AutoCheckErrors_EnablesConflictDisplay()' passed on 'Clone 2 of iPhone 17 - TennerGrid (53978)' (0.103 seconds)
Test case 'GameViewModelTests.testTogglePencilMark()' passed on 'Clone 2 of iPhone 17 - TennerGrid (53978)' (0.002 seconds)
Test case 'GameViewModelTests.testRedoClearCell()' passed on 'Clone 2 of iPhone 17 - TennerGrid (53978)' (0.002 seconds)
Test case 'GameViewModelTests.testHistoryLimitPreservesNewestActions()' passed on 'Clone 2 of iPhone 17 - TennerGrid (53978)' (0.020 seconds)
Test case 'GameViewModelTests.testUndoHistory()' passed on 'Clone 2 of iPhone 17 - TennerGrid (53978)' (0.001 seconds)
Test case 'GameViewModelTests.testTogglePencilMarkOnPrefilledCell()' passed on 'Clone 2 of iPhone 17 - TennerGrid (53978)' (0.001 seconds)
Test case 'GameViewModelTests.testClearError()' passed on 'Clone 2 of iPhone 17 - TennerGrid (53978)' (0.001 seconds)
Test case 'GameViewModelTests.testTimerDoesNotStartWhenGameIsPaused()' passed on 'Clone 2 of iPhone 17 - TennerGrid (53978)' (0.001 seconds)
Test case 'GameViewModelTests.testCanPlaceValidValue()' passed on 'Clone 2 of iPhone 17 - TennerGrid (53978)' (0.001 seconds)
Test case 'GameViewModelTests.testStartTimerWhenAlreadyRunning()' passed on 'Clone 2 of iPhone 17 - TennerGrid (53978)' (0.001 seconds)
Test case 'GameViewModelTests.testDescription()' passed on 'Clone 2 of iPhone 17 - TennerGrid (53978)' (0.001 seconds)
Test case 'GameViewModelTests.testRemovePencilMark()' passed on 'Clone 2 of iPhone 17 - TennerGrid (53978)' (0.001 seconds)
Test case 'GameViewModelTests.testEnterNumberClearsPencilMarks()' passed on 'Clone 2 of iPhone 17 - TennerGrid (53978)' (0.001 seconds)
Test case 'GameViewModelTests.testUndoSetPencilMarks()' passed on 'Clone 2 of iPhone 17 - TennerGrid (53978)' (0.001 seconds)
Test case 'GameViewModelTests.testCellHighlightingForAdjacentCells()' passed on 'Clone 2 of iPhone 17 - TennerGrid (53978)' (0.001 seconds)
Test case 'GameViewModelTests.testValueQuery()' passed on 'Clone 2 of iPhone 17 - TennerGrid (53978)' (0.002 seconds)
Test case 'GameViewModelTests.testTimerPreservesTimeAcrossViewModelCreation()' passed on 'Clone 2 of iPhone 17 - TennerGrid (53978)' (0.102 seconds)
Test case 'GameViewModelTests.testUndoRedoSequence()' passed on 'Clone 2 of iPhone 17 - TennerGrid (53978)' (0.002 seconds)
Test case 'GameViewModelTests.testRedoMovesToUndoStack()' passed on 'Clone 2 of iPhone 17 - TennerGrid (53978)' (0.002 seconds)
Test case 'GameViewModelTests.testRemainingSumForCompleteColumn()' passed on 'Clone 2 of iPhone 17 - TennerGrid (53978)' (0.002 seconds)
Test case 'GameViewModelTests.testSameNumberNotHighlightedWhenSelectedCellIsEmpty()' passed on 'Clone 2 of iPhone 17 - TennerGrid (53978)' (0.001 seconds)
Test case 'GameViewModelTests.testEnterNumberWithoutSelection()' passed on 'Clone 2 of iPhone 17 - TennerGrid (53978)' (0.002 seconds)
Test case 'GameViewModelTests.testEnterNumberInNotesMode()' passed on 'Clone 2 of iPhone 17 - TennerGrid (53978)' (0.002 seconds)
Test case 'GameViewModelTests.testFormattedTime()' passed on 'Clone 2 of iPhone 17 - TennerGrid (53978)' (0.001 seconds)
Test case 'GameViewModelTests.testClearPencilMarks()' passed on 'Clone 2 of iPhone 17 - TennerGrid (53978)' (0.001 seconds)
Test case 'GameViewModelTests.testRedoPencilMarks()' passed on 'Clone 2 of iPhone 17 - TennerGrid (53978)' (0.001 seconds)
Test case 'GameViewModelTests.testCompleteGameFlow_WithCellClearing()' passed on 'Clone 2 of iPhone 17 - TennerGrid (53978)' (0.004 seconds)
Test case 'GameViewModelTests.testRemainingSumForInvalidColumn()' passed on 'Clone 2 of iPhone 17 - TennerGrid (53978)' (0.001 seconds)
Test case 'GameViewModelTests.testRedoWithoutHistory()' passed on 'Clone 2 of iPhone 17 - TennerGrid (53978)' (0.001 seconds)
Test case 'GameViewModelTests.testCellHighlightingForSameColumn()' passed on 'Clone 2 of iPhone 17 - TennerGrid (53978)' (0.001 seconds)
Test case 'GameViewModelTests.testTimerStartsAutomatically()' passed on 'Clone 2 of iPhone 17 - TennerGrid (53978)' (0.004 seconds)
Test case 'GameViewModelTests.testUndoWithoutHistory()' passed on 'Clone 2 of iPhone 17 - TennerGrid (53978)' (0.001 seconds)
Test case 'GameViewModelTests.testIsEditableQuery()' passed on 'Clone 2 of iPhone 17 - TennerGrid (53978)' (0.001 seconds)
Test case 'GameViewModelTests.testTogglePencilMarkWithoutSelection()' passed on 'Clone 2 of iPhone 17 - TennerGrid (53978)' (0.001 seconds)
Test case 'GameViewModelTests.testCompleteGameFlow_WithBundledPuzzle()' passed on 'Clone 2 of iPhone 17 - TennerGrid (53978)' (0.009 seconds)
Test case 'GameViewModelTests.testSettingsObserver_MultipleChanges_AllSync()' passed on 'Clone 2 of iPhone 17 - TennerGrid (53978)' (0.109 seconds)
Test case 'GameViewModelTests.testCompleteGameFlow_ColumnSumsVerification()' passed on 'Clone 2 of iPhone 17 - TennerGrid (53978)' (0.008 seconds)
Test case 'GameViewModelTests.testResumeTimer()' passed on 'Clone 2 of iPhone 17 - TennerGrid (53978)' (0.203 seconds)
Test case 'GameViewModelTests.testAddPencilMarkWithoutSelection()' passed on 'Clone 2 of iPhone 17 - TennerGrid (53978)' (0.001 seconds)
Test case 'GameViewModelTests.testElapsedTimeMatchesGameState()' passed on 'Clone 2 of iPhone 17 - TennerGrid (53978)' (0.103 seconds)
Test case 'GameViewModelTests.testGetValidValues()' passed on 'Clone 2 of iPhone 17 - TennerGrid (53978)' (0.002 seconds)
Test case 'GameViewModelTests.testUndoClearCellRestoresPencilMarks()' passed on 'Clone 2 of iPhone 17 - TennerGrid (53978)' (0.002 seconds)
Test case 'GameViewModelTests.testCompleteGameFlow_WithHints()' passed on 'Clone 2 of iPhone 17 - TennerGrid (53978)' (0.005 seconds)
Test case 'GameViewModelTests.testUndoClearsErrorMessage()' passed on 'Clone 2 of iPhone 17 - TennerGrid (53978)' (0.002 seconds)
Test case 'GameViewModelTests.testConflictDetection()' passed on 'Clone 2 of iPhone 17 - TennerGrid (53978)' (0.002 seconds)
Test case 'GameViewModelTests.testCompleteGameFlow_ActionsBlockedAfterCompletion()' passed on 'Clone 2 of iPhone 17 - TennerGrid (53978)' (0.004 seconds)
Test case 'GameViewModelTests.testUndoSetValue()' passed on 'Clone 2 of iPhone 17 - TennerGrid (53978)' (0.001 seconds)
Test case 'GameViewModelTests.testIsSelected()' passed on 'Clone 2 of iPhone 17 - TennerGrid (53978)' (0.002 seconds)
Test case 'GameViewModelTests.testToggleCellSelection()' passed on 'Clone 2 of iPhone 17 - TennerGrid (53978)' (0.001 seconds)
Test case 'GameViewModelTests.testSameNumberNotHighlightedForEmptyCells()' passed on 'Clone 2 of iPhone 17 - TennerGrid (53978)' (0.002 seconds)
Test case 'GameViewModelTests.testNewActionClearsRedoStack()' passed on 'Clone 2 of iPhone 17 - TennerGrid (53978)' (0.002 seconds)
Test case 'GameViewModelTests.testClearWithoutSelection()' passed on 'Clone 2 of iPhone 17 - TennerGrid (53978)' (0.001 seconds)
Test case 'GameViewModelTests.testRedoUpdatesConflicts()' passed on 'Clone 2 of iPhone 17 - TennerGrid (53978)' (0.002 seconds)
Test case 'GameViewModelTests.testRedoRestoresPencilMarksWhenCleared()' passed on 'Clone 2 of iPhone 17 - TennerGrid (53978)' (0.002 seconds)
Test case 'GameViewModelTests.testSettingsObserver_HapticFeedback_SyncsWithViewModel()' passed on 'Clone 2 of iPhone 17 - TennerGrid (53978)' (0.108 seconds)
Test case 'GameViewModelTests.testCompleteGameFlow_StateConsistency()' passed on 'Clone 2 of iPhone 17 - TennerGrid (53978)' (0.006 seconds)
Test case 'GameViewModelTests.testAddInvalidPencilMark()' passed on 'Clone 2 of iPhone 17 - TennerGrid (53978)' (0.001 seconds)
Test case 'GameViewModelTests.testClearSelectedCell()' passed on 'Clone 2 of iPhone 17 - TennerGrid (53978)' (0.001 seconds)
Test case 'GameViewModelTests.testMultipleActionSequencesWithUndoRedo()' passed on 'Clone 2 of iPhone 17 - TennerGrid (53978)' (0.003 seconds)
Test case 'GameViewModelTests.testClearSelection()' passed on 'Clone 2 of iPhone 17 - TennerGrid (53978)' (0.001 seconds)
Test case 'GameViewModelTests.testToggleDifferentCellSelection()' passed on 'Clone 2 of iPhone 17 - TennerGrid (53978)' (0.001 seconds)
Test case 'GameViewModelTests.testAddPencilMark()' passed on 'Clone 2 of iPhone 17 - TennerGrid (53978)' (0.001 seconds)
Test case 'GameViewModelTests.testSelectValidCell()' passed on 'Clone 2 of iPhone 17 - TennerGrid (53978)' (0.001 seconds)
Test case 'GameViewModelTests.testCellHighlightingForSameRow()' passed on 'Clone 2 of iPhone 17 - TennerGrid (53978)' (0.001 seconds)
Test case 'GameViewModelTests.testErrorHighlighting()' passed on 'Clone 2 of iPhone 17 - TennerGrid (53978)' (0.001 seconds)
Test case 'GameViewModelTests.testSettingsObserver_HighlightSameNumbers_UpdatesHighlighting()' passed on 'Clone 2 of iPhone 17 - TennerGrid (53978)' (0.104 seconds)
Test case 'GameViewModelTests.testSettingsObserver_AutoCheckErrors_ReEnablesConflictDetection()' passed on 'Clone 2 of iPhone 17 - TennerGrid (53978)' (0.215 seconds)
Test case 'GameViewModelTests.testUndoMovesToRedoStack()' passed on 'Clone 2 of iPhone 17 - TennerGrid (53978)' (0.001 seconds)
Test case 'GameViewModelTests.testCompleteGameFlow_WithUndoRedo()' passed on 'Clone 2 of iPhone 17 - TennerGrid (53978)' (0.005 seconds)
Test case 'GameViewModelTests.testUndoSetValueRestoresPencilMarks()' passed on 'Clone 2 of iPhone 17 - TennerGrid (53978)' (0.002 seconds)
Test case 'GameViewModelTests.testHasConflict()' passed on 'Clone 2 of iPhone 17 - TennerGrid (53978)' (0.002 seconds)
Test case 'GameViewModelTests.testToggleNotesMode()' passed on 'Clone 2 of iPhone 17 - TennerGrid (53978)' (0.002 seconds)
Test case 'GameViewModelTests.testHistoryLimitWithMixedActions()' passed on 'Clone 2 of iPhone 17 - TennerGrid (53978)' (0.005 seconds)
Test case 'GameViewModelTests.testUndoInNotesMode()' passed on 'Clone 2 of iPhone 17 - TennerGrid (53978)' (0.002 seconds)
Test case 'GameViewModelTests.testGetValidValuesForFilledCell()' passed on 'Clone 2 of iPhone 17 - TennerGrid (53978)' (0.001 seconds)
Test case 'GameViewModelTests.testTimerStopsOnCompletion()' passed on 'Clone 2 of iPhone 17 - TennerGrid (53978)' (0.085 seconds)
Test case 'GameViewModelTests.testStartTimerAfterCompletion()' passed on 'Clone 2 of iPhone 17 - TennerGrid (53978)' (0.004 seconds)
Test case 'GameViewModelTests.testInitializationFromPuzzle()' passed on 'Clone 2 of iPhone 17 - TennerGrid (53978)' (0.004 seconds)
Test case 'GameViewModelTests.testSettingsObserver_PersistsAcrossViewModels()' passed on 'Clone 2 of iPhone 17 - TennerGrid (53978)' (0.209 seconds)
Test case 'GameViewModelTests.testCannotPlaceInPrefilledCell()' passed on 'Clone 2 of iPhone 17 - TennerGrid (53978)' (0.001 seconds)
Test case 'GameViewModelTests.testComplexActionSequenceWithPartialUndoRedo()' passed on 'Clone 2 of iPhone 17 - TennerGrid (53978)' (0.002 seconds)
Test case 'GameViewModelTests.testUndoTogglePencilMark()' passed on 'Clone 2 of iPhone 17 - TennerGrid (53978)' (0.001 seconds)
Test case 'GameViewModelTests.testEnterNumberWithConflict()' passed on 'Clone 2 of iPhone 17 - TennerGrid (53978)' (0.001 seconds)
Test case 'GameViewModelTests.testSettingsObserver_SoundEffects_SyncsWithViewModel()' passed on 'Clone 2 of iPhone 17 - TennerGrid (53978)' (0.104 seconds)
Test case 'GameViewModelTests.testEnterNumberOnPrefilledCell()' passed on 'Clone 2 of iPhone 17 - TennerGrid (53978)' (0.001 seconds)
Test case 'GameViewModelTests.testRedoInNotesMode()' passed on 'Clone 2 of iPhone 17 - TennerGrid (53978)' (0.002 seconds)
Test case 'GameViewModelTests.testViewModelDeallocatesCleanlyWithRunningTimer()' passed on 'Clone 2 of iPhone 17 - TennerGrid (53978)' (0.103 seconds)
Test case 'GameViewModelTests.testNoHighlightingWhenNoSelection()' passed on 'Clone 2 of iPhone 17 - TennerGrid (53978)' (0.001 seconds)
Test case 'GameViewModelTests.testAddMultiplePencilMarks()' passed on 'Clone 2 of iPhone 17 - TennerGrid (53978)' (0.001 seconds)
Test case 'GameViewModelTests.testWouldExceedColumnSumWithInvalidPosition()' passed on 'Clone 2 of iPhone 17 - TennerGrid (53978)' (0.001 seconds)
Test case 'GameViewModelTests.testActionSequencePreservesGameState()' passed on 'Clone 2 of iPhone 17 - TennerGrid (53978)' (0.007 seconds)
Test case 'GameViewModelTests.testTimerUpdatesElapsedTime()' passed on 'Clone 2 of iPhone 17 - TennerGrid (53978)' (0.152 seconds)
Test case 'GameViewModelTests.testRemainingSumForPartiallyFilledColumn()' passed on 'Clone 2 of iPhone 17 - TennerGrid (53978)' (0.001 seconds)
Test case 'GameViewModelTests.testViewModelDeallocatesCleanlyWhenPaused()' passed on 'Clone 2 of iPhone 17 - TennerGrid (53978)' (0.102 seconds)
Test case 'GameViewModelTests.testWouldExceedColumnSumWhenReplacingValue()' passed on 'Clone 2 of iPhone 17 - TennerGrid (53978)' (0.001 seconds)
Test case 'GameViewModelTests.testCellHighlightingForSelectedCell()' passed on 'Clone 2 of iPhone 17 - TennerGrid (53978)' (0.001 seconds)
Test case 'GameViewModelTests.testAddPencilMarkToFilledCell()' passed on 'Clone 2 of iPhone 17 - TennerGrid (53978)' (0.001 seconds)
Test case 'GameViewModelTests.testClearPrefilledCell()' passed on 'Clone 2 of iPhone 17 - TennerGrid (53978)' (0.001 seconds)
Test case 'GameViewModelTests.testWouldExceedColumnSumWithExcessiveValue()' passed on 'Clone 2 of iPhone 17 - TennerGrid (53978)' (0.001 seconds)
Test case 'GameViewModelTests.testEnterInvalidNumber()' passed on 'Clone 2 of iPhone 17 - TennerGrid (53978)' (0.001 seconds)
Test case 'GameViewModelTests.testCompleteGameFlow_StartPlayComplete()' passed on 'Clone 2 of iPhone 17 - TennerGrid (53978)' (0.006 seconds)
Test case 'GameViewModelTests.testEnterValidNumber()' passed on 'Clone 2 of iPhone 17 - TennerGrid (53978)' (0.001 seconds)
Test case 'GameViewModelTests.testCompleteGameFlow_WithPauseResume()' passed on 'Clone 2 of iPhone 17 - TennerGrid (53978)' (0.094 seconds)
Test case 'GameViewModelTests.testEnterNumberRecordsError()' passed on 'Clone 2 of iPhone 17 - TennerGrid (53978)' (0.002 seconds)
Test case 'GameViewModelTests.testRedoTogglePencilMark()' passed on 'Clone 2 of iPhone 17 - TennerGrid (53978)' (0.002 seconds)
Test case 'GameViewModelTests.testSettingsObserver_ShowTimer_SyncsWithViewModel()' passed on 'Clone 2 of iPhone 17 - TennerGrid (53978)' (0.104 seconds)
Test case 'GameViewModelTests.testSameNumberNotHighlightedForDifferentValues()' passed on 'Clone 2 of iPhone 17 - TennerGrid (53978)' (0.002 seconds)
Test case 'GameViewModelTests.testRedoBasicAction()' passed on 'Clone 2 of iPhone 17 - TennerGrid (53978)' (0.002 seconds)
Test case 'GameViewModelTests.testCompleteGameFlow_WithErrors()' passed on 'Clone 2 of iPhone 17 - TennerGrid (53978)' (0.005 seconds)
Test case 'GameViewModelTests.testGameCompletionDetection()' passed on 'Clone 2 of iPhone 17 - TennerGrid (53978)' (0.004 seconds)
Test case 'GameViewModelTests.testWouldExceedColumnSumForCompleteColumn()' passed on 'Clone 2 of iPhone 17 - TennerGrid (53978)' (0.001 seconds)
Test suite 'WinScreenViewTests' started on 'Clone 2 of iPhone 17 - TennerGrid (53978)'
Test case 'WinScreenViewTests.testWinScreenWithNoErrors()' passed on 'Clone 2 of iPhone 17 - TennerGrid (53978)' (0.015 seconds)
Test case 'WinScreenViewTests.testWinScreenCreationWithEasyDifficulty()' passed on 'Clone 2 of iPhone 17 - TennerGrid (53978)' (0.001 seconds)
Test case 'WinScreenViewTests.testWinScreenWithNoHintsUsed()' passed on 'Clone 2 of iPhone 17 - TennerGrid (53978)' (0.000 seconds)
Test case 'WinScreenViewTests.testChangeDifficultyCallbackTriggered()' passed on 'Clone 2 of iPhone 17 - TennerGrid (53978)' (0.001 seconds)
Test case 'WinScreenViewTests.testNewGameCallbackTriggered()' passed on 'Clone 2 of iPhone 17 - TennerGrid (53978)' (0.001 seconds)
Test case 'WinScreenViewTests.testAllCallbacksCanBeTriggeredIndependently()' passed on 'Clone 2 of iPhone 17 - TennerGrid (53978)' (0.001 seconds)
Test case 'WinScreenViewTests.testWinScreenWithManyHintsUsed()' passed on 'Clone 2 of iPhone 17 - TennerGrid (53978)' (0.001 seconds)
Test case 'WinScreenViewTests.testWinScreenCreationWithAllDifficulties()' passed on 'Clone 2 of iPhone 17 - TennerGrid (53978)' (0.000 seconds)
Test case 'WinScreenViewTests.testWinScreenCreationWithHardDifficulty()' passed on 'Clone 2 of iPhone 17 - TennerGrid (53978)' (0.000 seconds)
Test case 'WinScreenViewTests.testWinScreenWithManyErrors()' passed on 'Clone 2 of iPhone 17 - TennerGrid (53978)' (0.000 seconds)
Test case 'WinScreenViewTests.testHomeCallbackTriggered()' passed on 'Clone 2 of iPhone 17 - TennerGrid (53978)' (0.000 seconds)
Test case 'WinScreenViewTests.testWinScreenCreationWithMediumDifficulty()' passed on 'Clone 2 of iPhone 17 - TennerGrid (53978)' (0.000 seconds)
Test case 'WinScreenViewTests.testWinScreenCreationPerformance()' passed on 'Clone 2 of iPhone 17 - TennerGrid (53978)' (0.754 seconds)
Test suite 'PuzzleManagerTests' started on 'Clone 2 of iPhone 17 - TennerGrid (53978)'
Test case 'PuzzleManagerTests.testAddSavedGame_replacesExistingGameWithSamePuzzleID()' passed on 'Clone 2 of iPhone 17 - TennerGrid (53978)' (0.056 seconds)
Test case 'PuzzleManagerTests.testSetCurrentPuzzle()' passed on 'Clone 2 of iPhone 17 - TennerGrid (53978)' (0.005 seconds)
Test case 'PuzzleManagerTests.testDailyPuzzle_sameDay_returnsSamePuzzle()' passed on 'Clone 2 of iPhone 17 - TennerGrid (53978)' (0.002 seconds)
Test case 'PuzzleManagerTests.testRemoveSavedGame_nonExistentID()' passed on 'Clone 2 of iPhone 17 - TennerGrid (53978)' (0.002 seconds)
Test case 'PuzzleManagerTests.testSavedGamesPersistence()' passed on 'Clone 2 of iPhone 17 - TennerGrid (53978)' (0.007 seconds)
Test case 'PuzzleManagerTests.testRandomPuzzle()' passed on 'Clone 2 of iPhone 17 - TennerGrid (53978)' (0.001 seconds)
Test case 'PuzzleManagerTests.testAddSavedGame_mostRecentFirst()' passed on 'Clone 2 of iPhone 17 - TennerGrid (53978)' (0.002 seconds)
Test case 'PuzzleManagerTests.testSetPuzzleFromFixture()' passed on 'Clone 2 of iPhone 17 - TennerGrid (53978)' (0.001 seconds)
Test case 'PuzzleManagerTests.testPuzzleValidation_withDifferentDifficulties()' passed on 'Clone 2 of iPhone 17 - TennerGrid (53978)' (0.001 seconds)
Test case 'PuzzleManagerTests.testSetCurrentPuzzle_toNil()' passed on 'Clone 2 of iPhone 17 - TennerGrid (53978)' (0.001 seconds)
Test case 'PuzzleManagerTests.testAddSavedGame()' passed on 'Clone 2 of iPhone 17 - TennerGrid (53978)' (0.001 seconds)
Test case 'PuzzleManagerTests.testInvalidRowCount()' passed on 'Clone 2 of iPhone 17 - TennerGrid (53978)' (0.001 seconds)
Test case 'PuzzleManagerTests.testFirstPuzzle()' passed on 'Clone 2 of iPhone 17 - TennerGrid (53978)' (0.001 seconds)
Test case 'PuzzleManagerTests.testInitialization()' passed on 'Clone 2 of iPhone 17 - TennerGrid (53978)' (0.006 seconds)
Test case 'PuzzleManagerTests.testLoadSavedGame_nonExistentID()' passed on 'Clone 2 of iPhone 17 - TennerGrid (53978)' (0.001 seconds)
Test case 'PuzzleManagerTests.testDailyPuzzle()' passed on 'Clone 2 of iPhone 17 - TennerGrid (53978)' (0.002 seconds)
Test case 'PuzzleManagerTests.testRemoveSavedGame()' passed on 'Clone 2 of iPhone 17 - TennerGrid (53978)' (0.002 seconds)
Test case 'PuzzleManagerTests.testLoadSavedGame()' passed on 'Clone 2 of iPhone 17 - TennerGrid (53978)' (0.007 seconds)
Test case 'PuzzleManagerTests.testAddSavedGame_multipleGames()' passed on 'Clone 2 of iPhone 17 - TennerGrid (53978)' (0.002 seconds)
Test case 'PuzzleManagerTests.testRemoveAllSavedGames()' passed on 'Clone 2 of iPhone 17 - TennerGrid (53978)' (0.005 seconds)
Test case 'PuzzleManagerTests.testAddSavedGame_limitsToTwentyGames()' passed on 'Clone 2 of iPhone 17 - TennerGrid (53978)' (0.050 seconds)
Test suite 'PuzzleSolverTests' started on 'Clone 2 of iPhone 17 - TennerGrid (53978)'
Test case 'PuzzleSolverTests.testSolve_InvalidDimensions()' passed on 'Clone 2 of iPhone 17 - TennerGrid (53978)' (0.001 seconds)
Test case 'PuzzleSolverTests.testGetPossibleValues_ColumnSumConstraint()' passed on 'Clone 2 of iPhone 17 - TennerGrid (53978)' (0.001 seconds)
Test case 'PuzzleSolverTests.testFindNextLogicalMove_ColumnSumConstraint()' passed on 'Clone 2 of iPhone 17 - TennerGrid (53978)' (0.005 seconds)
Test case 'PuzzleSolverTests.testGetPossibleValues_CornerCell()' passed on 'Clone 2 of iPhone 17 - TennerGrid (53978)' (0.000 seconds)
Test case 'PuzzleSolverTests.testFindNextLogicalMove_EmptyGrid()' passed on 'Clone 2 of iPhone 17 - TennerGrid (53978)' (0.007 seconds)
Test case 'PuzzleSolverTests.testSolve_LargerPuzzle()' passed on 'Clone 2 of iPhone 17 - TennerGrid (53978)' (0.025 seconds)
Test case 'PuzzleSolverTests.testGetPossibleValues_EmptyCell()' passed on 'Clone 2 of iPhone 17 - TennerGrid (53978)' (0.001 seconds)
Test case 'PuzzleSolverTests.testFindNextLogicalMove_HiddenSingle()' passed on 'Clone 2 of iPhone 17 - TennerGrid (53978)' (0.001 seconds)
Test case 'PuzzleSolverTests.testGetPossibleValues_AllValuesUsedInRow()' passed on 'Clone 2 of iPhone 17 - TennerGrid (53978)' (0.001 seconds)
Test case 'PuzzleSolverTests.testSolve_CustomInitialGrid()' passed on 'Clone 2 of iPhone 17 - TennerGrid (53978)' (0.002 seconds)
Test case 'PuzzleSolverTests.testGetPossibleValues_HighlyConstrained()' passed on 'Clone 2 of iPhone 17 - TennerGrid (53978)' (0.000 seconds)
Test case 'PuzzleSolverTests.testFindNextLogicalMove_NoLogicalMove()' passed on 'Clone 2 of iPhone 17 - TennerGrid (53978)' (0.006 seconds)
Test case 'PuzzleSolverTests.testFindNextLogicalMove_NakedSingle()' passed on 'Clone 2 of iPhone 17 - TennerGrid (53978)' (0.000 seconds)
Test case 'PuzzleSolverTests.testGetPossibleValues_NoPossibleValues()' passed on 'Clone 2 of iPhone 17 - TennerGrid (53978)' (0.001 seconds)
Test case 'PuzzleSolverTests.testHasUniqueSolution_FullyConstrainedGrid()' passed on 'Clone 2 of iPhone 17 - TennerGrid (53978)' (0.000 seconds)
Test case 'PuzzleSolverTests.testSolve_HardPuzzle()' passed on 'Clone 2 of iPhone 17 - TennerGrid (53978)' (0.016 seconds)
Test case 'PuzzleSolverTests.testHasUniqueSolution_SimplePuzzleWithUniqueSolution()' passed on 'Clone 2 of iPhone 17 - TennerGrid (53978)' (0.001 seconds)
Test case 'PuzzleSolverTests.testSolve_EmptyGrid()' passed on 'Clone 2 of iPhone 17 - TennerGrid (53978)' (0.003 seconds)
Test case 'PuzzleSolverTests.testSolve_AlreadyComplete()' passed on 'Clone 2 of iPhone 17 - TennerGrid (53978)' (0.000 seconds)
Test case 'PuzzleSolverTests.testHasUniqueSolution_PuzzleWithMultipleSolutions()' passed on 'Clone 2 of iPhone 17 - TennerGrid (53978)' (0.003 seconds)
Test case 'PuzzleSolverTests.testHasUniqueSolution_PuzzleWithNoSolution()' passed on 'Clone 2 of iPhone 17 - TennerGrid (53978)' (0.001 seconds)
Test case 'PuzzleSolverTests.testFindNextLogicalMove_AlmostComplete()' passed on 'Clone 2 of iPhone 17 - TennerGrid (53978)' (0.000 seconds)
Test case 'PuzzleSolverTests.testGetPossibleValues_OnlyOnePossible()' passed on 'Clone 2 of iPhone 17 - TennerGrid (53978)' (0.000 seconds)
Test case 'PuzzleSolverTests.testSolve_EasyPuzzle()' passed on 'Clone 2 of iPhone 17 - TennerGrid (53978)' (0.001 seconds)
Test case 'PuzzleSolverTests.testSolve_ImpossiblePuzzle()' passed on 'Clone 2 of iPhone 17 - TennerGrid (53978)' (0.039 seconds)
Test case 'PuzzleSolverTests.testHasUniqueSolution_InvalidDimensions()' passed on 'Clone 2 of iPhone 17 - TennerGrid (53978)' (0.001 seconds)
Test case 'PuzzleSolverTests.testSolve_MediumPuzzle()' passed on 'Clone 2 of iPhone 17 - TennerGrid (53978)' (0.005 seconds)
Test suite 'DailyChallengesViewTests' started on 'Clone 2 of iPhone 17 - TennerGrid (53978)'
Test case 'DailyChallengesViewTests.testWeekdayAlignment()' passed on 'Clone 2 of iPhone 17 - TennerGrid (53978)' (0.001 seconds)
Test case 'DailyChallengesViewTests.testBestStreakPersistence()' passed on 'Clone 2 of iPhone 17 - TennerGrid (53978)' (0.001 seconds)
Test case 'DailyChallengesViewTests.testDailyPuzzle_deterministicSelection()' passed on 'Clone 2 of iPhone 17 - TennerGrid (53978)' (0.004 seconds)
Test case 'DailyChallengesViewTests.testCompletionStatusPersistence()' passed on 'Clone 2 of iPhone 17 - TennerGrid (53978)' (0.002 seconds)
Test case 'DailyChallengesViewTests.testConsecutiveDailyPuzzles()' passed on 'Clone 2 of iPhone 17 - TennerGrid (53978)' (0.007 seconds)
Test case 'DailyChallengesViewTests.testFutureDatesDisabled()' passed on 'Clone 2 of iPhone 17 - TennerGrid (53978)' (0.000 seconds)
Test case 'DailyChallengesViewTests.testDailyPuzzle_returnsValidPuzzle()' passed on 'Clone 2 of iPhone 17 - TennerGrid (53978)' (0.001 seconds)
Test case 'DailyChallengesViewTests.testCalendarDayGeneration()' passed on 'Clone 2 of iPhone 17 - TennerGrid (53978)' (0.000 seconds)
Test case 'DailyChallengesViewTests.testDateString_formatting()' passed on 'Clone 2 of iPhone 17 - TennerGrid (53978)' (0.000 seconds)
Test case 'DailyChallengesViewTests.testDailyChallengesView_initialization()' passed on 'Clone 2 of iPhone 17 - TennerGrid (53978)' (0.015 seconds)
Test case 'DailyChallengesViewTests.testFullDailyChallengeFlow()' passed on 'Clone 2 of iPhone 17 - TennerGrid (53978)' (0.002 seconds)
Test case 'DailyChallengesViewTests.testDailyChallengesView_withCallback()' passed on 'Clone 2 of iPhone 17 - TennerGrid (53978)' (0.003 seconds)
Test case 'DailyChallengesViewTests.testNavigationLimits()' passed on 'Clone 2 of iPhone 17 - TennerGrid (53978)' (0.000 seconds)
Test case 'DailyChallengesViewTests.testStreakCalculation()' passed on 'Clone 2 of iPhone 17 - TennerGrid (53978)' (0.001 seconds)
Test case 'DailyChallengesViewTests.testCompletionDataPersistence()' passed on 'Clone 2 of iPhone 17 - TennerGrid (53978)' (0.002 seconds)
Test case 'DailyChallengesViewTests.testMonthlyStatsCalculation()' passed on 'Clone 2 of iPhone 17 - TennerGrid (53978)' (0.002 seconds)
Test case 'DailyChallengesViewTests.testDailyPuzzle_sameDateReturnsSamePuzzle()' passed on 'Clone 2 of iPhone 17 - TennerGrid (53978)' (0.001 seconds)
Test case 'DailyChallengesViewTests.testDailyPuzzle_consistentAcrossYears()' passed on 'Clone 2 of iPhone 17 - TennerGrid (53978)' (0.001 seconds)
Test case 'DailyChallengesViewTests.testDailyChallengesView_loadsCompletionData()' passed on 'Clone 2 of iPhone 17 - TennerGrid (53978)' (0.002 seconds)
Test case 'DailyChallengesViewTests.testDailyPuzzle_differentDatesReturnDifferentPuzzles()' passed on 'Clone 2 of iPhone 17 - TennerGrid (53978)' (0.002 seconds)
Test case 'DailyChallengesViewTests.testDailyPuzzle_cyclesThroughAvailablePuzzles()' passed on 'Clone 2 of iPhone 17 - TennerGrid (53978)' (0.012 seconds)
Test suite 'TabBarViewTests' started on 'Clone 2 of iPhone 17 - TennerGrid (53978)'
Test case 'TabBarViewTests.testTabIdentifiable()' passed on 'Clone 2 of iPhone 17 - TennerGrid (53978)' (0.000 seconds)
Test case 'TabBarViewTests.testTabRawValueRoundTrip()' passed on 'Clone 2 of iPhone 17 - TennerGrid (53978)' (0.004 seconds)
Test case 'TabBarViewTests.testTabBarViewRegularHorizontalSizeClass()' passed on 'Clone 2 of iPhone 17 - TennerGrid (53978)' (0.034 seconds)
Test case 'TabBarViewTests.testAllTabsHaveCompleteMetadata()' passed on 'Clone 2 of iPhone 17 - TennerGrid (53978)' (0.000 seconds)
Test case 'TabBarViewTests.testTabCaseIterable()' passed on 'Clone 2 of iPhone 17 - TennerGrid (53978)' (0.001 seconds)
Test case 'TabBarViewTests.testDefaultTabStructure()' passed on 'Clone 2 of iPhone 17 - TennerGrid (53978)' (0.000 seconds)
Test case 'TabBarViewTests.testTabBarViewCompactHorizontalSizeClass()' passed on 'Clone 2 of iPhone 17 - TennerGrid (53978)' (0.001 seconds)
Test case 'TabBarViewTests.testTabInvalidRawValue()' passed on 'Clone 2 of iPhone 17 - TennerGrid (53978)' (0.000 seconds)
Test case 'TabBarViewTests.testTabTitles()' passed on 'Clone 2 of iPhone 17 - TennerGrid (53978)' (0.000 seconds)
Test case 'TabBarViewTests.testTabEquatableConformance()' passed on 'Clone 2 of iPhone 17 - TennerGrid (53978)' (0.000 seconds)
Test case 'TabBarViewTests.testTabIconsAreValidSFSymbols()' passed on 'Clone 2 of iPhone 17 - TennerGrid (53978)' (0.000 seconds)
Test case 'TabBarViewTests.testTabSceneStorageCompatibility()' passed on 'Clone 2 of iPhone 17 - TennerGrid (53978)' (0.000 seconds)
Test case 'TabBarViewTests.testTabBarViewSizeClassCombinations()' passed on 'Clone 2 of iPhone 17 - TennerGrid (53978)' (0.005 seconds)
Test case 'TabBarViewTests.testTabRawValues()' passed on 'Clone 2 of iPhone 17 - TennerGrid (53978)' (0.000 seconds)
Test case 'TabBarViewTests.testTabIDStability()' passed on 'Clone 2 of iPhone 17 - TennerGrid (53978)' (0.000 seconds)
Test case 'TabBarViewTests.testTabBarViewDarkMode()' passed on 'Clone 2 of iPhone 17 - TennerGrid (53978)' (0.008 seconds)
Test case 'TabBarViewTests.testTabCaseIterableConsistency()' passed on 'Clone 2 of iPhone 17 - TennerGrid (53978)' (0.001 seconds)
Test case 'TabBarViewTests.testTabTitlesAreUserFriendly()' passed on 'Clone 2 of iPhone 17 - TennerGrid (53978)' (0.000 seconds)
Test case 'TabBarViewTests.testTabNavigationCompleteness()' passed on 'Clone 2 of iPhone 17 - TennerGrid (53978)' (0.001 seconds)
Test case 'TabBarViewTests.testMultipleTabBarViewInstances()' passed on 'Clone 2 of iPhone 17 - TennerGrid (53978)' (0.001 seconds)
Test case 'TabBarViewTests.testCompleteTabNavigationFlowSimulation()' passed on 'Clone 2 of iPhone 17 - TennerGrid (53978)' (0.000 seconds)
Test case 'TabBarViewTests.testTabBarViewLightMode()' passed on 'Clone 2 of iPhone 17 - TennerGrid (53978)' (0.001 seconds)
Test case 'TabBarViewTests.testAllTabsAreDistinct()' passed on 'Clone 2 of iPhone 17 - TennerGrid (53978)' (0.000 seconds)
Test case 'TabBarViewTests.testTabOrder()' passed on 'Clone 2 of iPhone 17 - TennerGrid (53978)' (0.000 seconds)
Test case 'TabBarViewTests.testTabIcons()' passed on 'Clone 2 of iPhone 17 - TennerGrid (53978)' (0.000 seconds)
Test case 'TabBarViewTests.testTabBarViewCreationInDifferentContexts()' passed on 'Clone 2 of iPhone 17 - TennerGrid (53978)' (0.001 seconds)
Test case 'TabBarViewTests.testTabBarViewColorSchemeTransitions()' passed on 'Clone 2 of iPhone 17 - TennerGrid (53978)' (0.001 seconds)
Test case 'TabBarViewTests.testTabBarViewCreation()' passed on 'Clone 2 of iPhone 17 - TennerGrid (53978)' (0.000 seconds)
Test case 'TabBarViewTests.testMainTabIsFirstTab()' passed on 'Clone 2 of iPhone 17 - TennerGrid (53978)' (0.000 seconds)
Test suite 'HintServiceTests' started on 'Clone 2 of iPhone 17 - TennerGrid (53978)'
Test case 'HintServiceTests.testIdentifyNextCell_WithNakedSingle_ReturnsCorrectMove()' passed on 'Clone 2 of iPhone 17 - TennerGrid (53978)' (0.001 seconds)
Test case 'HintServiceTests.testGetPossibleValues_ForFilledCell_ReturnsEmptySet()' passed on 'Clone 2 of iPhone 17 - TennerGrid (53978)' (0.001 seconds)
Test case 'HintServiceTests.testProvideHint_WithCompletedPuzzle_ReturnsNil()' passed on 'Clone 2 of iPhone 17 - TennerGrid (53978)' (0.000 seconds)
Test case 'HintServiceTests.testGetPossibleValues_ForEmptyCell_ReturnsValidValues()' passed on 'Clone 2 of iPhone 17 - TennerGrid (53978)' (0.000 seconds)
Test case 'HintServiceTests.testEstimateDifficulty_NearlyCompleteGrid_ReturnsLowerDifficulty()' passed on 'Clone 2 of iPhone 17 - TennerGrid (53978)' (0.000 seconds)
Test case 'HintServiceTests.testRevealValue_ForEmptyCell_ReturnsCorrectValue()' passed on 'Clone 2 of iPhone 17 - TennerGrid (53978)' (0.001 seconds)
Test case 'HintServiceTests.testRevealValue_InvalidPosition_ReturnsNil()' passed on 'Clone 2 of iPhone 17 - TennerGrid (53978)' (0.000 seconds)
Test case 'HintServiceTests.testIsHintStillValid_PossibleValues_InvalidWhenCellFilled()' passed on 'Clone 2 of iPhone 17 - TennerGrid (53978)' (0.000 seconds)
Test case 'HintServiceTests.testEstimateDifficulty_CompletedGrid_ReturnsZero()' passed on 'Clone 2 of iPhone 17 - TennerGrid (53978)' (0.000 seconds)
Test case 'HintServiceTests.testIsHintStillValid_RevealValue_ValidWhenCorrect()' passed on 'Clone 2 of iPhone 17 - TennerGrid (53978)' (0.000 seconds)
Test case 'HintServiceTests.testGetPossibleValues_ForPrefilledCell_ReturnsEmptySet()' passed on 'Clone 2 of iPhone 17 - TennerGrid (53978)' (0.004 seconds)
Test case 'HintServiceTests.testIsHintStillValid_LogicalMove_ValidWhenCellEmpty()' passed on 'Clone 2 of iPhone 17 - TennerGrid (53978)' (0.000 seconds)
Test case 'HintServiceTests.testIdentifyNextCell_WithNoLogicalMove_ReturnsNil()' passed on 'Clone 2 of iPhone 17 - TennerGrid (53978)' (0.019 seconds)
Test case 'HintServiceTests.testGetPossibleValues_InvalidPosition_ReturnsEmptySet()' passed on 'Clone 2 of iPhone 17 - TennerGrid (53978)' (0.000 seconds)
Test case 'HintServiceTests.testGetPossibleValues_WithConstraints_ExcludesInvalidValues()' passed on 'Clone 2 of iPhone 17 - TennerGrid (53978)' (0.000 seconds)
Test case 'HintServiceTests.testIdentifyNextCell_WithPartiallyFilledGrid_FindsLogicalMove()' passed on 'Clone 2 of iPhone 17 - TennerGrid (53978)' (0.000 seconds)
Test case 'HintServiceTests.testHintService_WithBundledPuzzle_ProvidesValidHints()' passed on 'Clone 2 of iPhone 17 - TennerGrid (53978)' (0.005 seconds)
Test case 'HintServiceTests.testRevealValue_ForPrefilledCell_ReturnsNil()' passed on 'Clone 2 of iPhone 17 - TennerGrid (53978)' (0.000 seconds)
Test case 'HintServiceTests.testIsHintStillValid_LogicalMove_InvalidWhenCellFilled()' passed on 'Clone 2 of iPhone 17 - TennerGrid (53978)' (0.000 seconds)
Test case 'HintServiceTests.testHintService_SequentialHints_ProgressesTowardsSolution()' passed on 'Clone 2 of iPhone 17 - TennerGrid (53978)' (0.001 seconds)
Test case 'HintServiceTests.testProvideHint_WithNoLogicalMove_ReturnsMostConstrainedCell()' passed on 'Clone 2 of iPhone 17 - TennerGrid (53978)' (0.023 seconds)
Test case 'HintServiceTests.testEstimateDifficulty_EmptyGrid_ReturnsHighDifficulty()' passed on 'Clone 2 of iPhone 17 - TennerGrid (53978)' (0.001 seconds)
Test case 'HintServiceTests.testProvideHint_WithSelectedEmptyCell_ReturnsPossibleValues()' passed on 'Clone 2 of iPhone 17 - TennerGrid (53978)' (0.000 seconds)
Test case 'HintServiceTests.testProvideHint_WithLogicalMove_ReturnsLogicalMove()' passed on 'Clone 2 of iPhone 17 - TennerGrid (53978)' (0.000 seconds)
Test suite 'NumberPadViewTests' started on 'Clone 2 of iPhone 17 - TennerGrid (53978)'
Test case 'NumberPadViewTests.testNumberPadUpdatesOnCellSelection()' passed on 'Clone 2 of iPhone 17 - TennerGrid (53978)' (0.002 seconds)
Test case 'NumberPadViewTests.testNumberPadInNotesMode()' passed on 'Clone 2 of iPhone 17 - TennerGrid (53978)' (0.001 seconds)
Test case 'NumberPadViewTests.testSequentialNumberEntry()' passed on 'Clone 2 of iPhone 17 - TennerGrid (53978)' (0.001 seconds)
Test case 'NumberPadViewTests.testNumberPadViewCreation()' passed on 'Clone 2 of iPhone 17 - TennerGrid (53978)' (0.009 seconds)
Test case 'NumberPadViewTests.testConflictCountIgnoredInNotesMode()' passed on 'Clone 2 of iPhone 17 - TennerGrid (53978)' (0.001 seconds)
Test case 'NumberPadViewTests.testNumberPadWithClearing()' passed on 'Clone 2 of iPhone 17 - TennerGrid (53978)' (0.001 seconds)
Test case 'NumberPadViewTests.testPreFilledCellsCannotBeEdited()' passed on 'Clone 2 of iPhone 17 - TennerGrid (53978)' (0.000 seconds)
Test case 'NumberPadViewTests.testNumberPadViewWithDifferentDifficulties()' passed on 'Clone 2 of iPhone 17 - TennerGrid (53978)' (0.001 seconds)
Test case 'NumberPadViewTests.testNumberPadLayoutRegularDevice()' passed on 'Clone 2 of iPhone 17 - TennerGrid (53978)' (0.004 seconds)
Test case 'NumberPadViewTests.testNumberButtonTapCallsEnterNumber()' passed on 'Clone 2 of iPhone 17 - TennerGrid (53978)' (0.001 seconds)
Test case 'NumberPadViewTests.testNumberPadWithNoSelection()' passed on 'Clone 2 of iPhone 17 - TennerGrid (53978)' (0.001 seconds)
Test case 'NumberPadViewTests.testEnteringZero()' passed on 'Clone 2 of iPhone 17 - TennerGrid (53978)' (0.001 seconds)
Test case 'NumberPadViewTests.testInvalidNumbersDisabled()' passed on 'Clone 2 of iPhone 17 - TennerGrid (53978)' (0.001 seconds)
Test case 'NumberPadViewTests.testNumberPadLayoutCompactDevice()' passed on 'Clone 2 of iPhone 17 - TennerGrid (53978)' (0.001 seconds)
Test case 'NumberPadViewTests.testConflictCountForInvalidPlacement()' passed on 'Clone 2 of iPhone 17 - TennerGrid (53978)' (0.001 seconds)
Test case 'NumberPadViewTests.testCompleteUserFlow()' passed on 'Clone 2 of iPhone 17 - TennerGrid (53978)' (0.001 seconds)
Test suite 'SettingsManagerTests' started on 'Clone 2 of iPhone 17 - TennerGrid (53978)'
Test case 'SettingsManagerTests.testUpdateMultipleSettingsSequentially()' passed on 'Clone 2 of iPhone 17 - TennerGrid (53978)' (0.008 seconds)
Test case 'SettingsManagerTests.testUpdateSettings()' passed on 'Clone 2 of iPhone 17 - TennerGrid (53978)' (0.004 seconds)
Test case 'SettingsManagerTests.testAllSettingsPersist()' passed on 'Clone 2 of iPhone 17 - TennerGrid (53978)' (0.008 seconds)
Test case 'SettingsManagerTests.testInitializationWithNoSavedSettings()' passed on 'Clone 2 of iPhone 17 - TennerGrid (53978)' (0.002 seconds)
Test case 'SettingsManagerTests.testUpdateSettingWithKeyPath()' passed on 'Clone 2 of iPhone 17 - TennerGrid (53978)' (0.003 seconds)
Test case 'SettingsManagerTests.testInitializationWithSavedSettings()' passed on 'Clone 2 of iPhone 17 - TennerGrid (53978)' (0.003 seconds)
Test case 'SettingsManagerTests.testUpdateSettingPreservesOtherSettings()' passed on 'Clone 2 of iPhone 17 - TennerGrid (53978)' (0.003 seconds)
Test case 'SettingsManagerTests.testSettingsPersistence()' passed on 'Clone 2 of iPhone 17 - TennerGrid (53978)' (0.002 seconds)
Test case 'SettingsManagerTests.testInitializationWithCorruptedData()' passed on 'Clone 2 of iPhone 17 - TennerGrid (53978)' (0.005 seconds)
Test case 'SettingsManagerTests.testMultipleManagerInstancesShareSettings()' passed on 'Clone 2 of iPhone 17 - TennerGrid (53978)' (0.002 seconds)
Test case 'SettingsManagerTests.testResetToDefaults()' passed on 'Clone 2 of iPhone 17 - TennerGrid (53978)' (0.003 seconds)
Test suite 'DifficultySelectionViewTests' started on 'Clone 2 of iPhone 17 - TennerGrid (53978)'
Test case 'DifficultySelectionViewTests.testViewHandlesNilCallbacks()' passed on 'Clone 2 of iPhone 17 - TennerGrid (53978)' (0.012 seconds)
Test case 'DifficultySelectionViewTests.testEasyDifficultyProperties()' passed on 'Clone 2 of iPhone 17 - TennerGrid (53978)' (0.001 seconds)
Test case 'DifficultySelectionViewTests.testTennerGridColumnConstant()' passed on 'Clone 2 of iPhone 17 - TennerGrid (53978)' (0.000 seconds)
Test case 'DifficultySelectionViewTests.testDifficultyPrefilledProgression()' passed on 'Clone 2 of iPhone 17 - TennerGrid (53978)' (0.000 seconds)
Test case 'DifficultySelectionViewTests.testAllDifficultyLevelsAvailable()' passed on 'Clone 2 of iPhone 17 - TennerGrid (53978)' (0.000 seconds)
Test case 'DifficultySelectionViewTests.testCustomGameCallback()' passed on 'Clone 2 of iPhone 17 - TennerGrid (53978)' (0.000 seconds)
Test case 'DifficultySelectionViewTests.testDifficultyTimeProgression()' passed on 'Clone 2 of iPhone 17 - TennerGrid (53978)' (0.000 seconds)
Test case 'DifficultySelectionViewTests.testCustomGameConfigurationViewCreation()' passed on 'Clone 2 of iPhone 17 - TennerGrid (53978)' (0.008 seconds)
Test case 'DifficultySelectionViewTests.testMinimumCustomGameConfiguration()' passed on 'Clone 2 of iPhone 17 - TennerGrid (53978)' (0.000 seconds)
Test case 'DifficultySelectionViewTests.testRowSelectionRangeIsValid()' passed on 'Clone 2 of iPhone 17 - TennerGrid (53978)' (0.003 seconds)
Test case 'DifficultySelectionViewTests.testMaximumCustomGameConfiguration()' passed on 'Clone 2 of iPhone 17 - TennerGrid (53978)' (0.000 seconds)
Test case 'DifficultySelectionViewTests.testDifficultyMetadataValidity()' passed on 'Clone 2 of iPhone 17 - TennerGrid (53978)' (0.000 seconds)
Test case 'DifficultySelectionViewTests.testCustomConfigurationViewHandlesNilCallback()' passed on 'Clone 2 of iPhone 17 - TennerGrid (53978)' (0.000 seconds)
Test case 'DifficultySelectionViewTests.testMediumDifficultyProperties()' passed on 'Clone 2 of iPhone 17 - TennerGrid (53978)' (0.000 seconds)
Test case 'DifficultySelectionViewTests.testDifficultySelectionViewCreationWithCallbacks()' passed on 'Clone 2 of iPhone 17 - TennerGrid (53978)' (0.006 seconds)
Test case 'DifficultySelectionViewTests.testDifficultyPointsProgression()' passed on 'Clone 2 of iPhone 17 - TennerGrid (53978)' (0.000 seconds)
Test case 'DifficultySelectionViewTests.testCompleteDifficultySelectionFlow()' passed on 'Clone 2 of iPhone 17 - TennerGrid (53978)' (0.003 seconds)
Test case 'DifficultySelectionViewTests.testHardDifficultyProperties()' passed on 'Clone 2 of iPhone 17 - TennerGrid (53978)' (0.000 seconds)
Test case 'DifficultySelectionViewTests.testDifficultySelectionCallback()' passed on 'Clone 2 of iPhone 17 - TennerGrid (53978)' (0.000 seconds)
Test case 'DifficultySelectionViewTests.testRowOptionsWithinValidRange()' passed on 'Clone 2 of iPhone 17 - TennerGrid (53978)' (0.000 seconds)
Test case 'DifficultySelectionViewTests.testCompleteCustomGameConfigurationFlow()' passed on 'Clone 2 of iPhone 17 - TennerGrid (53978)' (0.000 seconds)
Test case 'DifficultySelectionViewTests.testCustomGameConfigurationViewCreationWithCallback()' passed on 'Clone 2 of iPhone 17 - TennerGrid (53978)' (0.001 seconds)
Test case 'DifficultySelectionViewTests.testDifficultySelectionViewCreation()' passed on 'Clone 2 of iPhone 17 - TennerGrid (53978)' (0.000 seconds)
Test suite 'GridViewTests' started on 'Clone 2 of iPhone 17 - TennerGrid (53978)'
Test case 'GridViewTests.testPrefilledCellsRendering()' passed on 'Clone 2 of iPhone 17 - TennerGrid (53978)' (0.004 seconds)
Test case 'GridViewTests.testColumnSumsDisplay()' passed on 'Clone 2 of iPhone 17 - TennerGrid (53978)' (0.001 seconds)
Test case 'GridViewTests.testGridRenderingMediumDifficulty()' passed on 'Clone 2 of iPhone 17 - TennerGrid (53978)' (0.000 seconds)
Test case 'GridViewTests.testEmptyCellDisplay()' passed on 'Clone 2 of iPhone 17 - TennerGrid (53978)' (0.000 seconds)
Test case 'GridViewTests.testColumnCompletionDetection()' passed on 'Clone 2 of iPhone 17 - TennerGrid (53978)' (0.000 seconds)
Test case 'GridViewTests.testGridRenderingHardDifficulty()' passed on 'Clone 2 of iPhone 17 - TennerGrid (53978)' (0.000 seconds)
Test case 'GridViewTests.testCellPositioning()' passed on 'Clone 2 of iPhone 17 - TennerGrid (53978)' (0.001 seconds)
Test case 'GridViewTests.testGridRendering10Columns()' passed on 'Clone 2 of iPhone 17 - TennerGrid (53978)' (0.000 seconds)
Test case 'GridViewTests.testMinimumPuzzleSize()' passed on 'Clone 2 of iPhone 17 - TennerGrid (53978)' (0.000 seconds)
Test case 'GridViewTests.testGridSelectionUpdates()' passed on 'Clone 2 of iPhone 17 - TennerGrid (53978)' (0.000 seconds)
Test suite 'ValidationServiceTests' started on 'Clone 2 of iPhone 17 - TennerGrid (53978)'
Test case 'ValidationServiceTests.testValidPlacement_EmptyCell()' passed on 'Clone 2 of iPhone 17 - TennerGrid (53978)' (0.001 seconds)
Test case 'ValidationServiceTests.testColumnSumValid_IncorrectSum()' passed on 'Clone 2 of iPhone 17 - TennerGrid (53978)' (0.001 seconds)
Test case 'ValidationServiceTests.testValidPlacement_CenterCell()' passed on 'Clone 2 of iPhone 17 - TennerGrid (53978)' (0.000 seconds)
Test case 'ValidationServiceTests.testValidPlacement_Zero()' passed on 'Clone 2 of iPhone 17 - TennerGrid (53978)' (0.000 seconds)
Test case 'ValidationServiceTests.testValidPlacement_CornerCell()' passed on 'Clone 2 of iPhone 17 - TennerGrid (53978)' (0.006 seconds)
Test case 'ValidationServiceTests.testDetectConflicts_MultipleConflicts()' passed on 'Clone 2 of iPhone 17 - TennerGrid (53978)' (0.000 seconds)
Test case 'ValidationServiceTests.testInvalidPlacement_OutOfRange()' passed on 'Clone 2 of iPhone 17 - TennerGrid (53978)' (0.001 seconds)
Test case 'ValidationServiceTests.testInvalidPlacement_AdjacentDuplicate_Vertical()' passed on 'Clone 2 of iPhone 17 - TennerGrid (53978)' (0.000 seconds)
Test case 'ValidationServiceTests.testDetectConflicts_RowConflict()' passed on 'Clone 2 of iPhone 17 - TennerGrid (53978)' (0.000 seconds)
Test case 'ValidationServiceTests.testDetectConflicts_NoConflicts()' passed on 'Clone 2 of iPhone 17 - TennerGrid (53978)' (0.015 seconds)
Test case 'ValidationServiceTests.testPuzzleComplete_WithConflicts()' passed on 'Clone 2 of iPhone 17 - TennerGrid (53978)' (0.001 seconds)
Test case 'ValidationServiceTests.testDetectConflicts_EmptyCell()' passed on 'Clone 2 of iPhone 17 - TennerGrid (53978)' (0.000 seconds)
Test case 'ValidationServiceTests.testColumnSumValid_CorrectSum()' passed on 'Clone 2 of iPhone 17 - TennerGrid (53978)' (0.000 seconds)
Test case 'ValidationServiceTests.testPuzzleComplete_IncompletePuzzle()' passed on 'Clone 2 of iPhone 17 - TennerGrid (53978)' (0.000 seconds)
Test case 'ValidationServiceTests.testColumnSumValid_InvalidColumn()' passed on 'Clone 2 of iPhone 17 - TennerGrid (53978)' (0.000 seconds)
Test case 'ValidationServiceTests.testDetectConflicts_AdjacentConflict()' passed on 'Clone 2 of iPhone 17 - TennerGrid (53978)' (0.000 seconds)
Test case 'ValidationServiceTests.testInvalidPlacement_AdjacentDuplicate_Horizontal()' passed on 'Clone 2 of iPhone 17 - TennerGrid (53978)' (0.001 seconds)
Test case 'ValidationServiceTests.testPuzzleComplete_WithIncorrectColumnSums()' passed on 'Clone 2 of iPhone 17 - TennerGrid (53978)' (0.001 seconds)
Test case 'ValidationServiceTests.testInvalidPlacement_AdjacentDuplicate_Diagonal()' passed on 'Clone 2 of iPhone 17 - TennerGrid (53978)' (0.001 seconds)
Test case 'ValidationServiceTests.testInvalidPlacement_RowDuplicate()' passed on 'Clone 2 of iPhone 17 - TennerGrid (53978)' (0.001 seconds)
Test case 'ValidationServiceTests.testPuzzleComplete_ValidSolution()' passed on 'Clone 2 of iPhone 17 - TennerGrid (53978)' (0.001 seconds)
Test case 'ValidationServiceTests.testInvalidPlacement_OutOfBounds()' passed on 'Clone 2 of iPhone 17 - TennerGrid (53978)' (0.000 seconds)
Test case 'ValidationServiceTests.testColumnSumValid_IncompleteColumn()' passed on 'Clone 2 of iPhone 17 - TennerGrid (53978)' (0.000 seconds)
Test suite 'SavedGameTests' started on 'Clone 2 of iPhone 17 - TennerGrid (53978)'
Test case 'SavedGameTests.testSavedGameInitialization()' passed on 'Clone 2 of iPhone 17 - TennerGrid (53978)' (0.001 seconds)
Test case 'SavedGameTests.testSavedGameCodable()' passed on 'Clone 2 of iPhone 17 - TennerGrid (53978)' (0.001 seconds)
Test case 'SavedGameTests.testSavedGameCanResume()' passed on 'Clone 2 of iPhone 17 - TennerGrid (53978)' (0.001 seconds)
Test case 'SavedGameTests.testSavedGameProgressPercentage()' passed on 'Clone 2 of iPhone 17 - TennerGrid (53978)' (0.000 seconds)
Test case 'SavedGameTests.testSavedGameFormattedElapsedTime()' passed on 'Clone 2 of iPhone 17 - TennerGrid (53978)' (0.000 seconds)
Test suite 'TennerGridTests' started on 'Clone 2 of iPhone 17 - TennerGrid (53978)'
Test suite 'DifficultyTests' started on 'Clone 2 of iPhone 17 - TennerGrid (53978)'
Test suite 'CellTests' started on 'Clone 2 of iPhone 17 - TennerGrid (53978)'
Test suite 'GameStatisticsTests' started on 'Clone 2 of iPhone 17 - TennerGrid (53978)'
Test suite 'CellPositionTests' started on 'Clone 2 of iPhone 17 - TennerGrid (53978)'
Test suite 'TennerGridPuzzleTests' started on 'Clone 2 of iPhone 17 - TennerGrid (53978)'
Test suite 'AchievementTests' started on 'Clone 2 of iPhone 17 - TennerGrid (53978)'
Test suite 'GameActionTests' started on 'Clone 2 of iPhone 17 - TennerGrid (53978)'
Test suite 'GameStateTests' started on 'Clone 2 of iPhone 17 - TennerGrid (53978)'
Test case 'GameStatisticsTests/hasActiveStreakWhenPlayedToday()' passed on 'Clone 2 of iPhone 17 - TennerGrid (53978)' (0.000 seconds)
Test case 'GameStatisticsTests/recordGameCompletedUpdatesDifficultyBestTime()' passed on 'Clone 2 of iPhone 17 - TennerGrid (53978)' (0.000 seconds)
Test case 'GameStatisticsTests/recordGameStartedCreatesDifficultyBreakdown()' passed on 'Clone 2 of iPhone 17 - TennerGrid (53978)' (0.000 seconds)
Test case 'GameStatisticsTests/mostPlayedDifficultyWithNoGames()' passed on 'Clone 2 of iPhone 17 - TennerGrid (53978)' (0.000 seconds)
Test case 'GameStatisticsTests/formattedBestTime()' passed on 'Clone 2 of iPhone 17 - TennerGrid (53978)' (0.000 seconds)
Test case 'CellTests/valueZero()' passed on 'Clone 2 of iPhone 17 - TennerGrid (53978)' (0.000 seconds)
Test case 'GameStatisticsTests/consecutiveDaysIncrementStreak()' passed on 'Clone 2 of iPhone 17 - TennerGrid (53978)' (0.000 seconds)
Test case 'GameStatisticsTests/newStatisticsHasCreatedDate()' passed on 'Clone 2 of iPhone 17 - TennerGrid (53978)' (0.000 seconds)
Test case 'GameStatisticsTests/hasPlayedReturnsTrueAfterPlaying()' passed on 'Clone 2 of iPhone 17 - TennerGrid (53978)' (0.000 seconds)
Test case 'GameStatisticsTests/difficultyStatisticsAverageTime()' passed on 'Clone 2 of iPhone 17 - TennerGrid (53978)' (0.000 seconds)
Test case 'GameStatisticsTests/formattedAverageTime()' passed on 'Clone 2 of iPhone 17 - TennerGrid (53978)' (0.000 seconds)
Test case 'GameStatisticsTests/averageTimeWithNoCompletedGames()' passed on 'Clone 2 of iPhone 17 - TennerGrid (53978)' (0.000 seconds)
Test case 'GameStatisticsTests/hasPlayedReturnsFalseForUnplayedDifficulty()' passed on 'Clone 2 of iPhone 17 - TennerGrid (53978)' (0.000 seconds)
Test case 'GameStatisticsTests/descriptionContainsKeyInfo()' passed on 'Clone 2 of iPhone 17 - TennerGrid (53978)' (0.000 seconds)
Test case 'CellTests/togglePencilMarkBoundaries()' passed on 'Clone 2 of iPhone 17 - TennerGrid (53978)' (0.000 seconds)
Test case 'CellTests/togglePencilMarkInvalidValue()' passed on 'Clone 2 of iPhone 17 - TennerGrid (53978)' (0.000 seconds)
Test case 'CellTests/descriptionWithValue()' passed on 'Clone 2 of iPhone 17 - TennerGrid (53978)' (0.000 seconds)
Test case 'CellTests/testTogglePencilMark()' passed on 'Clone 2 of iPhone 17 - TennerGrid (53978)' (0.000 seconds)
Test case 'GameStatisticsTests/difficultyStatisticsWinRate()' passed on 'Clone 2 of iPhone 17 - TennerGrid (53978)' (0.000 seconds)
Test case 'GameStatisticsTests/equalityWhenEmpty()' passed on 'Clone 2 of iPhone 17 - TennerGrid (53978)' (0.000 seconds)
Test case 'CellTests/togglePencilMarkDoesNotMutateOriginal()' passed on 'Clone 2 of iPhone 17 - TennerGrid (53978)' (0.000 seconds)
Test case 'GameStatisticsTests/longestStreakIsPreserved()' passed on 'Clone 2 of iPhone 17 - TennerGrid (53978)' (0.000 seconds)
Test case 'GameStatisticsTests/veryLargeValues()' passed on 'Clone 2 of iPhone 17 - TennerGrid (53978)' (0.000 seconds)
Test case 'GameStatisticsTests/difficultyStatisticsAverageHints()' passed on 'Clone 2 of iPhone 17 - TennerGrid (53978)' (0.000 seconds)
Test case 'GameStatisticsTests/statisticsForUnplayedDifficulty()' passed on 'Clone 2 of iPhone 17 - TennerGrid (53978)' (0.000 seconds)
Test case 'CellTests/testHasPencilMarks()' passed on 'Clone 2 of iPhone 17 - TennerGrid (53978)' (0.000 seconds)
Test case 'GameStatisticsTests/multipleGamesMultipleDifficulties()' passed on 'Clone 2 of iPhone 17 - TennerGrid (53978)' (0.000 seconds)
Test case 'GameStatisticsTests/recordGameStartedIncrementsCount()' passed on 'Clone 2 of iPhone 17 - TennerGrid (53978)' (0.000 seconds)
Test case 'CellTests/descriptionWithFlags()' passed on 'Clone 2 of iPhone 17 - TennerGrid (53978)' (0.000 seconds)
Test case 'CellTests/multipleModifications()' passed on 'Clone 2 of iPhone 17 - TennerGrid (53978)' (0.000 seconds)
Test case 'CellTests/testWithError()' passed on 'Clone 2 of iPhone 17 - TennerGrid (53978)' (0.000 seconds)
Test case 'CellTests/descriptionEmpty()' passed on 'Clone 2 of iPhone 17 - TennerGrid (53978)' (0.000 seconds)
Test case 'CellTests/withValueDoesNotMutateOriginal()' passed on 'Clone 2 of iPhone 17 - TennerGrid (53978)' (0.000 seconds)
Test case 'GameStatisticsTests/newStatisticsIsEmpty()' passed on 'Clone 2 of iPhone 17 - TennerGrid (53978)' (0.000 seconds)
Test case 'CellTests/testWithPencilMarks()' passed on 'Clone 2 of iPhone 17 - TennerGrid (53978)' (0.000 seconds)
Test case 'CellTests/clearedInitialCell()' passed on 'Clone 2 of iPhone 17 - TennerGrid (53978)' (0.000 seconds)
Test case 'GameStatisticsTests/samePlayedDateDoesNotChangeStreak()' passed on 'Clone 2 of iPhone 17 - TennerGrid (53978)' (0.000 seconds)
Test case 'GameStatisticsTests/averageTimeWithCompletedGames()' passed on 'Clone 2 of iPhone 17 - TennerGrid (53978)' (0.000 seconds)
Test case 'CellTests/testWithSameNumber()' passed on 'Clone 2 of iPhone 17 - TennerGrid (53978)' (0.000 seconds)
Test case 'GameActionTests/clearCellFactoryMethod()' passed on 'Clone 2 of iPhone 17 - TennerGrid (53978)' (0.000 seconds)
Test case 'CellTests/descriptionWithPencilMarks()' passed on 'Clone 2 of iPhone 17 - TennerGrid (53978)' (0.000 seconds)
Test case 'GameStatisticsTests/recordGameCompletedSetsBestTime()' passed on 'Clone 2 of iPhone 17 - TennerGrid (53978)' (0.000 seconds)
Test case 'GameStatisticsTests/firstGameStartsStreak()' passed on 'Clone 2 of iPhone 17 - TennerGrid (53978)' (0.000 seconds)
Test case 'GameActionTests/actionWithEmptyToEmptyPencilMarks()' passed on 'Clone 2 of iPhone 17 - TennerGrid (53978)' (0.000 seconds)
Test case 'CellTests/fullInitialization()' passed on 'Clone 2 of iPhone 17 - TennerGrid (53978)' (0.000 seconds)
Test case 'GameActionTests/clearCellFactoryMethodWithoutValue()' passed on 'Clone 2 of iPhone 17 - TennerGrid (53978)' (0.000 seconds)
Test case 'CellTests/equalityWithPencilMarks()' passed on 'Clone 2 of iPhone 17 - TennerGrid (53978)' (0.000 seconds)
Test case 'CellTests/initialFactory()' passed on 'Clone 2 of iPhone 17 - TennerGrid (53978)' (0.000 seconds)
Test case 'CellTests/testWithNeighbor()' passed on 'Clone 2 of iPhone 17 - TennerGrid (53978)' (0.000 seconds)
Test case 'CellTests/withValueClearsPencilMarks()' passed on 'Clone 2 of iPhone 17 - TennerGrid (53978)' (0.000 seconds)
Test case 'GameStatisticsTests/formattedAverageTimeWithNoGames()' passed on 'Clone 2 of iPhone 17 - TennerGrid (53978)' (0.000 seconds)
Test case 'GameStatisticsTests/recordGameCompletedUpdatesTotalTime()' passed on 'Clone 2 of iPhone 17 - TennerGrid (53978)' (0.000 seconds)
Test case 'GameStatisticsTests/difficultiesPlayedCount()' passed on 'Clone 2 of iPhone 17 - TennerGrid (53978)' (0.000 seconds)
Test case 'CellTests/clearedDoesNotMutateOriginal()' passed on 'Clone 2 of iPhone 17 - TennerGrid (53978)' (0.000 seconds)
Test case 'GameActionTests/madeChangesBoth()' passed on 'Clone 2 of iPhone 17 - TennerGrid (53978)' (0.000 seconds)
Test case 'GameStatisticsTests/equalityAfterSameOperations()' passed on 'Clone 2 of iPhone 17 - TennerGrid (53978)' (0.000 seconds)
Test case 'GameStatisticsTests/recordGameCompletedUpdatesDifficultyStats()' passed on 'Clone 2 of iPhone 17 - TennerGrid (53978)' (0.000 seconds)
Test case 'GameActionTests/madeChangesValue()' passed on 'Clone 2 of iPhone 17 - TennerGrid (53978)' (0.000 seconds)
Test case 'CellTests/testCleared()' passed on 'Clone 2 of iPhone 17 - TennerGrid (53978)' (0.000 seconds)
Test case 'GameStatisticsTests/hasActiveStreakWhenPlayedYesterday()' passed on 'Clone 2 of iPhone 17 - TennerGrid (53978)' (0.000 seconds)
Test case 'GameActionTests/initializationWithDefaultTimestamp()' passed on 'Clone 2 of iPhone 17 - TennerGrid (53978)' (0.000 seconds)
Test case 'GameActionTests/actionWithZeroValue()' passed on 'Clone 2 of iPhone 17 - TennerGrid (53978)' (0.000 seconds)
Test case 'CellTests/defaultInitialization()' passed on 'Clone 2 of iPhone 17 - TennerGrid (53978)' (0.000 seconds)
Test case 'CellTests/valueNine()' passed on 'Clone 2 of iPhone 17 - TennerGrid (53978)' (0.000 seconds)
Test case 'GameStatisticsTests/noActiveStreakWhenPlayedTwoDaysAgo()' passed on 'Clone 2 of iPhone 17 - TennerGrid (53978)' (0.000 seconds)
Test case 'CellTests/testIsEditable()' passed on 'Clone 2 of iPhone 17 - TennerGrid (53978)' (0.000 seconds)
Test case 'CellTests/testWithValue()' passed on 'Clone 2 of iPhone 17 - TennerGrid (53978)' (0.000 seconds)
Test case 'CellTests/testWithHighlight()' passed on 'Clone 2 of iPhone 17 - TennerGrid (53978)' (0.000 seconds)
Test case 'CellTests/emptyFactory()' passed on 'Clone 2 of iPhone 17 - TennerGrid (53978)' (0.000 seconds)
Test case 'GameStatisticsTests/difficultiesByPlayCountSortsCorrectly()' passed on 'Clone 2 of iPhone 17 - TennerGrid (53978)' (0.000 seconds)
Test case 'CellTests/allPencilMarks()' passed on 'Clone 2 of iPhone 17 - TennerGrid (53978)' (0.000 seconds)
Test case 'CellTests/testWithSelection()' passed on 'Clone 2 of iPhone 17 - TennerGrid (53978)' (0.000 seconds)
Test case 'GameActionTests/descriptionSetPencilMarks()' passed on 'Clone 2 of iPhone 17 - TennerGrid (53978)' (0.000 seconds)
Test case 'GameActionTests/changedValueTrue()' passed on 'Clone 2 of iPhone 17 - TennerGrid (53978)' (0.000 seconds)
Test case 'GameActionTests/equalityDifferentType()' passed on 'Clone 2 of iPhone 17 - TennerGrid (53978)' (0.000 seconds)
Test case 'GameActionTests/descriptionClearValue()' passed on 'Clone 2 of iPhone 17 - TennerGrid (53978)' (0.000 seconds)
Test case 'GameActionTests/descriptionNoChanges()' passed on 'Clone 2 of iPhone 17 - TennerGrid (53978)' (0.000 seconds)
Test case 'CellTests/hashable()' passed on 'Clone 2 of iPhone 17 - TennerGrid (53978)' (0.000 seconds)
Test case 'GameStatisticsTests/winRateWithNoGames()' passed on 'Clone 2 of iPhone 17 - TennerGrid (53978)' (0.000 seconds)
Test case 'GameActionTests/actionTypeRawValues()' passed on 'Clone 2 of iPhone 17 - TennerGrid (53978)' (0.000 seconds)
Test case 'GameActionTests/inverseSetValue()' passed on 'Clone 2 of iPhone 17 - TennerGrid (53978)' (0.000 seconds)
Test case 'GameActionTests/setValueFactoryMethodClearingMarks()' passed on 'Clone 2 of iPhone 17 - TennerGrid (53978)' (0.000 seconds)
Test case 'GameActionTests/actionTypeAllCases()' passed on 'Clone 2 of iPhone 17 - TennerGrid (53978)' (0.000 seconds)
Test case 'GameStatisticsTests/mostPlayedDifficultyReturnsCorrectValue()' passed on 'Clone 2 of iPhone 17 - TennerGrid (53978)' (0.000 seconds)
Test case 'GameStatisticsTests/totalErrorsAcrossDifficulties()' passed on 'Clone 2 of iPhone 17 - TennerGrid (53978)' (0.000 seconds)
Test case 'GameStatisticsTests/winRateWithAllWins()' passed on 'Clone 2 of iPhone 17 - TennerGrid (53978)' (0.000 seconds)
Test case 'CellTests/equality()' passed on 'Clone 2 of iPhone 17 - TennerGrid (53978)' (0.000 seconds)
Test case 'CellTests/withValueNil()' passed on 'Clone 2 of iPhone 17 - TennerGrid (53978)' (0.000 seconds)
Test case 'GameStatisticsTests/formattedTotalTimeWithMinutes()' passed on 'Clone 2 of iPhone 17 - TennerGrid (53978)' (0.000 seconds)
Test case 'GameStatisticsTests/recordGameCompletedIncrementsCount()' passed on 'Clone 2 of iPhone 17 - TennerGrid (53978)' (0.000 seconds)
Test case 'GameActionTests/equalityDifferentPencilMarks()' passed on 'Clone 2 of iPhone 17 - TennerGrid (53978)' (0.000 seconds)
Test case 'GameStatisticsTests/recordGameStartedUpdatesLastPlayedDate()' passed on 'Clone 2 of iPhone 17 - TennerGrid (53978)' (0.000 seconds)
Test case 'GameActionTests/actionWithAllPencilMarks()' passed on 'Clone 2 of iPhone 17 - TennerGrid (53978)' (0.000 seconds)
Test case 'GameActionTests/changedPencilMarksFalse()' passed on 'Clone 2 of iPhone 17 - TennerGrid (53978)' (0.000 seconds)
Test case 'GameStatisticsTests/formattedBestTimeWithNoGames()' passed on 'Clone 2 of iPhone 17 - TennerGrid (53978)' (0.000 seconds)
Test case 'GameStatisticsTests/totalHintsUsedAcrossDifficulties()' passed on 'Clone 2 of iPhone 17 - TennerGrid (53978)' (0.000 seconds)
Test case 'CellTests/testIsEmpty()' passed on 'Clone 2 of iPhone 17 - TennerGrid (53978)' (0.000 seconds)
Test case 'GameActionTests/togglePencilMarkFactoryMethod()' passed on 'Clone 2 of iPhone 17 - TennerGrid (53978)' (0.000 seconds)
Test case 'GameActionTests/equalityDifferentValues()' passed on 'Clone 2 of iPhone 17 - TennerGrid (53978)' (0.000 seconds)
Test case 'GameStatisticsTests/winRateWithPartialWins()' passed on 'Clone 2 of iPhone 17 - TennerGrid (53978)' (0.000 seconds)
Test case 'GameActionTests/equalityDifferentPosition()' passed on 'Clone 2 of iPhone 17 - TennerGrid (53978)' (0.000 seconds)
Test case 'GameStatisticsTests/recordGameStartedStartsStreak()' passed on 'Clone 2 of iPhone 17 - TennerGrid (53978)' (0.000 seconds)
Test case 'GameActionTests/inverseDoubleInverse()' passed on 'Clone 2 of iPhone 17 - TennerGrid (53978)' (0.000 seconds)
Test case 'GameActionTests/setValueFactoryMethod()' passed on 'Clone 2 of iPhone 17 - TennerGrid (53978)' (0.000 seconds)
Test case 'GameActionTests/multipleActionsAtSamePosition()' passed on 'Clone 2 of iPhone 17 - TennerGrid (53978)' (0.000 seconds)
Test case 'GameActionTests/equalityIdentical()' passed on 'Clone 2 of iPhone 17 - TennerGrid (53978)' (0.000 seconds)
Test case 'GameActionTests/initializationWithPencilMarks()' passed on 'Clone 2 of iPhone 17 - TennerGrid (53978)' (0.000 seconds)
Test case 'GameStatisticsTests/difficultyStatisticsAverageErrors()' passed on 'Clone 2 of iPhone 17 - TennerGrid (53978)' (0.000 seconds)
Test case 'GameActionTests/setPencilMarksFactoryMethod()' passed on 'Clone 2 of iPhone 17 - TennerGrid (53978)' (0.000 seconds)
Test case 'AchievementTests/masteryAchievementsExist()' passed on 'Clone 2 of iPhone 17 - TennerGri2026-01-24 09:16:50.606 xcodebuild[53327:23329710] [MT] IDETestOperationsObserverDebug: 75.966 elapsed -- Testing started completed.
2026-01-24 09:16:50.606 xcodebuild[53327:23329710] [MT] IDETestOperationsObserverDebug: 0.000 sec, +0.000 sec -- start
2026-01-24 09:16:50.606 xcodebuild[53327:23329710] [MT] IDETestOperationsObserverDebug: 75.966 sec, +75.966 sec -- end
2026-01-24 09:16:51.971 xcodebuild[53327:23330345]  iOSSimulator: FC885847-FA75-44D5-8040-274CAA064DB8: Failed to launch app with identifier: com.tennergrid.TennerGridUITests.xctrunner and options: {
    "activate_suspended" = 1;
    arguments =     (
    );
    environment =     {
        "APP_DISTRIBUTOR_ID_OVERRIDE" = "com.apple.AppStore";
        "CA_ASSERT_MAIN_THREAD_TRANSACTIONS" = 0;
        "CA_DEBUG_TRANSACTIONS" = 0;
        "DYLD_FRAMEWORK_PATH" = "/Users/einar/Library/Developer/Xcode/DerivedData/TennerGrid-aimlkqfbjtqasngddjpdfhoorkje/Build/Products/Debug-iphonesimulator:/Applications/Xcode.app/Contents/Developer/Platforms/iPhoneSimulator.platform/Developer/Library/Frameworks";
        "DYLD_INSERT_LIBRARIES" = "/usr/lib/libRPAC.dylib:/Library/Developer/CoreSimulator/Volumes/iOS_23C54/Library/Developer/CoreSimulator/Profiles/Runtimes/iOS 26.2.simruntime/Contents/Resources/RuntimeRoot/usr/lib/libMainThreadChecker.dylib:/usr/lib/libRPAC.dylib";
        "DYLD_LIBRARY_PATH" = "/Users/einar/Library/Developer/Xcode/DerivedData/TennerGrid-aimlkqfbjtqasngddjpdfhoorkje/Build/Products/Debug-iphonesimulator:/Applications/Xcode.app/Contents/Developer/Platforms/iPhoneSimulator.platform/Developer/usr/lib";
        "LLVM_PROFILE_FILE" = "/var/folders/wq/g_h3kyfd3yn7ht6jvt7lnrgh0000gn/T/com.tennergrid.TennerGridUITests.xctrunner/5B5733F2-EE94-4C27-A65D-2F3B788A306F-53327-00000DA6A7F96211/348E1E0E-557A-44AD-9A88-F94B940202A9-%p%c.profraw";
        NSApplicationQuitWithoutSuddenTermination = YES;
        NSUnbufferedIO = YES;
        "OS_ACTIVITY_DT_MODE" = YES;
        "PERFC_ENABLE_EXTENDED_DIAGNOSTIC_FORMAT" = 1;
        "PERFC_ENABLE_PROFILE_MODE" = 1;
        "PERFC_RESET_INSERT_LIBRARIES" = 1;
        "PERFC_SUPPRESS_SYSTEM_REPORTS" = 1;
        "RUN_DESTINATION_DEVICE_NAME" = "Clone 2 of iPhone 17";
        "RUN_DESTINATION_DEVICE_PLATFORM_IDENTIFIER" = "com.apple.platform.iphonesimulator";
        "RUN_DESTINATION_DEVICE_UDID" = "FC885847-FA75-44D5-8040-274CAA064DB8";
        "SQLITE_ENABLE_THREAD_ASSERTIONS" = 1;
        TERM = dumb;
        "XCODE_SCHEME_NAME" = TennerGrid;
        "XCODE_TEST_PLAN_NAME" = TennerGrid;
        XCTestBundleInjectPath = "/usr/lib/libRPAC.dylib:/Library/Developer/CoreSimulator/Volumes/iOS_23C54/Library/Developer/CoreSimulator/Profiles/Runtimes/iOS 26.2.simruntime/Contents/Resources/RuntimeRoot/usr/lib/libMainThreadChecker.dylib:/usr/lib/libRPAC.dylib";
        XCTestBundlePath = "PlugIns/TennerGridUITests.xctest";
        XCTestConfigurationFilePath = "";
        XCTestSessionIdentifier = "9A52899C-9925-4BEC-9F59-D455F6FAF0C0";
        "__XCODE_BUILT_PRODUCTS_DIR_PATHS" = "/Users/einar/Library/Developer/Xcode/DerivedData/TennerGrid-aimlkqfbjtqasngddjpdfhoorkje/Build/Products/Debug-iphonesimulator";
        "__XPC_DYLD_FRAMEWORK_PATH" = "/Users/einar/Library/Developer/Xcode/DerivedData/TennerGrid-aimlkqfbjtqasngddjpdfhoorkje/Build/Products/Debug-iphonesimulator";
        "__XPC_DYLD_LIBRARY_PATH" = "/Users/einar/Library/Developer/Xcode/DerivedData/TennerGrid-aimlkqfbjtqasngddjpdfhoorkje/Build/Products/Debug-iphonesimulator";
        "__XPC_LLVM_PROFILE_FILE" = "/var/folders/wq/g_h3kyfd3yn7ht6jvt7lnrgh0000gn/T/com.tennergrid.TennerGridUITests.xctrunner/5B5733F2-EE94-4C27-A65D-2F3B788A306F-53327-00000DA6A7F96211/348E1E0E-557A-44AD-9A88-F94B940202A9-%p%c.profraw";
    };
    stderr = "/dev/ttys042";
    stdout = "/dev/ttys042";
    "terminate_running_process" = 1;
    "wait_for_debugger" = 1;
} (error = Error Domain=NSMachErrorDomain Code=-308 "(ipc/mig) server died")
d (53978)' (0.000 seconds)
Test case 'GameActionTests/descriptionSetValue()' passed on 'Clone 2 of iPhone 17 - TennerGrid (53978)' (0.000 seconds)
Test case 'AchievementTests/progressPercentageZero()' passed on 'Clone 2 of iPhone 17 - TennerGrid (53978)' (0.000 seconds)
Test case 'GameStatisticsTests/formattedTotalTimeWithHours()' passed on 'Clone 2 of iPhone 17 - TennerGrid (53978)' (0.000 seconds)
Test case 'GameActionTests/madeChangesPencilMarks()' passed on 'Clone 2 of iPhone 17 - TennerGrid (53978)' (0.000 seconds)
Test case 'GameActionTests/codableDecodingSetValue()' passed on 'Clone 2 of iPhone 17 - TennerGrid (53978)' (0.000 seconds)
Test case 'CellTests/codableDecoding()' passed on 'Clone 2 of iPhone 17 - TennerGrid (53978)' (0.000 seconds)
Test case 'GameActionTests/basicInitialization()' passed on 'Clone 2 of iPhone 17 - TennerGrid (53978)' (0.000 seconds)
Test case 'GameActionTests/changedValueNilToValue()' passed on 'Clone 2 of iPhone 17 - TennerGrid (53978)' (0.000 seconds)
Test case 'TennerGridUITestsLaunchTests.testLaunch()' passed on 'Clone 1 of iPhone 17 - TennerGridUITests-Runner (53818)' (7.019 seconds)
Test suite 'TennerGridUITests' started on 'Clone 1 of iPhone 17 - TennerGridUITests-Runner (53818)'
Test case 'TennerGridPuzzleTests/codableEncoding()' passed on 'Clone 2 of iPhone 17 - TennerGrid (53978)' (0.000 seconds)
Test case 'GameActionTests/changedValueValueToNil()' passed on 'Clone 2 of iPhone 17 - TennerGrid (53978)' (0.000 seconds)
Test case 'TennerGridPuzzleTests/invalidRowCountTooLarge()' passed on 'Clone 2 of iPhone 17 - TennerGrid (53978)' (0.000 seconds)
Test case 'GameActionTests/codableEncodingWithPencilMarks()' passed on 'Clone 2 of iPhone 17 - TennerGrid (53978)' (0.000 seconds)
Test case 'GameActionTests/clearValueFactoryMethod()' passed on 'Clone 2 of iPhone 17 - TennerGrid (53978)' (0.000 seconds)
Test case 'GameStatisticsTests/resetClearsAllStatistics()' passed on 'Clone 2 of iPhone 17 - TennerGrid (53978)' (0.000 seconds)
Test case 'CellTests/codableEncoding()' passed on 'Clone 2 of iPhone 17 - TennerGrid (53978)' (0.000 seconds)
Test case 'GameActionTests/inverseClearValue()' passed on 'Clone 2 of iPhone 17 - TennerGrid (53978)' (0.000 seconds)
Test case 'GameActionTests/changedValueFalse()' passed on 'Clone 2 of iPhone 17 - TennerGrid (53978)' (0.000 seconds)
Test case 'TennerGridPuzzleTests/createdAtDefaultsToNow()' passed on 'Clone 2 of iPhone 17 - TennerGrid (53978)' (0.000 seconds)
Test case 'GameActionTests/actionChainInverseRestoresOriginal()' passed on 'Clone 2 of iPhone 17 - TennerGrid (53978)' (0.000 seconds)
Test case 'AchievementTests/isVisibleWhenHiddenAndLocked()' passed on 'Clone 2 of iPhone 17 - TennerGrid (53978)' (0.000 seconds)
Test case 'TennerGridPuzzleTests/maximumSizePuzzle()' passed on 'Clone 2 of iPhone 17 - TennerGrid (53978)' (0.000 seconds)
Test case 'GameActionTests/initializationWithCustomTimestamp()' passed on 'Clone 2 of iPhone 17 - TennerGrid (53978)' (0.000 seconds)
Test case 'GameActionTests/madeChangesNone()' passed on 'Clone 2 of iPhone 17 - TennerGrid (53978)' (0.000 seconds)
Test case 'AchievementTests/categoryDisplayNames()' passed on 'Clone 2 of iPhone 17 - TennerGrid (53978)' (0.000 seconds)
Test case 'AchievementTests/displayTitleWhenNotHidden()' passed on 'Clone 2 of iPhone 17 - TennerGrid (53978)' (0.000 seconds)
Test case 'AchievementTests/progressPercentagePartial()' passed on 'Clone 2 of iPhone 17 - TennerGrid (53978)' (0.000 seconds)
Test case 'TennerGridPuzzleTests/testPrefilledPercentage()' passed on 'Clone 2 of iPhone 17 - TennerGrid (53978)' (0.000 seconds)
Test case 'AchievementTests/initializationWithDefaults()' passed on 'Clone 2 of iPhone 17 - TennerGrid (53978)' (0.000 seconds)
Test case 'GameActionTests/changedPencilMarksTrue()' passed on 'Clone 2 of iPhone 17 - TennerGrid (53978)' (0.000 seconds)
Test case 'TennerGridPuzzleTests/testCustomID()' passed on 'Clone 2 of iPhone 17 - TennerGrid (53978)' (0.000 seconds)
Test case 'GameActionTests/codableRoundTripAllActionTypes()' passed on 'Clone 2 of iPhone 17 - TennerGrid (53978)' (0.000 seconds)
Test case 'TennerGridPuzzleTests/codableRoundTrip()' passed on 'Clone 2 of iPhone 17 - TennerGrid (53978)' (0.000 seconds)
Test case 'GameActionTests/inversePencilMarks()' passed on 'Clone 2 of iPhone 17 - TennerGrid (53978)' (0.000 seconds)
Test case 'TennerGridPuzzleTests/allDifficulties()' passed on 'Clone 2 of iPhone 17 - TennerGrid (53978)' (0.000 seconds)
Test case 'AchievementTests/updateProgressWhenAlreadyUnlocked()' passed on 'Clone 2 of iPhone 17 - TennerGrid (53978)' (1.000 seconds)
Test case 'TennerGridPuzzleTests/invalidSolutionRowCount()' passed on 'Clone 2 of iPhone 17 - TennerGrid (53978)' (1.000 seconds)
Test case 'DifficultyTests/identifiable()' passed on 'Clone 2 of iPhone 17 - TennerGrid (53978)' (1.000 seconds)
Test case 'GameStateTests/formattedTimeZero()' passed on 'Clone 2 of iPhone 17 - TennerGrid (53978)' (1.000 seconds)
Test case 'AchievementTests/equalityWithDifferentIds()' passed on 'Clone 2 of iPhone 17 - TennerGrid (53978)' (1.000 seconds)
Test case 'DifficultyTests/rawValues()' passed on 'Clone 2 of iPhone 17 - TennerGrid (53978)' (1.000 seconds)
Test case 'TennerGridPuzzleTests/prefilledCountEmpty()' passed on 'Clone 2 of iPhone 17 - TennerGrid (53978)' (1.000 seconds)
Test case 'AchievementTests/displayIconNameWhenUnlocked()' passed on 'Clone 2 of iPhone 17 - TennerGrid (53978)' (1.000 seconds)
Test case 'TennerGridPuzzleTests/testTotalCells()' passed on 'Clone 2 of iPhone 17 - TennerGrid (53978)' (1.000 seconds)
Test case 'GameStateTests/initializationWithCustomStartDate()' passed on 'Clone 2 of iPhone 17 - TennerGrid (53978)' (1.000 seconds)
Test case 'DifficultyTests/testEstimatedMinutes()' passed on 'Clone 2 of iPhone 17 - TennerGrid (53978)' (1.000 seconds)
Test case 'TennerGridPuzzleTests/invalidInitialGridColumnCount()' passed on 'Clone 2 of iPhone 17 - TennerGrid (53978)' (1.000 seconds)
Test case 'DifficultyTests/testPoints()' passed on 'Clone 2 of iPhone 17 - TennerGrid (53978)' (1.000 seconds)
Test case 'DifficultyTests/codableRoundTrip()' passed on 'Clone 2 of iPhone 17 - TennerGrid (53978)' (1.000 seconds)
Test case 'TennerGridPuzzleTests/prefilledCountFull()' passed on 'Clone 2 of iPhone 17 - TennerGrid (53978)' (1.000 seconds)
Test case 'AchievementTests/firstGameAchievementExists()' passed on 'Clone 2 of iPhone 17 - TennerGrid (53978)' (1.000 seconds)
Test case 'TennerGridPuzzleTests/equality()' passed on 'Clone 2 of iPhone 17 - TennerGrid (53978)' (1.000 seconds)
Test case 'TennerGridPuzzleTests/uUIDIsGenerated()' passed on 'Clone 2 of iPhone 17 - TennerGrid (53978)' (1.000 seconds)
Test case 'DifficultyTests/pointsArePositive()' passed on 'Clone 2 of iPhone 17 - TennerGrid (53978)' (1.000 seconds)
Test case 'AchievementTests/updateProgressToCompletion()' passed on 'Clone 2 of iPhone 17 - TennerGrid (53978)' (1.000 seconds)
Test case 'GameActionTests/setValueFactoryMethodWithExistingValue()' passed on 'Clone 2 of iPhone 17 - TennerGrid (53978)' (1.000 seconds)
Test case 'TennerGridPuzzleTests/testSolutionValue()' passed on 'Clone 2 of iPhone 17 - TennerGrid (53978)' (1.000 seconds)
Test case 'AchievementTests/displayIconNameWhenHiddenAndLocked()' passed on 'Clone 2 of iPhone 17 - TennerGrid (53978)' (1.000 seconds)
Test case 'AchievementTests/resetClearsProgress()' passed on 'Clone 2 of iPhone 17 - TennerGrid (53978)' (0.000 seconds)
Test case 'AchievementTests/formattedUnlockDateWhenNotUnlocked()' passed on 'Clone 2 of iPhone 17 - TennerGrid (53978)' (1.000 seconds)
Test case 'DifficultyTests/codableDecoding()' passed on 'Clone 2 of iPhone 17 - TennerGrid (53978)' (1.000 seconds)
Test case 'DifficultyTests/prefilledPercentagesAreDescending()' passed on 'Clone 2 of iPhone 17 - TennerGrid (53978)' (1.000 seconds)
Test case 'DifficultyTests/prefilledPercentages()' passed on 'Clone 2 of iPhone 17 - TennerGrid (53978)' (1.000 seconds)
Test case 'TennerGridPuzzleTests/testDescription()' passed on 'Clone 2 of iPhone 17 - TennerGrid (53978)' (1.000 seconds)
Test case 'TennerGridPuzzleTests/invalidSolutionValueNegative()' passed on 'Clone 2 of iPhone 17 - TennerGrid (53978)' (1.000 seconds)
Test case 'AchievementTests/isVisibleWhenNotHidden()' passed on 'Clone 2 of iPhone 17 - TennerGrid (53978)' (1.000 seconds)
Test case 'AchievementTests/allAchievementsHaveValidPoints()' passed on 'Clone 2 of iPhone 17 - TennerGrid (53978)' (1.000 seconds)
Test case 'DifficultyTests/codableEncoding()' passed on 'Clone 2 of iPhone 17 - TennerGrid (53978)' (1.000 seconds)
Test case 'AchievementTests/calculatorAchievementIsHidden()' passed on 'Clone 2 of iPhone 17 - TennerGrid (53978)' (1.000 seconds)
Test case 'AchievementTests/displayTitleWhenHiddenAndLocked()' passed on 'Clone 2 of iPhone 17 - TennerGrid (53978)' (1.000 seconds)
Test case 'TennerGridPuzzleTests/defaultInitialization()' passed on 'Clone 2 of iPhone 17 - TennerGrid (53978)' (1.000 seconds)
Test case 'TennerGridPuzzleTests/invalidSolutionValueTooLarge()' passed on 'Clone 2 of iPhone 17 - TennerGrid (53978)' (1.000 seconds)
Test case 'AchievementTests/currentValueCalculation()' passed on 'Clone 2 of iPhone 17 - TennerGrid (53978)' (1.000 seconds)
Test case 'GameActionTests/codableEncodingSetValue()' passed on 'Clone 2 of iPhone 17 - TennerGrid (53978)' (1.000 seconds)
Test case 'DifficultyTests/pointsAreAscending()' passed on 'Clone 2 of iPhone 17 - TennerGrid (53978)' (1.000 seconds)
Test case 'TennerGridPuzzleTests/codableDecoding()' passed on 'Clone 2 of iPhone 17 - TennerGrid (53978)' (1.000 seconds)
Test case 'AchievementTests/progressText()' passed on 'Clone 2 of iPhone 17 - TennerGrid (53978)' (1.000 seconds)
Test case 'TennerGridPuzzleTests/testEmptyCellCount()' passed on 'Clone 2 of iPhone 17 - TennerGrid (53978)' (1.000 seconds)
Test case 'DifficultyTests/displayNames()' passed on 'Clone 2 of iPhone 17 - TennerGrid (53978)' (1.000 seconds)
Test case 'TennerGridPuzzleTests/solutionValueOutOfBounds()' passed on 'Clone 2 of iPhone 17 - TennerGrid (53978)' (1.000 seconds)
Test case 'DifficultyTests/allCasesCount()' passed on 'Clone 2 of iPhone 17 - TennerGrid (53978)' (1.000 seconds)
Test case 'AchievementTests/progressUpdateBackwards()' passed on 'Clone 2 of iPhone 17 - TennerGrid (53978)' (1.000 seconds)
Test case 'TennerGridPuzzleTests/invalidTargetSumsCount()' passed on 'Clone 2 of iPhone 17 - TennerGrid (53978)' (1.000 seconds)
Test case 'DifficultyTests/estimatedMinutesArePositive()' passed on 'Clone 2 of iPhone 17 - TennerGrid (53978)' (1.000 seconds)
Test case 'DifficultyTests/descriptions()' passed on 'Clone 2 of iPhone 17 - TennerGrid (53978)' (1.000 seconds)
Test case 'TennerGridPuzzleTests/invalidTargetSumsNegative()' passed on 'Clone 2 of iPhone 17 - TennerGrid (53978)' (1.000 seconds)
Test case 'AchievementTests/streakAchievementsExist()' passed on 'Clone 2 of iPhone 17 - TennerGrid (53978)' (1.000 seconds)
Test case 'AchievementTests/basicInitialization()' passed on 'Clone 2 of iPhone 17 - TennerGrid (53978)' (0.000 seconds)
Test case 'GameStateTests/descriptionContainsKeyInfo()' passed on 'Clone 2 of iPhone 17 - TennerGrid (53978)' (1.000 seconds)
Test case 'TennerGridPuzzleTests/invalidColumnCountTooSmall()' passed on 'Clone 2 of iPhone 17 - TennerGrid (53978)' (1.000 seconds)
Test case 'AchievementTests/categoryIconNames()' passed on 'Clone 2 of iPhone 17 - TennerGrid (53978)' (1.000 seconds)
Test case 'TennerGridPuzzleTests/validPuzzle()' passed on 'Clone 2 of iPhone 17 - TennerGrid (53978)' (1.000 seconds)
Test case 'DifficultyTests/colors()' passed on 'Clone 2 of iPhone 17 - TennerGrid (53978)' (1.000 seconds)
Test case 'DifficultyTests/difficultyConsistency()' passed on 'Clone 2 of iPhone 17 - TennerGrid (53978)' (1.000 seconds)
Test case 'AchievementTests/displayTitleWhenUnlocked()' passed on 'Clone 2 of iPhone 17 - TennerGrid (53978)' (1.000 seconds)
Test case 'TennerGridPuzzleTests/testIsValidPosition()' passed on 'Clone 2 of iPhone 17 - TennerGrid (53978)' (1.000 seconds)
Test case 'DifficultyTests/prefilledPercentagesAreValid()' passed on 'Clone 2 of iPhone 17 - TennerGrid (53978)' (1.000 seconds)
Test case 'TennerGridPuzzleTests/invalidSolutionColumnCount()' passed on 'Clone 2 of iPhone 17 - TennerGrid (53978)' (1.000 seconds)
Test case 'DifficultyTests/allCasesOrder()' passed on 'Clone 2 of iPhone 17 - TennerGrid (53978)' (1.000 seconds)
Test case 'AchievementTests/unlockWhenAlreadyUnlockedDoesNothing()' passed on 'Clone 2 of iPhone 17 - TennerGrid (53978)' (1.000 seconds)
Test case 'TennerGridPuzzleTests/customCreatedAt()' passed on 'Clone 2 of iPhone 17 - TennerGrid (53978)' (1.000 seconds)
Test case 'AchievementTests/identifiableIdProperty()' passed on 'Clone 2 of iPhone 17 - TennerGrid (53978)' (1.000 seconds)
Test case 'DifficultyTests/descriptionsAreNotEmpty()' passed on 'Clone 2 of iPhone 17 - TennerGrid (53978)' (1.000 seconds)
Test case 'TennerGridPuzzleTests/equalityWithSameID()' passed on 'Clone 2 of iPhone 17 - TennerGrid (53978)' (1.000 seconds)
Test case 'TennerGridPuzzleTests/invalidInitialGridDoesNotMatchSolution()' passed on 'Clone 2 of iPhone 17 - TennerGrid (53978)' (1.000 seconds)
Test case 'DifficultyTests/estimatedMinutesAreAscending()' passed on 'Clone 2 of iPhone 17 - TennerGrid (53978)' (1.000 seconds)
Test case 'AchievementTests/progressiveAchievementsHaveCorrectTargets()' passed on 'Clone 2 of iPhone 17 - TennerGrid (53978)' (1.000 seconds)
Test case 'AchievementTests/progressiveFactoryMethod()' passed on 'Clone 2 of iPhone 17 - TennerGrid (53978)' (1.000 seconds)
Test case 'TennerGridPuzzleTests/invalidTargetSumsZero()' passed on 'Clone 2 of iPhone 17 - TennerGrid (53978)' (1.000 seconds)
Test case 'AchievementTests/isVisibleWhenHiddenButUnlocked()' passed on 'Clone 2 of iPhone 17 - TennerGrid (53978)' (1.000 seconds)
Test case 'TennerGridPuzzleTests/testInitialValue()' passed on 'Clone 2 of iPhone 17 - TennerGrid (53978)' (1.000 seconds)
Test case 'GameStateTests/isGridCompleteWithEmptyGrid()' passed on 'Clone 2 of iPhone 17 - TennerGrid (53978)' (1.000 seconds)
Test case 'GameStateTests/setValueToNilClearsCell()' passed on 'Clone 2 of iPhone 17 - TennerGrid (53978)' (1.000 seconds)
Test case 'AchievementTests/categoryAllCases()' passed on 'Clone 2 of iPhone 17 - TennerGrid (53978)' (1.000 seconds)
Test case 'AchievementTests/allAchievementsHaveUniqueIds()' passed on 'Clone 2 of iPhone 17 - TennerGrid (53978)' (1.000 seconds)
Test case 'TennerGridPuzzleTests/testIsPrefilled()' passed on 'Clone 2 of iPhone 17 - TennerGrid (53978)' (1.000 seconds)
Test case 'GameStateTests/stateTransitionsForGameFlow()' passed on 'Clone 2 of iPhone 17 - TennerGrid (53978)' (1.000 seconds)
Test case 'TennerGridPuzzleTests/initialValueOutOfBounds()' passed on 'Clone 2 of iPhone 17 - TennerGrid (53978)' (1.000 seconds)
Test case 'AchievementTests/progressPercentageFull()' passed on 'Clone 2 of iPhone 17 - TennerGrid (53978)' (1.000 seconds)
Test case 'AchievementTests/equalityWithIdenticalAchievements()' passed on 'Clone 2 of iPhone 17 - TennerGrid (53978)' (1.000 seconds)
Test case 'TennerGridPuzzleTests/prefilledPercentageEmpty()' passed on 'Clone 2 of iPhone 17 - TennerGrid (53978)' (1.000 seconds)
Test case 'AchievementTests/oneTimeFactoryMethod()' passed on 'Clone 2 of iPhone 17 - TennerGrid (53978)' (1.000 seconds)
Test case 'AchievementTests/equalityAfterUnlock()' passed on 'Clone 2 of iPhone 17 - TennerGrid (53978)' (1.000 seconds)
Test case 'AchievementTests/veryLargeTargetValue()' passed on 'Clone 2 of iPhone 17 - TennerGrid (53978)' (1.000 seconds)
Test case 'AchievementTests/allAchievementsCount()' passed on 'Clone 2 of iPhone 17 - TennerGrid (53978)' (1.000 seconds)
Test case 'AchievementTests/multipleProgressUpdates()' passed on 'Clone 2 of iPhone 17 - TennerGrid (53978)' (1.000 seconds)
Test case 'AchievementTests/updateProgressBeyondTarget()' passed on 'Clone 2 of iPhone 17 - TennerGrid (53978)' (1.000 seconds)
Test case 'AchievementTests/unlockSetsFlags()' passed on 'Clone 2 of iPhone 17 - TennerGrid (53978)' (1.000 seconds)
Test case 'AchievementTests/displayDescriptionWhenHiddenAndLocked()' passed on 'Clone 2 of iPhone 17 - TennerGrid (53978)' (1.000 seconds)
Test case 'AchievementTests/oneTimeHiddenFactoryMethod()' passed on 'Clone 2 of iPhone 17 - TennerGrid (53978)' (1.000 seconds)
Test case 'AchievementTests/formattedUnlockDateWhenUnlocked()' passed on 'Clone 2 of iPhone 17 - TennerGrid (53978)' (1.000 seconds)
Test case 'GameStateTests/isGridCompleteWithPartialGrid()' passed on 'Clone 2 of iPhone 17 - TennerGrid (53978)' (1.000 seconds)
Test case 'TennerGridPuzzleTests/prefilledPercentageFull()' passed on 'Clone 2 of iPhone 17 - TennerGrid (53978)' (1.000 seconds)
Test case 'AchievementTests/displayDescriptionWhenUnlocked()' passed on 'Clone 2 of iPhone 17 - TennerGrid (53978)' (1.000 seconds)
Test case 'GameStateTests/setValueOnPrefilledCellDoesNothing()' passed on 'Clone 2 of iPhone 17 - TennerGrid (53978)' (1.000 seconds)
Test case 'TennerGridPuzzleTests/testPrefilledCount()' passed on 'Clone 2 of iPhone 17 - TennerGrid (53978)' (1.000 seconds)
Test case 'TennerGridPuzzleTests/invalidColumnCountTooLarge()' passed on 'Clone 2 of iPhone 17 - TennerGrid (53978)' (1.000 seconds)
Test case 'AchievementTests/updateProgressFromZero()' passed on 'Clone 2 of iPhone 17 - TennerGrid (53978)' (1.000 seconds)
Test case 'AchievementTests/speedAchievementsExist()' passed on 'Clone 2 of iPhone 17 - TennerGrid (53978)' (1.000 seconds)
Test case 'GameStateTests/clearCellRemovesValueAndMarks()' passed on 'Clone 2 of iPhone 17 - TennerGrid (53978)' (1.000 seconds)
Test case 'GameActionTests/codableRoundTrip()' passed on 'Clone 2 of iPhone 17 - TennerGrid (53978)' (1.000 seconds)
Test case 'GameStateTests/checkSolutionWithCompleteSolution()' passed on 'Clone 2 of iPhone 17 - TennerGrid (53978)' (1.000 seconds)
Test case 'AchievementTests/zeroTargetValue()' passed on 'Clone 2 of iPhone 17 - TennerGrid (53978)' (1.000 seconds)
Test case 'GameStateTests/setValueOnEmptyCell()' passed on 'Clone 2 of iPhone 17 - TennerGrid (53978)' (1.000 seconds)
Test case 'GameStateTests/setPencilMarksOnFilledCellDoesNothing()' passed on 'Clone 2 of iPhone 17 - TennerGrid (53978)' (1.000 seconds)
Test case 'GameStateTests/equalityWithDifferentPuzzles()' passed on 'Clone 2 of iPhone 17 - TennerGrid (53978)' (1.000 seconds)
Test case 'GameStateTests/setPencilMarksOnPrefilledCellDoesNothing()' passed on 'Clone 2 of iPhone 17 - TennerGrid (53978)' (1.000 seconds)
Test case 'GameStateTests/resumeClearsFlag()' passed on 'Clone 2 of iPhone 17 - TennerGrid (53978)' (1.000 seconds)
Test case 'GameStateTests/completeSetCompletionDate()' passed on 'Clone 2 of iPhone 17 - TennerGrid (53978)' (1.000 seconds)
Test case 'GameStateTests/filledCellCountWithEmptyGrid()' passed on 'Clone 2 of iPhone 17 - TennerGrid (53978)' (1.000 seconds)
Test case 'GameStateTests/emptyCellCount()' passed on 'Clone 2 of iPhone 17 - TennerGrid (53978)' (1.000 seconds)
Test case 'GameStateTests/addTimeIncreasesElapsedTime()' passed on 'Clone 2 of iPhone 17 - TennerGrid (53978)' (1.000 seconds)
Test case 'GameStateTests/selectCell()' passed on 'Clone 2 of iPhone 17 - TennerGrid (53978)' (1.000 seconds)
Test case 'GameStateTests/useHintIncrementsCount()' passed on 'Clone 2 of iPhone 17 - TennerGrid (53978)' (1.000 seconds)
Test case 'TennerGridPuzzleTests/invalidRowCountTooSmall()' passed on 'Clone 2 of iPhone 17 - TennerGrid (53978)' (1.000 seconds)
Test case 'GameStateTests/checkSolutionWithEmptyGrid()' passed on 'Clone 2 of iPhone 17 - TennerGrid (53978)' (1.000 seconds)
Test case 'GameStateTests/equalityAfterModification()' passed on 'Clone 2 of iPhone 17 - TennerGrid (53978)' (1.000 seconds)
Test case 'AchievementTests/updateProgressPartial()' passed on 'Clone 2 of iPhone 17 - TennerGrid (53978)' (1.000 seconds)
Test case 'AchievementTests/descriptionContainsKeyInfo()' passed on 'Clone 2 of iPhone 17 - TennerGrid (53978)' (1.000 seconds)
Test case 'TennerGridPuzzleTests/invalidInitialGridRowCount()' passed on 'Clone 2 of iPhone 17 - TennerGrid (53978)' (1.000 seconds)
Test case 'GameStateTests/isCorrectlyCompletedWithPartialCorrectGrid()' passed on 'Clone 2 of iPhone 17 - TennerGrid (53978)' (1.000 seconds)
Test case 'AchievementTests/descriptionForHiddenAchievement()' passed on 'Clone 2 of iPhone 17 - TennerGrid (53978)' (1.000 seconds)
Test case 'GameStateTests/filledCellCountWithPartiallyFilled()' passed on 'Clone 2 of iPhone 17 - TennerGrid (53978)' (1.000 seconds)
Test case 'GameStateTests/setValueClearsPencilMarks()' passed on 'Clone 2 of iPhone 17 - TennerGrid (53978)' (1.000 seconds)
Test case 'GameStateTests/checkSolutionWithCorrectPartialSolution()' passed on 'Clone 2 of iPhone 17 - TennerGrid (53978)' (1.000 seconds)
Test case 'TennerGridPuzzleTests/minimumSizePuzzle()' passed on 'Clone 2 of iPhone 17 - TennerGrid (53978)' (1.000 seconds)
Test case 'GameStateTests/setPencilMarksWithEmptySetClearsMarks()' passed on 'Clone 2 of iPhone 17 - TennerGrid (53978)' (1.000 seconds)
Test case 'GameStateTests/recordErrorIncrementsCount()' passed on 'Clone 2 of iPhone 17 - TennerGrid (53978)' (1.000 seconds)
Test case 'GameStateTests/completeMarksAsCompleted()' passed on 'Clone 2 of iPhone 17 - TennerGrid (53978)' (1.000 seconds)
Test case 'GameStateTests/togglePencilMarkWithInvalidNumberDoesNothing()' passed on 'Clone 2 of iPhone 17 - TennerGrid (53978)' (1.000 seconds)
Test case 'GameStateTests/setValueOnInvalidPositionDoesNothing()' passed on 'Clone 2 of iPhone 17 - TennerGrid (53978)' (1.000 seconds)
Test case 'GameStateTests/canResumeWhenNotCompleted()' passed on 'Clone 2 of iPhone 17 - TennerGrid (53978)' (1.000 seconds)
Test case 'GameStateTests/isEditableForPrefilledCell()' passed on 'Clone 2 of iPhone 17 - TennerGrid (53978)' (1.000 seconds)
Test case 'GameStateTests/progressWithAllFilledCells()' passed on 'Clone 2 of iPhone 17 - TennerGrid (53978)' (1.000 seconds)
Test case 'GameStateTests/checkSolutionWithIncorrectValue()' passed on 'Clone 2 of iPhone 17 - TennerGrid (53978)' (1.000 seconds)
Test case 'GameStateTests/valueAtInvalidPositionReturnsNil()' passed on 'Clone 2 of iPhone 17 - TennerGrid (53978)' (1.000 seconds)
Test case 'GameStateTests/formattedTimeMinutesAndSeconds()' passed on 'Clone 2 of iPhone 17 - TennerGrid (53978)' (1.000 seconds)
Test case 'GameStateTests/isGridCompleteWithFullGrid()' passed on 'Clone 2 of iPhone 17 - TennerGrid (53978)' (1.000 seconds)
Test case 'GameStateTests/isCorrectlyCompletedWithFullIncorrectGrid()' passed on 'Clone 2 of iPhone 17 - TennerGrid (53978)' (1.000 seconds)
Test case 'GameStateTests/cannotResumeWithNoProgress()' passed on 'Clone 2 of iPhone 17 - TennerGrid (53978)' (1.000 seconds)
Test case 'GameStateTests/isSelectedChecksCurrentSelection()' passed on 'Clone 2 of iPhone 17 - TennerGrid (53978)' (1.000 seconds)
Test case 'GameStateTests/pauseSetsFlag()' passed on 'Clone 2 of iPhone 17 - TennerGrid (53978)' (1.000 seconds)
Test case 'GameStateTests/newFactoryMethod()' passed on 'Clone 2 of iPhone 17 - TennerGrid (53978)' (1.000 seconds)
Test case 'GameStateTests/codableEncoding()' passed on 'Clone 2 of iPhone 17 - TennerGrid (53978)' (1.000 seconds)
Test case 'GameStateTests/togglePencilMarkRemovesExistingMark()' passed on 'Clone 2 of iPhone 17 - TennerGrid (53978)' (1.000 seconds)
Test case 'GameStateTests/equalityWithIdenticalStates()' passed on 'Clone 2 of iPhone 17 - TennerGrid (53978)' (1.000 seconds)
Test case 'GameStateTests/formattedTimeLargeValues()' passed on 'Clone 2 of iPhone 17 - TennerGrid (53978)' (1.000 seconds)
Test case 'GameStateTests/progressWithNoFilledCells()' passed on 'Clone 2 of iPhone 17 - TennerGrid (53978)' (1.000 seconds)
Test case 'GameStateTests/setPencilMarks()' passed on 'Clone 2 of iPhone 17 - TennerGrid (53978)' (1.000 seconds)
Test case 'GameStateTests/initializationSetsStartedAtToNow()' passed on 'Clone 2 of iPhone 17 - TennerGrid (53978)' (1.000 seconds)
Test case 'GameStateTests/cannotResumeWhenCompleted()' passed on 'Clone 2 of iPhone 17 - TennerGrid (53978)' (1.000 seconds)
Test case 'GameStateTests/modifyingLargeGrid()' passed on 'Clone 2 of iPhone 17 - TennerGrid (53978)' (1.000 seconds)
Test case 'GameStateTests/togglePencilMarkAddsNewMark()' passed on 'Clone 2 of iPhone 17 - TennerGrid (53978)' (1.000 seconds)
Test case 'GameStateTests/codableDecoding()' passed on 'Clone 2 of iPhone 17 - TennerGrid (53978)' (1.000 seconds)
Test case 'GameStateTests/setValueChangesExistingValue()' passed on 'Clone 2 of iPhone 17 - TennerGrid (53978)' (1.000 seconds)
Test case 'CellPositionTests/columnPositionsSingleRow()' passed on 'Clone 2 of iPhone 17 - TennerGrid (53978)' (1.000 seconds)
Test case 'GameStateTests/multipleOperationsSequence()' passed on 'Clone 2 of iPhone 17 - TennerGrid (53978)' (1.000 seconds)
Test case 'GameStateTests/valueAtPosition()' passed on 'Clone 2 of iPhone 17 - TennerGrid (53978)' (1.000 seconds)
Test case 'GameStateTests/isEditableForEmptyCell()' passed on 'Clone 2 of iPhone 17 - TennerGrid (53978)' (1.000 seconds)
Test case 'GameStateTests/filledCellCountExcludesPrefilledCells()' passed on 'Clone 2 of iPhone 17 - TennerGrid (53978)' (1.000 seconds)
Test case 'GameStateTests/isCorrectlyCompletedWithEmptyGrid()' passed on 'Clone 2 of iPhone 17 - TennerGrid (53978)' (1.000 seconds)
Test case 'GameStateTests/marksAtPosition()' passed on 'Clone 2 of iPhone 17 - TennerGrid (53978)' (1.000 seconds)
Test case 'CellPositionTests/isNotAdjacentSamePosition()' passed on 'Clone 2 of iPhone 17 - TennerGrid (53978)' (1.000 seconds)
Test case 'GameStatisticsTests/codableDecoding()' passed on 'Clone 2 of iPhone 17 - TennerGrid (53978)' (1.000 seconds)
Test case 'GameStateTests/isEmptyChecks()' passed on 'Clone 2 of iPhone 17 - TennerGrid (53978)' (1.000 seconds)
Test case 'TennerGridTests/example()' passed on 'Clone 2 of iPhone 17 - TennerGrid (53978)' (1.000 seconds)
Test case 'CellPositionTests/adjacentPositionsLeftEdge()' passed on 'Clone 2 of iPhone 17 - TennerGrid (53978)' (1.000 seconds)
Test case 'CellPositionTests/isAdjacentHorizontal()' passed on 'Clone 2 of iPhone 17 - TennerGrid (53978)' (1.000 seconds)
Test case 'GameStateTests/selectCellWithNilClearsSelection()' passed on 'Clone 2 of iPhone 17 - TennerGrid (53978)' (1.000 seconds)
Test case 'CellPositionTests/testDescription()' passed on 'Clone 2 of iPhone 17 - TennerGrid (53978)' (1.000 seconds)
Test case 'CellPositionTests/adjacentPositionsInSmallGrid()' passed on 'Clone 2 of iPhone 17 - TennerGrid (53978)' (1.000 seconds)
Test case 'CellPositionTests/testRowPositions()' passed on 'Clone 2 of iPhone 17 - TennerGrid (53978)' (1.000 seconds)
Test case 'CellPositionTests/initialization()' passed on 'Clone 2 of iPhone 17 - TennerGrid (53978)' (1.000 seconds)
Test case 'GameStateTests/progressWithPartiallyFilled()' passed on 'Clone 2 of iPhone 17 - TennerGrid (53978)' (1.000 seconds)
Test case 'GameStateTests/isCorrectlyCompletedWithFullCorrectGrid()' passed on 'Clone 2 of iPhone 17 - TennerGrid (53978)' (1.000 seconds)
Test case 'CellPositionTests/isAdjacentVertical()' passed on 'Clone 2 of iPhone 17 - TennerGrid (53978)' (1.000 seconds)
Test case 'CellPositionTests/rowPositionsSingleColumn()' passed on 'Clone 2 of iPhone 17 - TennerGrid (53978)' (1.000 seconds)
Test case 'CellPositionTests/descriptionZero()' passed on 'Clone 2 of iPhone 17 - TennerGrid (53978)' (1.000 seconds)
Test case 'CellPositionTests/codableEncoding()' passed on 'Clone 2 of iPhone 17 - TennerGrid (53978)' (1.000 seconds)
Test case 'CellPositionTests/largeGridPositions()' passed on 'Clone 2 of iPhone 17 - TennerGrid (53978)' (1.000 seconds)
Test case 'CellPositionTests/codableRoundTrip()' passed on 'Clone 2 of iPhone 17 - TennerGrid (53978)' (1.000 seconds)
Test case 'GameStateTests/togglePencilMarkOnFilledCellDoesNothing()' passed on 'Clone 2 of iPhone 17 - TennerGrid (53978)' (1.000 seconds)
Test case 'CellPositionTests/adjacentPositionsTopLeftCorner()' passed on 'Clone 2 of iPhone 17 - TennerGrid (53978)' (1.000 seconds)
Test case 'CellPositionTests/zeroPosition()' passed on 'Clone 2 of iPhone 17 - TennerGrid (53978)' (1.000 seconds)
Test case 'CellPositionTests/adjacentPositionsTopEdge()' passed on 'Clone 2 of iPhone 17 - TennerGrid (53978)' (1.000 seconds)
Test case 'CellPositionTests/adjacentPositionsInSingleCellGrid()' passed on 'Clone 2 of iPhone 17 - TennerGrid (53978)' (1.000 seconds)
Test case 'CellPositionTests/testColumnPositions()' passed on 'Clone 2 of iPhone 17 - TennerGrid (53978)' (1.000 seconds)
Test case 'CellPositionTests/adjacentPositionsCenter()' passed on 'Clone 2 of iPhone 17 - TennerGrid (53978)' (1.000 seconds)
Test case 'CellPositionTests/isAdjacentDiagonal()' passed on 'Clone 2 of iPhone 17 - TennerGrid (53978)' (1.000 seconds)
Test case 'CellPositionTests/hashable()' passed on 'Clone 2 of iPhone 17 - TennerGrid (53978)' (1.000 seconds)
Test case 'GameStateTests/codableRoundTrip()' passed on 'Clone 2 of iPhone 17 - TennerGrid (53978)' (1.000 seconds)
Test case 'CellPositionTests/isAdjacentAllDirections()' passed on 'Clone 2 of iPhone 17 - TennerGrid (53978)' (1.000 seconds)
Test case 'GameStateTests/initializationWithDefaultValues()' passed on 'Clone 2 of iPhone 17 - TennerGrid (53978)' (1.000 seconds)
Test case 'CellPositionTests/adjacentPositionsBottomRightCorner()' passed on 'Clone 2 of iPhone 17 - TennerGrid (53978)' (1.000 seconds)
Test case 'CellPositionTests/equality()' passed on 'Clone 2 of iPhone 17 - TennerGrid (53978)' (1.000 seconds)
Test case 'CellPositionTests/codableDecoding()' passed on 'Clone 2 of iPhone 17 - TennerGrid (53978)' (1.000 seconds)
Test case 'CellTests/codableRoundTrip()' passed on 'Clone 2 of iPhone 17 - TennerGrid (53978)' (1.000 seconds)
Test case 'GameStatisticsTests/codableEncoding()' passed on 'Clone 2 of iPhone 17 - TennerGrid (53978)' (1.000 seconds)
Test case 'GameStatisticsTests/codableRoundTrip()' passed on 'Clone 2 of iPhone 17 - TennerGrid (53978)' (1.000 seconds)
Test case 'AchievementTests/codableEncoding()' passed on 'Clone 2 of iPhone 17 - TennerGrid (53978)' (1.000 seconds)
Test case 'AchievementTests/codableDecoding()' passed on 'Clone 2 of iPhone 17 - TennerGrid (53978)' (1.000 seconds)
Test case 'CellPositionTests/isNotAdjacentTooFar()' passed on 'Clone 2 of iPhone 17 - TennerGrid (53978)' (1.000 seconds)
Test case 'AchievementTests/codableRoundTrip()' passed on 'Clone 2 of iPhone 17 - TennerGrid (53978)' (1.000 seconds)
Test case 'AchievementTests/codableRoundTripUnlockedAchievement()' passed on 'Clone 2 of iPhone 17 - TennerGrid (53978)' (1.000 seconds)
Test case 'TennerGridUITests.testExample()' passed on 'Clone 1 of iPhone 17 - TennerGridUITests-Runner (53818)' (3.927 seconds)
